[1,2]<stdout>:Epoch: [26][200/593]	Rate:[1.1999999514955562e-05, 0.00012000000424450263]	Loss 4.01666 (4.42434)	
[1,0]<stdout>:Epoch: [26][200/593]	Rate:[1.1999999514955562e-05, 0.00012000000424450263]	Loss 5.07483 (4.42883)	
[1,1]<stdout>:Epoch: [26][200/593]	Rate:[1.1999999514955562e-05, 0.00012000000424450263]	Loss 4.31636 (4.58823)	
[1,3]<stdout>:Epoch: [26][300/593]	Rate:[1.1999999514955562e-05, 0.00012000000424450263]	Loss 4.32387 (4.46814)	
[1,0]<stdout>:Epoch: [26][300/593]	Rate:[1.1999999514955562e-05, 0.00012000000424450263]	Loss 4.06292 (4.40935)	
[1,2]<stdout>:Epoch: [26][300/593]	Rate:[1.1999999514955562e-05, 0.00012000000424450263]	Loss 5.09993 (4.43511)	
[1,1]<stdout>:Epoch: [26][300/593]	Rate:[1.1999999514955562e-05, 0.00012000000424450263]	Loss 3.75430 (4.60752)	
[1,3]<stdout>:Epoch: [26][400/593]	Rate:[1.1999999514955562e-05, 0.00012000000424450263]	Loss 4.40262 (4.49371)	
[1,0]<stdout>:Epoch: [26][400/593]	Rate:[1.1999999514955562e-05, 0.00012000000424450263]	Loss 4.27868 (4.46742)	
[1,1]<stdout>:Epoch: [26][400/593]	Rate:[1.1999999514955562e-05, 0.00012000000424450263]	Loss 4.61841 (4.58011)	
[1,2]<stdout>:Epoch: [26][400/593]	Rate:[1.1999999514955562e-05, 0.00012000000424450263]	Loss 6.21086 (4.47205)	
[1,3]<stdout>:Epoch: [26][500/593]	Rate:[1.1999999514955562e-05, 0.00012000000424450263]	Loss 4.42458 (4.50608)	
[1,0]<stdout>:Epoch: [26][500/593]	Rate:[1.1999999514955562e-05, 0.00012000000424450263]	Loss 4.67298 (4.49029)	
[1,2]<stdout>:Epoch: [26][500/593]	Rate:[1.1999999514955562e-05, 0.00012000000424450263]	Loss 4.29610 (4.52237)	
[1,1]<stdout>:Epoch: [26][500/593]	Rate:[1.1999999514955562e-05, 0.00012000000424450263]	Loss 3.89577 (4.58412)	
[1,2]<stdout>:Epoch: [26][592/593]	Rate:[1.1999999514955562e-05, 0.00012000000424450263]	Loss 10.85568 (4.53445)	
[1,0]<stdout>:Epoch: [26][592/593]	Rate:[1.1999999514955562e-05, 0.00012000000424450263]	Loss 9.61617 (4.49409)	
[1,1]<stdout>:Epoch: [26][592/593]	Rate:[1.1999999514955562e-05, 0.00012000000424450263]	Loss 14.21751 (4.59835)	
[1,3]<stdout>:Epoch: [26][592/593]	Rate:[1.1999999514955562e-05, 0.00012000000424450263]	Loss 7.32962 (4.51140)	
[1,0]<stdout>:[Train] number: 28423 threshold: 0.05 score: 0.8109948595963002
[1,0]<stdout>:[Train] number: 28423 threshold: 0.06 score: 0.819046788807907
[1,0]<stdout>:[Train] number: 28423 threshold: 0.07 score: 0.8257341328186592
[1,0]<stdout>:[Train] number: 28423 threshold: 0.08 score: 0.8312185449328886
[1,0]<stdout>:[Train] number: 28423 threshold: 0.09 score: 0.8354171127208118
[1,0]<stdout>:[Train] number: 28423 threshold: 0.1 score: 0.8389638239601829
[1,0]<stdout>:[Train] number: 28423 threshold: 0.11 score: 0.8413663375556805
[1,0]<stdout>:[Train] number: 28423 threshold: 0.12 score: 0.8432760121940804
[1,0]<stdout>:[Train] number: 28423 threshold: 0.13 score: 0.8446955699314821
[1,0]<stdout>:[Train] number: 28423 threshold: 0.14 score: 0.8455372322551459
[1,0]<stdout>:[Train] number: 28423 threshold: 0.15 score: 0.8459471882559504
[1,3]<stdout>:[TEST]: 0/149	Loss 11.02350 (11.02350)
[1,2]<stdout>:[TEST]: 0/149	Loss 11.14161 (11.14161)
[1,1]<stdout>:[TEST]: 0/149	Loss 9.55383 (9.55383)
[1,0]<stdout>:[TEST]: 0/149	Loss 11.87338 (11.87338)
[1,2]<stdout>:[TEST]: 100/149	Loss 13.34706 (12.13376)
[1,3]<stdout>:[TEST]: 100/149	Loss 10.63608 (12.03818)
[1,1]<stdout>:[TEST]: 100/149	Loss 11.89816 (11.92071)
[1,0]<stdout>:[TEST]: 100/149	Loss 12.38108 (12.19251)
[1,2]<stdout>:[TEST]: 148/149	Loss 11.62045 (12.13339)
[1,3]<stdout>:[TEST]: 148/149	Loss 4.95041 (12.02247)
[1,1]<stdout>:[TEST]: 148/149	Loss 23.76405 (11.96523)
[1,0]<stdout>:[TEST]: 148/149	Loss 5.53467 (12.14125)
[1,0]<stdout>:[Test] number: 7107 threshold: 0.05 score: 0.6260003598308207
[1,0]<stdout>:[Test] number: 7107 threshold: 0.06 score: 0.6268529738001343
[1,0]<stdout>:[Test] number: 7107 threshold: 0.07 score: 0.6261015041445475
[1,0]<stdout>:[Test] number: 7107 threshold: 0.08 score: 0.6260947291697584
[1,0]<stdout>:[Test] number: 7107 threshold: 0.09 score: 0.6251309450404556
[1,0]<stdout>:[Test] number: 7107 threshold: 0.1 score: 0.6239292822181527
[1,0]<stdout>:[Test] number: 7107 threshold: 0.11 score: 0.6211805312605461
[1,0]<stdout>:[Test] number: 7107 threshold: 0.12 score: 0.6189840724910133
[1,0]<stdout>:[Test] number: 7107 threshold: 0.13 score: 0.6175008856485846
[1,0]<stdout>:[Test] number: 7107 threshold: 0.14 score: 0.615528721113338
[1,0]<stdout>:[Test] number: 7107 threshold: 0.15 score: 0.6134915731583804
[1,0]<stdout>:Epoch[26] LR: [1.1999999514955562e-05, 0.00012000000424450263] Time:870.848708 TrainLoss 4.494087 ValLoss 12.141255  Train_th 0.150000 Val_th 0.065000  Train_Score 0.845129 Val_Score 0.630153
[1,0]<stdout>:Epoch: [27][0/593]	Rate:[1.1999999514955562e-05, 0.00012000000424450263]	Loss 5.03942 (5.03942)	
[1,1]<stdout>:Epoch: [27][0/593]	Rate:[1.1999999514955562e-05, 0.00012000000424450263]	Loss 4.35141 (4.35141)	
[1,3]<stdout>:Epoch: [27][0/593]	Rate:[1.1999999514955562e-05, 0.00012000000424450263]	Loss 3.89286 (3.89286)	
[1,2]<stdout>:Epoch: [27][0/593]	Rate:[1.1999999514955562e-05, 0.00012000000424450263]	Loss 4.79260 (4.79260)	
[1,2]<stdout>:Epoch: [27][100/593]	Rate:[1.1999999514955562e-05, 0.00012000000424450263]	Loss 4.63635 (4.31045)	
[1,3]<stdout>:Epoch: [27][100/593]	Rate:[1.1999999514955562e-05, 0.00012000000424450263]	Loss 5.93827 (4.35888)	
[1,1]<stdout>:Epoch: [27][100/593]	Rate:[1.1999999514955562e-05, 0.00012000000424450263]	Loss 5.15692 (4.26817)	
[1,0]<stdout>:Epoch: [27][100/593]	Rate:[1.1999999514955562e-05, 0.00012000000424450263]	Loss 4.24961 (4.28490)	
[1,3]<stdout>:Epoch: [27][200/593]	Rate:[1.1999999514955562e-05, 0.00012000000424450263]	Loss 5.13655 (4.37087)	
[1,2]<stdout>:Epoch: [27][200/593]	Rate:[1.1999999514955562e-05, 0.00012000000424450263]	Loss 4.29065 (4.28576)	
[1,1]<stdout>:Epoch: [27][200/593]	Rate:[1.1999999514955562e-05, 0.00012000000424450263]	Loss 4.07421 (4.30202)	
[1,0]<stdout>:Epoch: [27][200/593]	Rate:[1.1999999514955562e-05, 0.00012000000424450263]	Loss 3.57271 (4.36504)	
[1,3]<stdout>:Epoch: [27][300/593]	Rate:[1.1999999514955562e-05, 0.00012000000424450263]	Loss 3.87972 (4.36665)	
[1,0]<stdout>:Epoch: [27][300/593]	Rate:[1.1999999514955562e-05, 0.00012000000424450263]	Loss 4.07599 (4.37548)	
[1,2]<stdout>:Epoch: [27][300/593]	Rate:[1.1999999514955562e-05, 0.00012000000424450263]	Loss 4.70426 (4.30161)	
[1,1]<stdout>:Epoch: [27][300/593]	Rate:[1.1999999514955562e-05, 0.00012000000424450263]	Loss 4.04941 (4.31728)	
[1,0]<stdout>:Epoch: [27][400/593]	Rate:[1.1999999514955562e-05, 0.00012000000424450263]	Loss 3.68305 (4.37507)	
[1,3]<stdout>:Epoch: [27][400/593]	Rate:[1.1999999514955562e-05, 0.00012000000424450263]	Loss 4.04785 (4.35951)	
[1,1]<stdout>:Epoch: [27][400/593]	Rate:[1.1999999514955562e-05, 0.00012000000424450263]	Loss 4.62325 (4.31791)	
[1,2]<stdout>:Epoch: [27][400/593]	Rate:[1.1999999514955562e-05, 0.00012000000424450263]	Loss 4.06660 (4.32851)	
[1,0]<stdout>:Epoch: [27][500/593]	Rate:[1.1999999514955562e-05, 0.00012000000424450263]	Loss 4.41657 (4.35633)	
[1,3]<stdout>:Epoch: [27][500/593]	Rate:[1.1999999514955562e-05, 0.00012000000424450263]	Loss 5.13078 (4.39646)	
[1,1]<stdout>:Epoch: [27][500/593]	Rate:[1.1999999514955562e-05, 0.00012000000424450263]	Loss 4.77710 (4.35492)	
[1,2]<stdout>:Epoch: [27][500/593]	Rate:[1.1999999514955562e-05, 0.00012000000424450263]	Loss 3.95635 (4.35562)	
[1,3]<stdout>:Epoch: [27][592/593]	Rate:[1.1999999514955562e-05, 0.00012000000424450263]	Loss 10.62065 (4.40141)	
[1,2]<stdout>:Epoch: [27][592/593]	Rate:[1.1999999514955562e-05, 0.00012000000424450263]	Loss 16.82780 (4.37469)	
[1,1]<stdout>:Epoch: [27][592/593]	Rate:[1.1999999514955562e-05, 0.00012000000424450263]	Loss 13.00773 (4.37300)	
[1,0]<stdout>:Epoch: [27][592/593]	Rate:[1.1999999514955562e-05, 0.00012000000424450263]	Loss 8.28756 (4.37343)	
[1,0]<stdout>:[Train] number: 28423 threshold: 0.05 score: 0.8167128422099159
[1,0]<stdout>:[Train] number: 28423 threshold: 0.06 score: 0.8250921907742569
[1,0]<stdout>:[Train] number: 28423 threshold: 0.07 score: 0.8320911856513089
[1,0]<stdout>:[Train] number: 28423 threshold: 0.08 score: 0.8372990242952092
[1,0]<stdout>:[Train] number: 28423 threshold: 0.09 score: 0.8413933736755274
[1,0]<stdout>:[Train] number: 28423 threshold: 0.1 score: 0.8449533429159092
[1,0]<stdout>:[Train] number: 28423 threshold: 0.11 score: 0.8475005440211348
[1,0]<stdout>:[Train] number: 28423 threshold: 0.12 score: 0.8494446817291039
[1,0]<stdout>:[Train] number: 28423 threshold: 0.13 score: 0.8508218463633439
[1,0]<stdout>:[Train] number: 28423 threshold: 0.14 score: 0.8515397305850525
[1,0]<stdout>:[Train] number: 28423 threshold: 0.15 score: 0.8518400862412372
[1,2]<stdout>:[TEST]: 0/149	Loss 11.10564 (11.10564)
[1,0]<stdout>:[TEST]: 0/149	Loss 11.74895 (11.74895)
[1,1]<stdout>:[TEST]: 0/149	Loss 9.64539 (9.64539)
[1,3]<stdout>:[TEST]: 0/149	Loss 11.56193 (11.56193)
[1,2]<stdout>:[TEST]: 100/149	Loss 13.46359 (12.23795)
[1,0]<stdout>:[TEST]: 100/149	Loss 12.41552 (12.29417)
[1,1]<stdout>:[TEST]: 100/149	Loss 12.18378 (11.98915)
[1,3]<stdout>:[TEST]: 100/149	Loss 10.83300 (12.17061)
[1,2]<stdout>:[TEST]: 148/149	Loss 11.71518 (12.23095)
[1,0]<stdout>:[TEST]: 148/149	Loss 5.72130 (12.24474)
[1,1]<stdout>:[TEST]: 148/149	Loss 23.55816 (12.02035)
[1,3]<stdout>:[TEST]: 148/149	Loss 4.58410 (12.16128)
[1,0]<stdout>:[Test] number: 7107 threshold: 0.05 score: 0.6234871499232816
[1,0]<stdout>:[Test] number: 7107 threshold: 0.06 score: 0.6248215771050885
[1,0]<stdout>:[Test] number: 7107 threshold: 0.07 score: 0.6248571268753577
[1,0]<stdout>:[Test] number: 7107 threshold: 0.08 score: 0.6237985670971602
[1,0]<stdout>:[Test] number: 7107 threshold: 0.09 score: 0.6227781091833118
[1,0]<stdout>:[Test] number: 7107 threshold: 0.1 score: 0.621804627157579
[1,0]<stdout>:[Test] number: 7107 threshold: 0.11 score: 0.6203190076892978
[1,0]<stdout>:[Test] number: 7107 threshold: 0.12 score: 0.6179989014944212
[1,0]<stdout>:[Test] number: 7107 threshold: 0.13 score: 0.6159445153192951
[1,0]<stdout>:[Test] number: 7107 threshold: 0.14 score: 0.6131185009208335
[1,0]<stdout>:[Test] number: 7107 threshold: 0.15 score: 0.6112942753339751
[1,0]<stdout>:Epoch[27] LR: [1.1999999514955562e-05, 0.00012000000424450263] Time:871.864032 TrainLoss 4.373432 ValLoss 12.244735  Train_th 0.150000 Val_th 0.065000  Train_Score 0.851549 Val_Score 0.627864
[1,2]<stdout>:Epoch: [28][0/593]	Rate:[1.1999999514955562e-05, 0.00012000000424450263]	Loss 3.61229 (3.61229)	
[1,3]<stdout>:Epoch: [28][0/593]	Rate:[1.1999999514955562e-05, 0.00012000000424450263]	Loss 3.81564 (3.81564)	
[1,1]<stdout>:Epoch: [28][0/593]	Rate:[1.1999999514955562e-05, 0.00012000000424450263]	Loss 4.53379 (4.53379)	
[1,0]<stdout>:Epoch: [28][0/593]	Rate:[1.1999999514955562e-05, 0.00012000000424450263]	Loss 3.14620 (3.14620)	
[1,3]<stdout>:Epoch: [28][100/593]	Rate:[1.1999999514955562e-05, 0.00012000000424450263]	Loss 4.31454 (4.21281)	
[1,2]<stdout>:Epoch: [28][100/593]	Rate:[1.1999999514955562e-05, 0.00012000000424450263]	Loss 4.59532 (4.06761)	
[1,0]<stdout>:Epoch: [28][100/593]	Rate:[1.1999999514955562e-05, 0.00012000000424450263]	Loss 4.63972 (4.24454)	
[1,1]<stdout>:Epoch: [28][100/593]	Rate:[1.1999999514955562e-05, 0.00012000000424450263]	Loss 4.09330 (4.04789)	
[1,3]<stdout>:Epoch: [28][200/593]	Rate:[1.1999999514955562e-05, 0.00012000000424450263]	Loss 4.41254 (4.20551)	
[1,1]<stdout>:Epoch: [28][200/593]	Rate:[1.1999999514955562e-05, 0.00012000000424450263]	Loss 3.62703 (4.12434)	
[1,2]<stdout>:Epoch: [28][200/593]	Rate:[1.1999999514955562e-05, 0.00012000000424450263]	Loss 4.77394 (4.11365)	
[1,0]<stdout>:Epoch: [28][200/593]	Rate:[1.1999999514955562e-05, 0.00012000000424450263]	Loss 3.73633 (4.23256)	
[1,2]<stdout>:Epoch: [28][300/593]	Rate:[1.1999999514955562e-05, 0.00012000000424450263]	Loss 5.20573 (4.11589)	
[1,3]<stdout>:Epoch: [28][300/593]	Rate:[1.1999999514955562e-05, 0.00012000000424450263]	Loss 3.97417 (4.20910)	
[1,0]<stdout>:Epoch: [28][300/593]	Rate:[1.1999999514955562e-05, 0.00012000000424450263]	Loss 3.77348 (4.21097)	
[1,1]<stdout>:Epoch: [28][300/593]	Rate:[1.1999999514955562e-05, 0.00012000000424450263]	Loss 4.18442 (4.15599)	
[1,3]<stdout>:Epoch: [28][400/593]	Rate:[1.1999999514955562e-05, 0.00012000000424450263]	Loss 4.46156 (4.22402)	
[1,0]<stdout>:Epoch: [28][400/593]	Rate:[1.1999999514955562e-05, 0.00012000000424450263]	Loss 3.85364 (4.20655)	
[1,2]<stdout>:Epoch: [28][400/593]	Rate:[1.1999999514955562e-05, 0.00012000000424450263]	Loss 3.68883 (4.15726)	
[1,1]<stdout>:Epoch: [28][400/593]	Rate:[1.1999999514955562e-05, 0.00012000000424450263]	Loss 3.78002 (4.19208)	
[1,3]<stdout>:Epoch: [28][500/593]	Rate:[1.1999999514955562e-05, 0.00012000000424450263]	Loss 3.71413 (4.23432)	
[1,0]<stdout>:Epoch: [28][500/593]	Rate:[1.1999999514955562e-05, 0.00012000000424450263]	Loss 4.90603 (4.20878)	
[1,2]<stdout>:Epoch: [28][500/593]	Rate:[1.1999999514955562e-05, 0.00012000000424450263]	Loss 4.03714 (4.18706)	
[1,1]<stdout>:Epoch: [28][500/593]	Rate:[1.1999999514955562e-05, 0.00012000000424450263]	Loss 5.62681 (4.20500)	
[1,3]<stdout>:Epoch: [28][592/593]	Rate:[1.1999999514955562e-05, 0.00012000000424450263]	Loss 7.45833 (4.23096)	
[1,0]<stdout>:Epoch: [28][592/593]	Rate:[1.1999999514955562e-05, 0.00012000000424450263]	Loss 24.14002 (4.23929)	
[1,1]<stdout>:Epoch: [28][592/593]	Rate:[1.1999999514955562e-05, 0.00012000000424450263]	Loss 8.94950 (4.21989)	
[1,2]<stdout>:Epoch: [28][592/593]	Rate:[1.1999999514955562e-05, 0.00012000000424450263]	Loss 6.76344 (4.19694)	
[1,0]<stdout>:[Train] number: 28423 threshold: 0.05 score: 0.8216316770402126
[1,0]<stdout>:[Train] number: 28423 threshold: 0.06 score: 0.830111007490892
[1,0]<stdout>:[Train] number: 28423 threshold: 0.07 score: 0.8369299048703472
[1,0]<stdout>:[Train] number: 28423 threshold: 0.08 score: 0.8427199067631201
[1,0]<stdout>:[Train] number: 28423 threshold: 0.09 score: 0.8470908181885597
[1,0]<stdout>:[Train] number: 28423 threshold: 0.1 score: 0.850365492112461
[1,0]<stdout>:[Train] number: 28423 threshold: 0.11 score: 0.8532567714924267
[1,0]<stdout>:[Train] number: 28423 threshold: 0.12 score: 0.8552325341120209
[1,0]<stdout>:[Train] number: 28423 threshold: 0.13 score: 0.8563221672478751
[1,0]<stdout>:[Train] number: 28423 threshold: 0.14 score: 0.8571306371848461
[1,0]<stdout>:[Train] number: 28423 threshold: 0.15 score: 0.8573285896083996
[1,1]<stdout>:[TEST]: 0/149	[1,1]<stdout>:Loss 9.67524 (9.67524)
[1,2]<stdout>:[TEST]: 0/149	Loss 11.67416 (11.67416)
[1,3]<stdout>:[TEST]: 0/149	Loss 11.31157 (11.31157)
[1,0]<stdout>:[TEST]: 0/149	Loss 12.11556 (12.11556)
[1,1]<stdout>:[TEST]: 100/149	Loss 12.20203 (12.05679)
[1,2]<stdout>:[TEST]: 100/149	Loss 13.47839 (12.38695)
[1,3]<stdout>:[TEST]: 100/149	Loss 10.67644 (12.23882)
[1,0]<stdout>:[TEST]: 100/149	Loss 12.71542 (12.52745)
[1,1]<stdout>:[TEST]: 148/149	Loss 24.37140 (12.09694)
[1,2]<stdout>:[TEST]: 148/149	Loss 11.29566 (12.37801)
[1,3]<stdout>:[TEST]: 148/149	Loss 4.96684 (12.22560)
[1,0]<stdout>:[TEST]: 148/149	Loss 5.98269 (12.46907)
[1,0]<stdout>:[Test] number: 7107 threshold: 0.05 score: 0.6216360086196844
[1,0]<stdout>:[Test] number: 7107 threshold: 0.06 score: 0.6227375685235337
[1,0]<stdout>:[Test] number: 7107 threshold: 0.07 score: 0.6222244248064007
[1,0]<stdout>:[Test] number: 7107 threshold: 0.08 score: 0.6211457423504892
[1,0]<stdout>:[Test] number: 7107 threshold: 0.09 score: 0.6191312277154892
[1,0]<stdout>:[Test] number: 7107 threshold: 0.1 score: 0.6176734057128095
[1,0]<stdout>:[Test] number: 7107 threshold: 0.11 score: 0.6155085116787529
[1,0]<stdout>:[Test] number: 7107 threshold: 0.12 score: 0.6136843067038956
[1,0]<stdout>:[Test] number: 7107 threshold: 0.13 score: 0.6112333024903862
[1,0]<stdout>:[Test] number: 7107 threshold: 0.14 score: 0.6086030678595679
[1,0]<stdout>:[Test] number: 7107 threshold: 0.15 score: 0.6066830638105948
[1,0]<stdout>:Epoch[28] LR: [1.1999999514955562e-05, 0.00012000000424450263] Time:869.950003 TrainLoss 4.239292 ValLoss 12.469074  Train_th 0.150000 Val_th 0.070000  Train_Score 0.857976 Val_Score 0.626178
[1,1]<stdout>:Epoch: [29][0/593]	Rate:[1.1999999514955562e-05, 0.00012000000424450263]	Loss 4.13332 (4.13332)	
[1,3]<stdout>:Epoch: [29][0/593]	Rate:[1.1999999514955562e-05, 0.00012000000424450263]	Loss 3.98910 (3.98910)	
[1,0]<stdout>:Epoch: [29][0/593]	Rate:[1.1999999514955562e-05, 0.00012000000424450263]	Loss 3.47276 (3.47276)	
[1,2]<stdout>:Epoch: [29][0/593]	Rate:[1.1999999514955562e-05, 0.00012000000424450263]	Loss 4.28795 (4.28795)	
[1,3]<stdout>:Epoch: [29][100/593]	Rate:[1.1999999514955562e-05, 0.00012000000424450263]	Loss 3.90500 (3.96875)	
[1,2]<stdout>:Epoch: [29][100/593]	Rate:[1.1999999514955562e-05, 0.00012000000424450263]	Loss 4.23116 (4.00208)	
[1,1]<stdout>:Epoch: [29][100/593]	Rate:[1.1999999514955562e-05, 0.00012000000424450263]	Loss 4.60586 (4.01121)	
[1,0]<stdout>:Epoch: [29][100/593]	Rate:[1.1999999514955562e-05, 0.00012000000424450263]	Loss 3.58090 (3.99452)	
[1,3]<stdout>:Epoch: [29][200/593]	Rate:[1.1999999514955562e-05, 0.00012000000424450263]	Loss 4.15716 (4.04012)	
[1,2]<stdout>:Epoch: [29][200/593]	Rate:[1.1999999514955562e-05, 0.00012000000424450263]	Loss 3.92024 (3.98342)	
[1,0]<stdout>:Epoch: [29][200/593]	Rate:[1.1999999514955562e-05, 0.00012000000424450263]	Loss 3.51004 (4.01463)	
[1,1]<stdout>:Epoch: [29][200/593]	Rate:[1.1999999514955562e-05, 0.00012000000424450263]	Loss 3.41788 (4.02655)	
[1,0]<stdout>:Epoch: [29][300/593]	Rate:[1.1999999514955562e-05, 0.00012000000424450263]	Loss 3.43295 (4.01882)	
[1,2]<stdout>:Epoch: [29][300/593]	Rate:[1.1999999514955562e-05, 0.00012000000424450263]	Loss 5.07674 (4.02630)	
[1,3]<stdout>:Epoch: [29][300/593]	Rate:[1.1999999514955562e-05, 0.00012000000424450263]	Loss 3.94428 (4.04459)	
[1,1]<stdout>:Epoch: [29][300/593]	Rate:[1.1999999514955562e-05, 0.00012000000424450263]	Loss 4.68611 (4.05599)	
[1,2]<stdout>:Epoch: [29][400/593]	Rate:[1.1999999514955562e-05, 0.00012000000424450263]	Loss 4.50046 (4.05372)	
[1,0]<stdout>:Epoch: [29][400/593]	Rate:[1.1999999514955562e-05, 0.00012000000424450263]	Loss 4.30923 (4.03017)	
[1,3]<stdout>:Epoch: [29][400/593]	Rate:[1.1999999514955562e-05, 0.00012000000424450263]	Loss 3.97678 (4.04995)	
[1,1]<stdout>:Epoch: [29][400/593]	Rate:[1.1999999514955562e-05, 0.00012000000424450263]	Loss 3.85908 (4.05965)	
[1,0]<stdout>:Epoch: [29][500/593]	Rate:[1.1999999514955562e-05, 0.00012000000424450263]	Loss 3.47257 (4.04116)	
[1,3]<stdout>:Epoch: [29][500/593]	Rate:[1.1999999514955562e-05, 0.00012000000424450263]	Loss 5.33099 (4.05971)	
[1,2]<stdout>:Epoch: [29][500/593]	Rate:[1.1999999514955562e-05, 0.00012000000424450263]	Loss 3.95667 (4.05966)	
[1,1]<stdout>:Epoch: [29][500/593]	Rate:[1.1999999514955562e-05, 0.00012000000424450263]	Loss 4.15715 (4.04465)	
[1,3]<stdout>:Epoch: [29][592/593]	Rate:[1.1999999514955562e-05, 0.00012000000424450263]	Loss 7.72530 (4.09092)	
[1,0]<stdout>:Epoch: [29][592/593]	Rate:[1.1999999514955562e-05, 0.00012000000424450263]	Loss 6.31007 (4.05621)	
[1,1]<stdout>:Epoch: [29][592/593]	Rate:[1.1999999514955562e-05, 0.00012000000424450263]	Loss 13.88328 (4.06324)	
[1,2]<stdout>:Epoch: [29][592/593]	Rate:[1.1999999514955562e-05, 0.00012000000424450263]	Loss 17.24702 (4.07601)	
[1,0]<stdout>:[Train] number: 28423 threshold: 0.05 score: 0.8270613533279477
[1,0]<stdout>:[Train] number: 28423 threshold: 0.06 score: 0.8358052154999478
[1,0]<stdout>:[Train] number: 28423 threshold: 0.07 score: 0.8429976266861005
[1,0]<stdout>:[Train] number: 28423 threshold: 0.08 score: 0.8489782663836126
[1,0]<stdout>:[Train] number: 28423 threshold: 0.09 score: 0.8535014910675558
[1,0]<stdout>:[Train] number: 28423 threshold: 0.1 score: 0.8571149198010793
[1,0]<stdout>:[Train] number: 28423 threshold: 0.11 score: 0.85963414852565
[1,0]<stdout>:[Train] number: 28423 threshold: 0.12 score: 0.8617329974773067
[1,0]<stdout>:[Train] number: 28423 threshold: 0.13 score: 0.8631225417614607
[1,0]<stdout>:[Train] number: 28423 threshold: 0.14 score: 0.8639758944932467
[1,0]<stdout>:[Train] number: 28423 threshold: 0.15 score: 0.8648789463168844
[1,0]<stdout>:[TEST]: 0/149	Loss 12.22348 (12.22348)
[1,1]<stdout>:[TEST]: 0/149	Loss 9.59972 (9.59972)
[1,2]<stdout>:[TEST]: 0/149	Loss 11.58835 (11.58835)
[1,3]<stdout>:[TEST]: 0/149	Loss 11.61249 (11.61249)
[1,1]<stdout>:[TEST]: 100/149	Loss 12.44188 (12.17050)
[1,0]<stdout>:[TEST]: 100/149	Loss 12.73158 (12.53466)
[1,2]<stdout>:[TEST]: 100/149	Loss 13.69475 (12.44980)
[1,3]<stdout>:[TEST]: 100/149	Loss 11.05856 (12.40656)
[1,1]<stdout>:[TEST]: 148/149	Loss 24.49745 (12.21987)
[1,0]<stdout>:[TEST]: 148/149	Loss 5.07447 (12.46880)
[1,2]<stdout>:[TEST]: 148/149	Loss 11.64318 (12.43572)
[1,3]<stdout>:[TEST]: 148/149	Loss 5.28437 (12.39092)
[1,0]<stdout>:[Test] number: 7107 threshold: 0.05 score: 0.6212614032001963
[1,0]<stdout>:[Test] number: 7107 threshold: 0.06 score: 0.6220438362701889
[1,0]<stdout>:[Test] number: 7107 threshold: 0.07 score: 0.6218083947573549
[1,0]<stdout>:[Test] number: 7107 threshold: 0.08 score: 0.6216540547355592
[1,0]<stdout>:[Test] number: 7107 threshold: 0.09 score: 0.6214410345554106
[1,0]<stdout>:[Test] number: 7107 threshold: 0.1 score: 0.6212018850078811
[1,0]<stdout>:[Test] number: 7107 threshold: 0.11 score: 0.6186611927488496
[1,0]<stdout>:[Test] number: 7107 threshold: 0.12 score: 0.6158783877145829
[1,0]<stdout>:[Test] number: 7107 threshold: 0.13 score: 0.6133892422220697
[1,0]<stdout>:[Test] number: 7107 threshold: 0.14 score: 0.6115524474602361
[1,0]<stdout>:[Test] number: 7107 threshold: 0.15 score: 0.6091574889630534
[1,0]<stdout>:Epoch[29] LR: [1.1999999514955563e-06, 1.2000000424450263e-05] Time:871.721942 TrainLoss 4.056211 ValLoss 12.468805  Train_th 0.150000 Val_th 0.062500  Train_Score 0.864211 Val_Score 0.626666
[1,0]<stdout>:--------------------------------------------auto resume---------------------------------------------
[1,0]<stdout>:best_score: 0.6365875005722046
[1,2]<stdout>:Epoch: [30][0/593]	Rate:[1.1999999287581886e-06, 1.2000000424450263e-05]	Loss 4.96980 (4.96980)	
[1,3]<stdout>:Epoch: [30][0/593]	Rate:[1.1999999287581886e-06, 1.2000000424450263e-05]	Loss 6.26297 (6.26297)	
[1,0]<stdout>:Epoch: [30][0/593]	Rate:[1.1999999287581886e-06, 1.2000000424450263e-05]	Loss 6.27666 (6.27666)	
[1,1]<stdout>:Epoch: [30][0/593]	Rate:[1.1999999287581886e-06, 1.2000000424450263e-05]	Loss 4.98094 (4.98094)	
[1,3]<stdout>:Epoch: [30][100/593]	Rate:[1.1999999287581886e-06, 1.2000000424450263e-05]	Loss 4.61029 (5.52735)	
[1,0]<stdout>:Epoch: [30][100/593]	Rate:[1.1999999287581886e-06, 1.2000000424450263e-05]	Loss 6.28956 (5.45431)	
[1,2]<stdout>:Epoch: [30][100/593]	Rate:[1.1999999287581886e-06, 1.2000000424450263e-05]	Loss 5.19020 (5.48665)	
[1,1]<stdout>:Epoch: [30][100/593]	Rate:[1.1999999287581886e-06, 1.2000000424450263e-05]	Loss 6.36059 (5.49782)	
[1,3]<stdout>:Epoch: [30][200/593]	Rate:[1.1999999287581886e-06, 1.2000000424450263e-05]	Loss 5.52181 (5.54541)	
[1,0]<stdout>:Epoch: [30][200/593]	Rate:[1.1999999287581886e-06, 1.2000000424450263e-05]	Loss 6.60061 (5.45261)	
[1,1]<stdout>:Epoch: [30][200/593]	Rate:[1.1999999287581886e-06, 1.2000000424450263e-05]	Loss 5.83800 (5.58013)	
[1,2]<stdout>:Epoch: [30][200/593]	Rate:[1.1999999287581886e-06, 1.2000000424450263e-05]	Loss 6.28174 (5.51082)	
[1,3]<stdout>:Epoch: [30][300/593]	Rate:[1.1999999287581886e-06, 1.2000000424450263e-05]	Loss 5.21823 (5.54017)	
[1,0]<stdout>:Epoch: [30][300/593]	Rate:[1.1999999287581886e-06, 1.2000000424450263e-05]	Loss 5.44727 (5.45310)	
[1,1]<stdout>:Epoch: [30][300/593]	Rate:[1.1999999287581886e-06, 1.2000000424450263e-05]	Loss 5.04251 (5.54379)	
[1,2]<stdout>:Epoch: [30][300/593]	Rate:[1.1999999287581886e-06, 1.2000000424450263e-05]	Loss 5.13881 (5.48245)	
[1,3]<stdout>:Epoch: [30][400/593]	Rate:[1.1999999287581886e-06, 1.2000000424450263e-05]	Loss 6.15720 (5.56245)	
[1,0]<stdout>:Epoch: [30][400/593]	Rate:[1.1999999287581886e-06, 1.2000000424450263e-05]	Loss 6.01438 (5.45939)	
[1,2]<stdout>:Epoch: [30][400/593]	Rate:[1.1999999287581886e-06, 1.2000000424450263e-05]	Loss 3.68120 (5.46659)	
[1,1]<stdout>:Epoch: [30][400/593]	Rate:[1.1999999287581886e-06, 1.2000000424450263e-05]	Loss 5.37306 (5.52546)	
[1,0]<stdout>:Epoch: [30][500/593]	Rate:[1.1999999287581886e-06, 1.2000000424450263e-05]	Loss 5.50365 (5.47950)	
[1,2]<stdout>:Epoch: [30][500/593]	Rate:[1.1999999287581886e-06, 1.2000000424450263e-05]	Loss 5.03158 (5.48339)	
[1,1]<stdout>:Epoch: [30][500/593]	Rate:[1.1999999287581886e-06, 1.2000000424450263e-05]	Loss 4.14191 (5.52311)	
[1,3]<stdout>:Epoch: [30][500/593]	Rate:[1.1999999287581886e-06, 1.2000000424450263e-05]	Loss 5.87695 (5.56749)	
[1,2]<stdout>:Epoch: [30][592/593]	Rate:[1.1999999287581886e-06, 1.2000000424450263e-05]	Loss 12.73517 (5.47011)	
[1,0]<stdout>:Epoch: [30][592/593]	Rate:[1.1999999287581886e-06, 1.2000000424450263e-05]	Loss 5.64934 (5.47725)	
[1,1]<stdout>:Epoch: [30][592/593]	Rate:[1.1999999287581886e-06, 1.2000000424450263e-05]	Loss 16.21361 (5.51112)	
[1,3]<stdout>:Epoch: [30][592/593]	Rate:[1.1999999287581886e-06, 1.2000000424450263e-05]	Loss 10.89581 (5.55656)	
[1,0]<stdout>:[Train] number: 28423 threshold: 0.05 score: 0.7784233923380313
[1,0]<stdout>:[Train] number: 28423 threshold: 0.06 score: 0.7858827921045879
[1,0]<stdout>:[Train] number: 28423 threshold: 0.07 score: 0.7917396428572525
[1,0]<stdout>:[Train] number: 28423 threshold: 0.08 score: 0.7963271925079353
[1,0]<stdout>:[Train] number: 28423 threshold: 0.09 score: 0.8001464131259484
[1,0]<stdout>:[Train] number: 28423 threshold: 0.1 score: 0.8030218982592184
[1,0]<stdout>:[Train] number: 28423 threshold: 0.11 score: 0.8050492711753277
[1,0]<stdout>:[Train] number: 28423 threshold: 0.12 score: 0.8064656309670217
[1,0]<stdout>:[Train] number: 28423 threshold: 0.13 score: 0.8073971485517893
[1,0]<stdout>:[Train] number: 28423 threshold: 0.14 score: 0.8076158976634705
[1,0]<stdout>:[Train] number: 28423 threshold: 0.15 score: 0.8075597669042305
[1,0]<stdout>:[TEST]: 0/149	Loss 11.14069 (11.14069)
[1,3]<stdout>:[TEST]: 0/149	Loss 10.41279 (10.41279)
[1,1]<stdout>:[TEST]: 0/149	Loss 9.10134 (9.10134)
[1,2]<stdout>:[TEST]: 0/149	Loss 10.45536 (10.45536)
[1,1]<stdout>:[TEST]: 100/149	Loss 11.60433 (11.18117)
[1,3]<stdout>:[TEST]: 100/149	Loss 10.21002 (11.32010)
[1,0]<stdout>:[TEST]: 100/149	Loss 11.29268 (11.40183)
[1,2]<stdout>:[TEST]: 100/149	Loss 12.30469 (11.37788)
[1,1]<stdout>:[TEST]: 148/149	Loss 22.53145 (11.21519)
[1,3]<stdout>:[TEST]: 148/149	Loss 5.09581 (11.30225)
[1,0]<stdout>:[TEST]: 148/149	Loss 4.39717 (11.36807)
[1,2]<stdout>:[TEST]: 148/149	Loss 11.00512 (11.37482)
[1,0]<stdout>:[Test] number: 7107 threshold: 0.05 score: 0.6317639110324426
[1,0]<stdout>:[Test] number: 7107 threshold: 0.06 score: 0.6335849263248672
[1,0]<stdout>:[Test] number: 7107 threshold: 0.07 score: 0.6344620972674639
[1,0]<stdout>:[Test] number: 7107 threshold: 0.08 score: 0.6349506084610748
[1,0]<stdout>:[Test] number: 7107 threshold: 0.09 score: 0.6347490852219281
[1,0]<stdout>:[Test] number: 7107 threshold: 0.1 score: 0.6338020465616326
[1,0]<stdout>:[Test] number: 7107 threshold: 0.11 score: 0.631816685696174
[1,0]<stdout>:[Test] number: 7107 threshold: 0.12 score: 0.6292015340897874
[1,0]<stdout>:[Test] number: 7107 threshold: 0.13 score: 0.6276038432108906
[1,0]<stdout>:[Test] number: 7107 threshold: 0.14 score: 0.6260276968288315
[1,0]<stdout>:[Test] number: 7107 threshold: 0.15 score: 0.6235216941532944
[1,0]<stdout>:Epoch[30] LR: [1.1999999287581886e-06, 1.2000000424450263e-05] Time:871.096248 TrainLoss 5.477254 ValLoss 11.368070  Train_th 0.142500 Val_th 0.077500  Train_Score 0.805722 Val_Score 0.637934
[1,0]<stdout>:--------current best-------:0.637934
[1,3]<stdout>:Epoch: [31][0/593]	Rate:[1.1999999287581886e-06, 1.2000000424450263e-05]	Loss 4.96440 (4.96440)	
[1,0]<stdout>:Epoch: [31][0/593]	Rate:[1.1999999287581886e-06, 1.2000000424450263e-05]	Loss 5.30202 (5.30202)	
[1,2]<stdout>:Epoch: [31][0/593]	Rate:[1.1999999287581886e-06, 1.2000000424450263e-05]	Loss 5.71365 (5.71365)	
[1,1]<stdout>:Epoch: [31][0/593]	Rate:[1.1999999287581886e-06, 1.2000000424450263e-05]	Loss 6.00614 (6.00614)	
[1,3]<stdout>:Epoch: [31][100/593]	Rate:[1.1999999287581886e-06, 1.2000000424450263e-05]	Loss 5.15038 (5.43646)	
[1,0]<stdout>:Epoch: [31][100/593]	Rate:[1.1999999287581886e-06, 1.2000000424450263e-05]	Loss 4.70233 (5.44169)	
[1,2]<stdout>:Epoch: [31][100/593]	Rate:[1.1999999287581886e-06, 1.2000000424450263e-05]	Loss 5.94423 (5.46576)	
[1,1]<stdout>:Epoch: [31][100/593]	Rate:[1.1999999287581886e-06, 1.2000000424450263e-05]	Loss 5.88898 (5.35537)	
[1,0]<stdout>:Epoch: [31][200/593]	Rate:[1.1999999287581886e-06, 1.2000000424450263e-05]	Loss 4.36778 (5.44094)	
[1,3]<stdout>:Epoch: [31][200/593]	Rate:[1.1999999287581886e-06, 1.2000000424450263e-05]	Loss 5.24177 (5.41697)	
[1,2]<stdout>:Epoch: [31][200/593]	Rate:[1.1999999287581886e-06, 1.2000000424450263e-05]	Loss 4.79546 (5.42948)	
[1,1]<stdout>:Epoch: [31][200/593]	Rate:[1.1999999287581886e-06, 1.2000000424450263e-05]	Loss 4.84618 (5.41119)	
[1,3]<stdout>:Epoch: [31][300/593]	Rate:[1.1999999287581886e-06, 1.2000000424450263e-05]	Loss 5.97328 (5.44413)	
[1,0]<stdout>:Epoch: [31][300/593]	Rate:[1.1999999287581886e-06, 1.2000000424450263e-05]	Loss 5.09109 (5.44572)	
[1,2]<stdout>:Epoch: [31][300/593]	Rate:[1.1999999287581886e-06, 1.2000000424450263e-05]	Loss 5.51632 (5.44132)	
[1,1]<stdout>:Epoch: [31][300/593]	Rate:[1.1999999287581886e-06, 1.2000000424450263e-05]	Loss 5.55544 (5.41819)	
[1,2]<stdout>:Epoch: [31][400/593]	Rate:[1.1999999287581886e-06, 1.2000000424450263e-05]	Loss 5.78454 (5.44980)	
[1,1]<stdout>:Epoch: [31][400/593]	Rate:[1.1999999287581886e-06, 1.2000000424450263e-05]	Loss 6.65202 (5.43658)	
[1,0]<stdout>:Epoch: [31][400/593]	Rate:[1.1999999287581886e-06, 1.2000000424450263e-05]	Loss 5.68310 (5.44757)	
[1,3]<stdout>:Epoch: [31][400/593]	Rate:[1.1999999287581886e-06, 1.2000000424450263e-05]	Loss 5.77430 (5.45718)	
[1,3]<stdout>:Epoch: [31][500/593]	Rate:[1.1999999287581886e-06, 1.2000000424450263e-05]	Loss 4.83763 (5.44777)	
[1,2]<stdout>:Epoch: [31][500/593]	Rate:[1.1999999287581886e-06, 1.2000000424450263e-05]	Loss 4.58153 (5.44262)	
[1,0]<stdout>:Epoch: [31][500/593]	Rate:[1.1999999287581886e-06, 1.2000000424450263e-05]	Loss 4.47702 (5.45013)	
[1,1]<stdout>:Epoch: [31][500/593]	Rate:[1.1999999287581886e-06, 1.2000000424450263e-05]	Loss 5.61610 (5.43882)	
[1,3]<stdout>:Epoch: [31][592/593]	Rate:[1.1999999287581886e-06, 1.2000000424450263e-05]	Loss 11.73735 (5.42712)	
[1,0]<stdout>:Epoch: [31][592/593]	Rate:[1.1999999287581886e-06, 1.2000000424450263e-05]	Loss 16.28949 (5.44889)	
[1,2]<stdout>:Epoch: [31][592/593]	Rate:[1.1999999287581886e-06, 1.2000000424450263e-05]	Loss 7.49202 (5.44138)	
[1,1]<stdout>:Epoch: [31][592/593]	Rate:[1.1999999287581886e-06, 1.2000000424450263e-05]	Loss 23.08548 (5.45928)	
[1,0]<stdout>:[Train] number: 28423 threshold: 0.05 score: 0.778715792015175
[1,0]<stdout>:[Train] number: 28423 threshold: 0.06 score: 0.7860570128886626
[1,0]<stdout>:[Train] number: 28423 threshold: 0.07 score: 0.7924618370553619
[1,0]<stdout>:[Train] number: 28423 threshold: 0.08 score: 0.7969579708498612
[1,0]<stdout>:[Train] number: 28423 threshold: 0.09 score: 0.8008491899756676
[1,0]<stdout>:[Train] number: 28423 threshold: 0.1 score: 0.8036582012336984
[1,0]<stdout>:[Train] number: 28423 threshold: 0.11 score: 0.8058576143805879
[1,0]<stdout>:[Train] number: 28423 threshold: 0.12 score: 0.8071326959554085
[1,0]<stdout>:[Train] number: 28423 threshold: 0.13 score: 0.8077237394752502
[1,0]<stdout>:[Train] number: 28423 threshold: 0.14 score: 0.8082785139594963
[1,0]<stdout>:[Train] number: 28423 threshold: 0.15 score: 0.80820428865691
[1,3]<stdout>:[TEST]: 0/149	Loss 10.42322 (10.42322)
[1,0]<stdout>:[TEST]: 0/149	Loss 11.13621 (11.13621)
[1,1]<stdout>:[TEST]: 0/149	Loss 9.13649 (9.13649)
[1,2]<stdout>:[TEST]: 0/149	Loss 10.44126 (10.44126)
[1,0]<stdout>:[TEST]: 100/149	Loss 11.49632 (11.46634)
[1,2]<stdout>:[TEST]: 100/149	Loss 12.51231 (11.47028)
[1,3]<stdout>:[TEST]: 100/149	Loss 10.16562 (11.36055)
[1,1]<stdout>:[TEST]: 100/149	Loss 11.72231 (11.27877)
[1,0]<stdout>:[TEST]: 148/149	Loss 4.52559 (11.42978)
[1,3]<stdout>:[TEST]: 148/149	Loss 5.00034 (11.34672)
[1,2]<stdout>:[TEST]: 148/149	Loss 11.42908 (11.46243)
[1,1]<stdout>:[TEST]: 148/149	Loss 22.89614 (11.31809)
[1,0]<stdout>:[Test] number: 7107 threshold: 0.05 score: 0.6308967710232479
[1,0]<stdout>:[Test] number: 7107 threshold: 0.06 score: 0.632501525191157
[1,0]<stdout>:[Test] number: 7107 threshold: 0.07 score: 0.6336623831872881
[1,0]<stdout>:[Test] number: 7107 threshold: 0.08 score: 0.6331619718734671
[1,0]<stdout>:[Test] number: 7107 threshold: 0.09 score: 0.632765012841075
[1,0]<stdout>:[Test] number: 7107 threshold: 0.1 score: 0.631938638969762
[1,0]<stdout>:[Test] number: 7107 threshold: 0.11 score: 0.6291474852038742
[1,0]<stdout>:[Test] number: 7107 threshold: 0.12 score: 0.6279296390780481
[1,0]<stdout>:[Test] number: 7107 threshold: 0.13 score: 0.6262114295087045
[1,0]<stdout>:[Test] number: 7107 threshold: 0.14 score: 0.6232898066391435
[1,0]<stdout>:[Test] number: 7107 threshold: 0.15 score: 0.6208187701941325
[1,0]<stdout>:Epoch[31] LR: [1.1999999287581886e-06, 1.2000000424450263e-05] Time:868.385673 TrainLoss 5.448889 ValLoss 11.429775  Train_th 0.140000 Val_th 0.070000  Train_Score 0.808645 Val_Score 0.636807
[1,0]<stdout>:Epoch: [32][0/593]	Rate:[1.1999999287581886e-06, 1.2000000424450263e-05]	Loss 4.70275 (4.70275)	
[1,2]<stdout>:Epoch: [32][0/593]	Rate:[1.1999999287581886e-06, 1.2000000424450263e-05]	Loss 4.68684 (4.68684)	
[1,1]<stdout>:Epoch: [32][0/593]	Rate:[1.1999999287581886e-06, 1.2000000424450263e-05]	Loss 6.31376 (6.31376)	
[1,3]<stdout>:Epoch: [32][0/593]	Rate:[1.1999999287581886e-06, 1.2000000424450263e-05]	Loss 5.14042 (5.14042)	
[1,2]<stdout>:Epoch: [32][100/593]	Rate:[1.1999999287581886e-06, 1.2000000424450263e-05]	Loss 5.62932 (5.35036)	
[1,0]<stdout>:Epoch: [32][100/593]	Rate:[1.1999999287581886e-06, 1.2000000424450263e-05]	Loss 4.93236 (5.36566)	
[1,3]<stdout>:Epoch: [32][100/593]	Rate:[1.1999999287581886e-06, 1.2000000424450263e-05]	Loss 4.51091 (5.46371)	
[1,1]<stdout>:Epoch: [32][100/593]	Rate:[1.1999999287581886e-06, 1.2000000424450263e-05]	Loss 5.54072 (5.38650)	
[1,2]<stdout>:Epoch: [32][200/593]	Rate:[1.1999999287581886e-06, 1.2000000424450263e-05]	Loss 4.23453 (5.39141)	
[1,0]<stdout>:Epoch: [32][200/593]	Rate:[1.1999999287581886e-06, 1.2000000424450263e-05]	Loss 5.78864 (5.37775)	
[1,3]<stdout>:Epoch: [32][200/593]	Rate:[1.1999999287581886e-06, 1.2000000424450263e-05]	Loss 5.93943 (5.43800)	
[1,1]<stdout>:Epoch: [32][200/593]	Rate:[1.1999999287581886e-06, 1.2000000424450263e-05]	Loss 4.37890 (5.37650)	
[1,0]<stdout>:Epoch: [32][300/593]	Rate:[1.1999999287581886e-06, 1.2000000424450263e-05]	Loss 5.29189 (5.39874)	
[1,3]<stdout>:Epoch: [32][300/593]	Rate:[1.1999999287581886e-06, 1.2000000424450263e-05]	Loss 6.54168 (5.45700)	
[1,2]<stdout>:Epoch: [32][300/593]	Rate:[1.1999999287581886e-06, 1.2000000424450263e-05]	Loss 4.44701 (5.41731)	
[1,1]<stdout>:Epoch: [32][300/593]	Rate:[1.1999999287581886e-06, 1.2000000424450263e-05]	Loss 5.46444 (5.38339)	
[1,3]<stdout>:Epoch: [32][400/593]	Rate:[1.1999999287581886e-06, 1.2000000424450263e-05]	Loss 4.81891 (5.44978)	
[1,1]<stdout>:Epoch: [32][400/593]	Rate:[1.1999999287581886e-06, 1.2000000424450263e-05]	Loss 4.64505 (5.36754)	
[1,0]<stdout>:Epoch: [32][400/593]	Rate:[1.1999999287581886e-06, 1.2000000424450263e-05]	Loss 3.51343 (5.36810)	
[1,2]<stdout>:Epoch: [32][400/593]	Rate:[1.1999999287581886e-06, 1.2000000424450263e-05]	Loss 5.53391 (5.39452)	
[1,3]<stdout>:Epoch: [32][500/593]	Rate:[1.1999999287581886e-06, 1.2000000424450263e-05]	Loss 4.59240 (5.43497)	
[1,0]<stdout>:Epoch: [32][500/593]	Rate:[1.1999999287581886e-06, 1.2000000424450263e-05]	Loss 5.05185 (5.39226)	
[1,2]<stdout>:Epoch: [32][500/593]	Rate:[1.1999999287581886e-06, 1.2000000424450263e-05]	Loss 5.91110 (5.40074)	
[1,1]<stdout>:Epoch: [32][500/593]	Rate:[1.1999999287581886e-06, 1.2000000424450263e-05]	Loss 4.86507 (5.37275)	
[1,0]<stdout>:Epoch: [32][592/593]	Rate:[1.1999999287581886e-06, 1.2000000424450263e-05]	Loss 17.79154 (5.38282)	
[1,2]<stdout>:Epoch: [32][592/593]	Rate:[1.1999999287581886e-06, 1.2000000424450263e-05]	Loss 15.13494 (5.40231)	
[1,3]<stdout>:Epoch: [32][592/593]	Rate:[1.1999999287581886e-06, 1.2000000424450263e-05]	Loss 9.93058 (5.42274)	
[1,1]<stdout>:Epoch: [32][592/593]	Rate:[1.1999999287581886e-06, 1.2000000424450263e-05]	Loss 9.04370 (5.39719)	
[1,0]<stdout>:[Train] number: 28423 threshold: 0.05 score: 0.780787515105788
[1,0]<stdout>:[Train] number: 28423 threshold: 0.06 score: 0.7879794386455936
[1,0]<stdout>:[Train] number: 28423 threshold: 0.07 score: 0.7939939093767596
[1,0]<stdout>:[Train] number: 28423 threshold: 0.08 score: 0.7989783936056392
[1,0]<stdout>:[Train] number: 28423 threshold: 0.09 score: 0.8027357567959814
[1,0]<stdout>:[Train] number: 28423 threshold: 0.1 score: 0.8059428066078516
[1,0]<stdout>:[Train] number: 28423 threshold: 0.11 score: 0.8079669505994149
[1,0]<stdout>:[Train] number: 28423 threshold: 0.12 score: 0.8095206447171386
[1,0]<stdout>:[Train] number: 28423 threshold: 0.13 score: 0.8105417308866463
[1,0]<stdout>:[Train] number: 28423 threshold: 0.14 score: 0.8109989864965511
[1,0]<stdout>:[Train] number: 28423 threshold: 0.15 score: 0.8107389407833244
[1,3]<stdout>:[TEST]: 0/149	Loss 10.54125 (10.54125)
[1,0]<stdout>:[TEST]: 0/149	Loss 11.19687 (11.19687)
[1,2]<stdout>:[TEST]: 0/149	Loss 10.46388 (10.46388)
[1,1]<stdout>:[TEST]: 0/149	Loss 9.14078 (9.14078)
[1,3]<stdout>:[TEST]: 100/149	Loss 10.16464 (11.36201)
[1,0]<stdout>:[TEST]: 100/149	Loss 11.49995 (11.50566)
[1,2]<stdout>:[TEST]: 100/149	Loss 12.42920 (11.39291)
[1,1]<stdout>:[TEST]: 100/149	Loss 11.58308 (11.21624)
[1,3]<stdout>:[TEST]: 148/149	Loss 4.99565 (11.35011)
[1,0]<stdout>:[TEST]: 148/149	Loss 4.60905 (11.47323)
[1,2]<stdout>:[TEST]: 148/149	Loss 11.08144 (11.38463)
[1,1]<stdout>:[TEST]: 148/149	Loss 22.24557 (11.26190)
[1,0]<stdout>:[Test] number: 7107 threshold: 0.05 score: 0.6311424854286463
[1,0]<stdout>:[Test] number: 7107 threshold: 0.06 score: 0.6325360483183374
[1,0]<stdout>:[Test] number: 7107 threshold: 0.07 score: 0.6332368813664223
[1,0]<stdout>:[Test] number: 7107 threshold: 0.08 score: 0.6338107185122004
[1,0]<stdout>:[Test] number: 7107 threshold: 0.09 score: 0.6329737977834032
[1,0]<stdout>:[Test] number: 7107 threshold: 0.1 score: 0.6317911965376833
[1,0]<stdout>:[Test] number: 7107 threshold: 0.11 score: 0.6302890570143124
[1,0]<stdout>:[Test] number: 7107 threshold: 0.12 score: 0.6284581312209784
[1,0]<stdout>:[Test] number: 7107 threshold: 0.13 score: 0.6259745559888819
[1,0]<stdout>:[Test] number: 7107 threshold: 0.14 score: 0.6238605782429182
[1,0]<stdout>:[Test] number: 7107 threshold: 0.15 score: 0.6223759483984821
[1,0]<stdout>:Epoch[32] LR: [1.1999999287581886e-06, 1.2000000424450263e-05] Time:869.277077 TrainLoss 5.382820 ValLoss 11.473234  Train_th 0.142500 Val_th 0.075000  Train_Score 0.809870 Val_Score 0.637663
[1,3]<stdout>:Epoch: [33][0/593]	Rate:[1.1999999287581886e-06, 1.2000000424450263e-05]	Loss 4.96518 (4.96518)	
[1,2]<stdout>:Epoch: [33][0/593]	Rate:[1.1999999287581886e-06, 1.2000000424450263e-05]	Loss 4.32576 (4.32576)	
[1,0]<stdout>:Epoch: [33][0/593]	Rate:[1.1999999287581886e-06, 1.2000000424450263e-05]	Loss 4.78596 (4.78596)	
[1,1]<stdout>:Epoch: [33][0/593]	Rate:[1.1999999287581886e-06, 1.2000000424450263e-05]	Loss 6.45502 (6.45502)	
[1,3]<stdout>:Epoch: [33][100/593]	Rate:[1.1999999287581886e-06, 1.2000000424450263e-05]	Loss 6.12542 (5.36241)	
[1,0]<stdout>:Epoch: [33][100/593]	Rate:[1.1999999287581886e-06, 1.2000000424450263e-05]	Loss 5.58414 (5.26786)	
[1,1]<stdout>:Epoch: [33][100/593]	Rate:[1.1999999287581886e-06, 1.2000000424450263e-05]	Loss 5.35440 (5.31084)	
[1,2]<stdout>:Epoch: [33][100/593]	Rate:[1.1999999287581886e-06, 1.2000000424450263e-05]	Loss 5.74808 (5.42450)	
[1,3]<stdout>:Epoch: [33][200/593]	Rate:[1.1999999287581886e-06, 1.2000000424450263e-05]	Loss 4.96396 (5.36105)	
[1,1]<stdout>:Epoch: [33][200/593]	Rate:[1.1999999287581886e-06, 1.2000000424450263e-05]	Loss 5.12877 (5.33268)	
[1,2]<stdout>:Epoch: [33][200/593]	Rate:[1.1999999287581886e-06, 1.2000000424450263e-05]	Loss 6.04254 (5.35641)	
[1,0]<stdout>:Epoch: [33][200/593]	Rate:[1.1999999287581886e-06, 1.2000000424450263e-05]	Loss 5.48844 (5.25245)	
[1,3]<stdout>:Epoch: [33][300/593]	Rate:[1.1999999287581886e-06, 1.2000000424450263e-05]	Loss 4.41210 (5.34866)	
[1,2]<stdout>:Epoch: [33][300/593]	Rate:[1.1999999287581886e-06, 1.2000000424450263e-05]	Loss 5.12142 (5.38944)	
[1,1]<stdout>:Epoch: [33][300/593]	Rate:[1.1999999287581886e-06, 1.2000000424450263e-05]	Loss 4.51105 (5.33474)	
[1,0]<stdout>:Epoch: [33][300/593]	Rate:[1.1999999287581886e-06, 1.2000000424450263e-05]	Loss 7.23252 (5.28848)	
[1,3]<stdout>:Epoch: [33][400/593]	Rate:[1.1999999287581886e-06, 1.2000000424450263e-05]	Loss 5.32938 (5.37135)	
[1,2]<stdout>:Epoch: [33][400/593]	Rate:[1.1999999287581886e-06, 1.2000000424450263e-05]	Loss 5.83028 (5.36628)	
[1,0]<stdout>:Epoch: [33][400/593]	Rate:[1.1999999287581886e-06, 1.2000000424450263e-05]	Loss 5.85829 (5.29614)	
[1,1]<stdout>:Epoch: [33][400/593]	Rate:[1.1999999287581886e-06, 1.2000000424450263e-05]	Loss 5.36755 (5.35447)	
[1,0]<stdout>:Epoch: [33][500/593]	Rate:[1.1999999287581886e-06, 1.2000000424450263e-05]	Loss 4.46018 (5.29743)	
[1,2]<stdout>:Epoch: [33][500/593]	Rate:[1.1999999287581886e-06, 1.2000000424450263e-05]	Loss 6.12996 (5.35712)	
[1,3]<stdout>:Epoch: [33][500/593]	Rate:[1.1999999287581886e-06, 1.2000000424450263e-05]	Loss 5.37329 (5.41446)	
[1,1]<stdout>:Epoch: [33][500/593]	Rate:[1.1999999287581886e-06, 1.2000000424450263e-05]	Loss 6.17177 (5.36464)	
[1,3]<stdout>:Epoch: [33][592/593]	Rate:[1.1999999287581886e-06, 1.2000000424450263e-05]	Loss 12.31091 (5.42352)	
[1,2]<stdout>:Epoch: [33][592/593]	Rate:[1.1999999287581886e-06, 1.2000000424450263e-05]	Loss 16.75328 (5.36081)	
[1,1]<stdout>:Epoch: [33][592/593]	Rate:[1.1999999287581886e-06, 1.2000000424450263e-05]	Loss 8.29821 (5.36464)	
[1,0]<stdout>:Epoch: [33][592/593]	Rate:[1.1999999287581886e-06, 1.2000000424450263e-05]	Loss 6.28656 (5.30122)	
[1,0]<stdout>:[Train] number: 28423 threshold: 0.05 score: 0.7827546732122996
[1,0]<stdout>:[Train] number: 28423 threshold: 0.06 score: 0.7902038783932103
[1,0]<stdout>:[Train] number: 28423 threshold: 0.07 score: 0.7963282149503779
[1,0]<stdout>:[Train] number: 28423 threshold: 0.08 score: 0.8009894418279561
[1,0]<stdout>:[Train] number: 28423 threshold: 0.09 score: 0.8047682384690155
[1,0]<stdout>:[Train] number: 28423 threshold: 0.1 score: 0.8077331435675007
[1,0]<stdout>:[Train] number: 28423 threshold: 0.11 score: 0.8098917201470746
[1,0]<stdout>:[Train] number: 28423 threshold: 0.12 score: 0.8113003556945421
[1,0]<stdout>:[Train] number: 28423 threshold: 0.13 score: 0.8123011592900483
[1,0]<stdout>:[Train] number: 28423 threshold: 0.14 score: 0.8128857859922088
[1,0]<stdout>:[Train] number: 28423 threshold: 0.15 score: 0.8126387702206901
[1,2]<stdout>:[TEST]: 0/149	Loss 10.48078 (10.48078)
[1,1]<stdout>:[TEST]: 0/149	Loss 9.02525 (9.02525)
[1,0]<stdout>:[TEST]: 0/149	Loss 11.13707 (11.13707)
[1,3]<stdout>:[TEST]: 0/149	Loss 10.58000 (10.58000)
[1,2]<stdout>:[TEST]: 100/149	Loss 12.48625 (11.45550)
[1,1]<stdout>:[TEST]: 100/149	Loss 11.70822 (11.19973)
[1,0]<stdout>:[TEST]: 100/149	Loss 11.41900 (11.44703)
[1,3]<stdout>:[TEST]: 100/149	Loss 10.27140 (11.43877)
[1,2]<stdout>:[TEST]: 148/149	Loss 11.40841 (11.45454)
[1,1]<stdout>:[TEST]: 148/149	Loss 21.60969 (11.24233)
[1,0]<stdout>:[TEST]: 148/149	Loss 4.34301 (11.40524)
[1,3]<stdout>:[TEST]: 148/149	Loss 4.96304 (11.42433)
[1,0]<stdout>:[Test] number: 7107 threshold: 0.05 score: 0.6313904877006543
[1,0]<stdout>:[Test] number: 7107 threshold: 0.06 score: 0.6328164371376287
[1,0]<stdout>:[Test] number: 7107 threshold: 0.07 score: 0.634361211849311
[1,0]<stdout>:[Test] number: 7107 threshold: 0.08 score: 0.6349812549688497
[1,0]<stdout>:[Test] number: 7107 threshold: 0.09 score: 0.6348515656097757
[1,0]<stdout>:[Test] number: 7107 threshold: 0.1 score: 0.6339383709321387
[1,0]<stdout>:[Test] number: 7107 threshold: 0.11 score: 0.631746822992563
[1,0]<stdout>:[Test] number: 7107 threshold: 0.12 score: 0.6296528042098227
[1,0]<stdout>:[Test] number: 7107 threshold: 0.13 score: 0.6280543418160385
[1,0]<stdout>:[Test] number: 7107 threshold: 0.14 score: 0.6256652497361016
[1,0]<stdout>:[Test] number: 7107 threshold: 0.15 score: 0.6228012577567049
[1,0]<stdout>:Epoch[33] LR: [1.1999999287581886e-06, 1.2000000424450263e-05] Time:870.868762 TrainLoss 5.301224 ValLoss 11.405244  Train_th 0.142500 Val_th 0.075000  Train_Score 0.811215 Val_Score 0.637950
[1,0]<stdout>:--------current best-------:0.637950
[1,0]<stdout>:Epoch: [34][0/593]	Rate:[1.1999999287581886e-06, 1.2000000424450263e-05]	Loss 4.85718 (4.85718)	
[1,3]<stdout>:Epoch: [34][0/593]	Rate:[1.1999999287581886e-06, 1.2000000424450263e-05]	Loss 5.69355 (5.69355)	
[1,1]<stdout>:Epoch: [34][0/593]	Rate:[1.1999999287581886e-06, 1.2000000424450263e-05]	Loss 5.90200 (5.90200)	
[1,2]<stdout>:Epoch: [34][0/593]	Rate:[1.1999999287581886e-06, 1.2000000424450263e-05]	Loss 5.82301 (5.82301)	
[1,2]<stdout>:Epoch: [34][100/593]	Rate:[1.1999999287581886e-06, 1.2000000424450263e-05]	Loss 5.51710 (5.27290)	
[1,3]<stdout>:Epoch: [34][100/593]	Rate:[1.1999999287581886e-06, 1.2000000424450263e-05]	Loss 6.02202 (5.38275)	
[1,1]<stdout>:Epoch: [34][100/593]	Rate:[1.1999999287581886e-06, 1.2000000424450263e-05]	Loss 4.49900 (5.40511)	
[1,0]<stdout>:Epoch: [34][100/593]	Rate:[1.1999999287581886e-06, 1.2000000424450263e-05]	Loss 5.09785 (5.26247)	
[1,3]<stdout>:Epoch: [34][200/593]	Rate:[1.1999999287581886e-06, 1.2000000424450263e-05]	Loss 5.23869 (5.29210)	
[1,2]<stdout>:Epoch: [34][200/593]	Rate:[1.1999999287581886e-06, 1.2000000424450263e-05]	Loss 5.62348 (5.25599)	
[1,1]<stdout>:Epoch: [34][200/593]	Rate:[1.1999999287581886e-06, 1.2000000424450263e-05]	Loss 4.51604 (5.34993)	
[1,0]<stdout>:Epoch: [34][200/593]	Rate:[1.1999999287581886e-06, 1.2000000424450263e-05]	Loss 6.21081 (5.30694)	
[1,2]<stdout>:Epoch: [34][300/593]	Rate:[1.1999999287581886e-06, 1.2000000424450263e-05]	Loss 5.05257 (5.28610)	
[1,0]<stdout>:Epoch: [34][300/593]	Rate:[1.1999999287581886e-06, 1.2000000424450263e-05]	Loss 5.50790 (5.29775)	
[1,3]<stdout>:Epoch: [34][300/593]	Rate:[1.1999999287581886e-06, 1.2000000424450263e-05]	Loss 5.08180 (5.27600)	
[1,1]<stdout>:Epoch: [34][300/593]	Rate:[1.1999999287581886e-06, 1.2000000424450263e-05]	Loss 5.18872 (5.33906)	
[1,3]<stdout>:Epoch: [34][400/593]	Rate:[1.1999999287581886e-06, 1.2000000424450263e-05]	Loss 5.03489 (5.29782)	
[1,1]<stdout>:Epoch: [34][400/593]	Rate:[1.1999999287581886e-06, 1.2000000424450263e-05]	Loss 4.86535 (5.36607)	
[1,0]<stdout>:Epoch: [34][400/593]	Rate:[1.1999999287581886e-06, 1.2000000424450263e-05]	Loss 4.69211 (5.31881)	
[1,2]<stdout>:Epoch: [34][400/593]	Rate:[1.1999999287581886e-06, 1.2000000424450263e-05]	Loss 4.32198 (5.30001)	
[1,0]<stdout>:Epoch: [34][500/593]	Rate:[1.1999999287581886e-06, 1.2000000424450263e-05]	Loss 5.61464 (5.32829)	
[1,2]<stdout>:Epoch: [34][500/593]	Rate:[1.1999999287581886e-06, 1.2000000424450263e-05]	Loss 6.65031 (5.32071)	
[1,1]<stdout>:Epoch: [34][500/593]	Rate:[1.1999999287581886e-06, 1.2000000424450263e-05]	Loss 3.77961 (5.34411)	
[1,3]<stdout>:Epoch: [34][500/593]	Rate:[1.1999999287581886e-06, 1.2000000424450263e-05]	Loss 4.57360 (5.29729)	
[1,2]<stdout>:Epoch: [34][592/593]	Rate:[1.1999999287581886e-06, 1.2000000424450263e-05]	Loss 18.41318 (5.31957)	
[1,3]<stdout>:Epoch: [34][592/593]	Rate:[1.1999999287581886e-06, 1.2000000424450263e-05]	Loss 11.18344 (5.30173)	
[1,0]<stdout>:Epoch: [34][592/593]	Rate:[1.1999999287581886e-06, 1.2000000424450263e-05]	Loss 10.73895 (5.33865)	
[1,1]<stdout>:Epoch: [34][592/593]	Rate:[1.1999999287581886e-06, 1.2000000424450263e-05]	Loss 9.34935 (5.33686)	
[1,0]<stdout>:[Train] number: 28423 threshold: 0.05 score: 0.7830991590342108
[1,0]<stdout>:[Train] number: 28423 threshold: 0.06 score: 0.7903224096811734
[1,0]<stdout>:[Train] number: 28423 threshold: 0.07 score: 0.7964960444821859
[1,0]<stdout>:[Train] number: 28423 threshold: 0.08 score: 0.8011819731853742
[1,0]<stdout>:[Train] number: 28423 threshold: 0.09 score: 0.8053165067347853
[1,0]<stdout>:[Train] number: 28423 threshold: 0.1 score: 0.8081935009808647
[1,0]<stdout>:[Train] number: 28423 threshold: 0.11 score: 0.8103930031218016
[1,0]<stdout>:[Train] number: 28423 threshold: 0.12 score: 0.811605620728616
[1,0]<stdout>:[Train] number: 28423 threshold: 0.13 score: 0.8124603080928879
[1,0]<stdout>:[Train] number: 28423 threshold: 0.14 score: 0.8130091424107401
[1,0]<stdout>:[Train] number: 28423 threshold: 0.15 score: 0.8128584869529487
[1,0]<stdout>:[TEST]: 0/149	Loss 11.22684 (11.22684)
[1,1]<stdout>:[TEST]: 0/149	Loss 9.04096 (9.04096)
[1,2]<stdout>:[TEST]: 0/149	Loss 10.52579 (10.52579)
[1,3]<stdout>:[TEST]: 0/149	Loss 10.40857 (10.40857)
[1,0]<stdout>:[TEST]: 100/149	Loss 11.76284 (11.58189)
[1,1]<stdout>:[TEST]: 100/149	Loss 11.49286 (11.21786)
[1,2]<stdout>:[TEST]: 100/149	Loss 12.53033 (11.46256)
[1,3]<stdout>:[TEST]: 100/149	Loss 10.15464 (11.43464)
[1,0]<stdout>:[TEST]: 148/149	Loss 4.52204 (11.54973)
[1,1]<stdout>:[TEST]: 148/149	Loss 22.58833 (11.25420)
[1,2]<stdout>:[TEST]: 148/149	Loss 10.89895 (11.46194)
[1,3]<stdout>:[TEST]: 148/149	Loss 4.90281 (11.42357)
[1,0]<stdout>:[Test] number: 7107 threshold: 0.05 score: 0.6310683126066441
[1,0]<stdout>:[Test] number: 7107 threshold: 0.06 score: 0.63173563820537
[1,0]<stdout>:[Test] number: 7107 threshold: 0.07 score: 0.63210355123998
[1,0]<stdout>:[Test] number: 7107 threshold: 0.08 score: 0.6319184962813112
[1,0]<stdout>:[Test] number: 7107 threshold: 0.09 score: 0.6315581100015766
[1,0]<stdout>:[Test] number: 7107 threshold: 0.1 score: 0.6299281552954179
