nohup: ignoring input
[1,0]<stdout>:
[1,0]<stdout>:********using distributed training:0***********
[1,3]<stdout>:
[1,3]<stdout>:********using distributed training:3***********
[1,1]<stdout>:
[1,1]<stdout>:********using distributed training:1***********
[1,2]<stdout>:
[1,2]<stdout>:********using distributed training:2***********
[1,0]<stdout>:Namespace(base_lr=3e-05, batch_size=48, distribute='True', epochs=40, evaluate=False, fp16_allreduce=False, output='result', print_freq=100, resume='', start_epoch=0, use_adasum=False, workers=16)
[1,0]<stdout>:
[1,0]<stdout>:######################## training fold 0 #######################
[1,0]<stdout>:Epoch: [0][0/593]	Rate:[0.00011999999696854502, 0.0012000000569969416]	Loss 2438.87036 (2438.87036)	
[1,2]<stdout>:Epoch: [0][0/593]	Rate:[0.00011999999696854502, 0.0012000000569969416]	Loss 2437.68433 (2437.68433)	
[1,3]<stdout>:Epoch: [0][0/593]	Rate:[0.00011999999696854502, 0.0012000000569969416]	Loss 2439.66504 (2439.66504)	
[1,1]<stdout>:Epoch: [0][0/593]	Rate:[0.00011999999696854502, 0.0012000000569969416]	Loss 2438.16479 (2438.16479)	
[1,2]<stdout>:Epoch: [0][100/593]	Rate:[0.00011999999696854502, 0.0012000000569969416]	Loss 21.28414 (82.02989)	
[1,0]<stdout>:Epoch: [0][100/593]	Rate:[0.00011999999696854502, 0.0012000000569969416]	Loss 18.23940 (82.17881)	
[1,1]<stdout>:Epoch: [0][100/593]	Rate:[0.00011999999696854502, 0.0012000000569969416]	Loss 17.16956 (81.63915)	
[1,3]<stdout>:Epoch: [0][100/593]	Rate:[0.00011999999696854502, 0.0012000000569969416]	Loss 19.98503 (82.22285)	
[1,0]<stdout>:Epoch: [0][200/593]	Rate:[0.00011999999696854502, 0.0012000000569969416]	Loss 16.48539 (50.05659)	
[1,2]<stdout>:Epoch: [0][200/593]	Rate:[0.00011999999696854502, 0.0012000000569969416]	Loss 14.40757 (49.92041)	
[1,3]<stdout>:Epoch: [0][200/593]	Rate:[0.00011999999696854502, 0.0012000000569969416]	Loss 16.88428 (50.02716)	
[1,1]<stdout>:Epoch: [0][200/593]	Rate:[0.00011999999696854502, 0.0012000000569969416]	Loss 14.95976 (49.88316)	
[1,0]<stdout>:Epoch: [0][300/593]	Rate:[0.00011999999696854502, 0.0012000000569969416]	Loss 15.64398 (38.78573)	
[1,3]<stdout>:Epoch: [0][300/593]	Rate:[0.00011999999696854502, 0.0012000000569969416]	Loss 16.45444 (38.70770)	
[1,2]<stdout>:Epoch: [0][300/593]	Rate:[0.00011999999696854502, 0.0012000000569969416]	Loss 13.52828 (38.65675)	
[1,1]<stdout>:Epoch: [0][300/593]	Rate:[0.00011999999696854502, 0.0012000000569969416]	Loss 13.53888 (38.49961)	
[1,3]<stdout>:Epoch: [0][400/593]	Rate:[0.00011999999696854502, 0.0012000000569969416]	Loss 13.73455 (32.78068)	
[1,0]<stdout>:Epoch: [0][400/593]	Rate:[0.00011999999696854502, 0.0012000000569969416]	Loss 15.93480 (32.86298)	
[1,1]<stdout>:Epoch: [0][400/593]	Rate:[0.00011999999696854502, 0.0012000000569969416]	Loss 14.64143 (32.60324)	
[1,2]<stdout>:Epoch: [0][400/593]	Rate:[0.00011999999696854502, 0.0012000000569969416]	Loss 16.02374 (32.72024)	
[1,3]<stdout>:Epoch: [0][500/593]	Rate:[0.00011999999696854502, 0.0012000000569969416]	Loss 16.21033 (29.08461)	
[1,0]<stdout>:Epoch: [0][500/593]	Rate:[0.00011999999696854502, 0.0012000000569969416]	Loss 11.61566 (29.12450)	
[1,1]<stdout>:Epoch: [0][500/593]	Rate:[0.00011999999696854502, 0.0012000000569969416]	Loss 13.11472 (28.92163)	
[1,2]<stdout>:Epoch: [0][500/593]	Rate:[0.00011999999696854502, 0.0012000000569969416]	Loss 15.22782 (29.02226)	
[1,2]<stdout>:Epoch: [0][592/593]	Rate:[0.00011999999696854502, 0.0012000000569969416]	Loss 11.76893 (26.68215)	
[1,1]<stdout>:Epoch: [0][592/593]	Rate:[0.00011999999696854502, 0.0012000000569969416]	Loss 17.89449 (26.58432)	
[1,3]<stdout>:Epoch: [0][592/593]	Rate:[0.00011999999696854502, 0.0012000000569969416]	Loss 11.57959 (26.68898)	
[1,0]<stdout>:Epoch: [0][592/593]	Rate:[0.00011999999696854502, 0.0012000000569969416]	Loss 8.23831 (26.77855)	
[1,0]<stdout>:[Train] number: 28423 threshold: 0.05 score: 0.4652393977751855
[1,0]<stdout>:[Train] number: 28423 threshold: 0.06 score: 0.4665011500770767
[1,0]<stdout>:[Train] number: 28423 threshold: 0.07 score: 0.4670984289657074
[1,0]<stdout>:[Train] number: 28423 threshold: 0.08 score: 0.46699835819044744
[1,0]<stdout>:[Train] number: 28423 threshold: 0.09 score: 0.46573936000993743
[1,0]<stdout>:[Train] number: 28423 threshold: 0.1 score: 0.4639397021072568
[1,0]<stdout>:[Train] number: 28423 threshold: 0.11 score: 0.4603398174468712
[1,0]<stdout>:[Train] number: 28423 threshold: 0.12 score: 0.4566630227206991
[1,0]<stdout>:[Train] number: 28423 threshold: 0.13 score: 0.4523322070251502
[1,0]<stdout>:[Train] number: 28423 threshold: 0.14 score: 0.4474340946726162
[1,0]<stdout>:[Train] number: 28423 threshold: 0.15 score: 0.44141109136444917
[1,0]<stdout>:[TEST]: 0/149	Loss 13.76187 (13.76187)
[1,2]<stdout>:[TEST]: 0/149	Loss 12.16543 (12.16543)
[1,3]<stdout>:[TEST]: 0/149	Loss 13.49037 (13.49037)
[1,1]<stdout>:[TEST]: 0/149	Loss 10.94310 (10.94310)
[1,2]<stdout>:[TEST]: 100/149	Loss 13.16513 (13.55544)
[1,3]<stdout>:[TEST]: 100/149	Loss 12.83633 (13.58024)
[1,0]<stdout>:[TEST]: 100/149	Loss 15.10077 (13.55815)
[1,1]<stdout>:[TEST]: 100/149	Loss 14.16894 (13.52768)
[1,2]<stdout>:[TEST]: 148/149	Loss 14.96010 (13.54770)
[1,3]<stdout>:[TEST]: 148/149	Loss 7.40371 (13.55251)
[1,0]<stdout>:[TEST]: 148/149	Loss 8.60562 (13.55949)
[1,1]<stdout>:[TEST]: 148/149	Loss 21.30908 (13.55931)
[1,0]<stdout>:[Test] number: 7107 threshold: 0.05 score: 0.5420640278344525
[1,0]<stdout>:[Test] number: 7107 threshold: 0.06 score: 0.5449885560538861
[1,0]<stdout>:[Test] number: 7107 threshold: 0.07 score: 0.5461993086478393
[1,0]<stdout>:[Test] number: 7107 threshold: 0.08 score: 0.5464427082694033
[1,0]<stdout>:[Test] number: 7107 threshold: 0.09 score: 0.5462866789015131
[1,0]<stdout>:[Test] number: 7107 threshold: 0.1 score: 0.5445395307374027
[1,0]<stdout>:[Test] number: 7107 threshold: 0.11 score: 0.5414409040460929
[1,0]<stdout>:[Test] number: 7107 threshold: 0.12 score: 0.5392215890863257
[1,0]<stdout>:[Test] number: 7107 threshold: 0.13 score: 0.5360357571255115
[1,0]<stdout>:[Test] number: 7107 threshold: 0.14 score: 0.532771879422161
[1,0]<stdout>:[Test] number: 7107 threshold: 0.15 score: 0.5274102190903469
[1,0]<stdout>:Epoch[0] LR: [0.00011999999696854502, 0.0012000000569969416] Time:881.415196 TrainLoss 26.778548 ValLoss 13.559486  Train_th 0.070000 Val_th 0.085000  Train_Score 0.468870 Val_Score 0.547693
[1,0]<stdout>:--------current best-------:0.547693
[1,2]<stdout>:Epoch: [1][0/593]	Rate:[0.00011999999696854502, 0.0012000000569969416]	Loss 14.24501 (14.24501)	
[1,0]<stdout>:Epoch: [1][0/593]	Rate:[0.00011999999696854502, 0.0012000000569969416]	Loss 13.44413 (13.44413)	
[1,1]<stdout>:Epoch: [1][0/593]	Rate:[0.00011999999696854502, 0.0012000000569969416]	Loss 11.42467 (11.42467)	
[1,3]<stdout>:Epoch: [1][0/593]	Rate:[0.00011999999696854502, 0.0012000000569969416]	Loss 11.37963 (11.37963)	
[1,0]<stdout>:Epoch: [1][100/593]	Rate:[0.00011999999696854502, 0.0012000000569969416]	Loss 10.18434 (12.96305)	
[1,3]<stdout>:Epoch: [1][100/593]	Rate:[0.00011999999696854502, 0.0012000000569969416]	Loss 15.21461 (12.90113)	
[1,2]<stdout>:Epoch: [1][100/593]	Rate:[0.00011999999696854502, 0.0012000000569969416]	Loss 13.26372 (13.13955)	
[1,1]<stdout>:Epoch: [1][100/593]	Rate:[0.00011999999696854502, 0.0012000000569969416]	Loss 14.10035 (12.57780)	
[1,3]<stdout>:Epoch: [1][200/593]	Rate:[0.00011999999696854502, 0.0012000000569969416]	Loss 11.96372 (12.73466)	
[1,0]<stdout>:Epoch: [1][200/593]	Rate:[0.00011999999696854502, 0.0012000000569969416]	Loss 13.25970 (12.77305)	
[1,1]<stdout>:Epoch: [1][200/593]	Rate:[0.00011999999696854502, 0.0012000000569969416]	Loss 12.55184 (12.63425)	
[1,2]<stdout>:Epoch: [1][200/593]	Rate:[0.00011999999696854502, 0.0012000000569969416]	Loss 11.45177 (12.84906)	
[1,3]<stdout>:Epoch: [1][300/593]	Rate:[0.00011999999696854502, 0.0012000000569969416]	Loss 13.80470 (12.65045)	
[1,0]<stdout>:Epoch: [1][300/593]	Rate:[0.00011999999696854502, 0.0012000000569969416]	Loss 9.82949 (12.65304)	
[1,1]<stdout>:Epoch: [1][300/593]	Rate:[0.00011999999696854502, 0.0012000000569969416]	Loss 11.25209 (12.56569)	
[1,2]<stdout>:Epoch: [1][300/593]	Rate:[0.00011999999696854502, 0.0012000000569969416]	Loss 11.96516 (12.68898)	
[1,3]<stdout>:Epoch: [1][400/593]	Rate:[0.00011999999696854502, 0.0012000000569969416]	Loss 11.44382 (12.55449)	
[1,0]<stdout>:Epoch: [1][400/593]	Rate:[0.00011999999696854502, 0.0012000000569969416]	Loss 11.36471 (12.53445)	
[1,2]<stdout>:Epoch: [1][400/593]	Rate:[0.00011999999696854502, 0.0012000000569969416]	Loss 10.96050 (12.55591)	
[1,1]<stdout>:Epoch: [1][400/593]	Rate:[0.00011999999696854502, 0.0012000000569969416]	Loss 11.11390 (12.47168)	
[1,3]<stdout>:Epoch: [1][500/593]	Rate:[0.00011999999696854502, 0.0012000000569969416]	Loss 11.08250 (12.43823)	
[1,1]<stdout>:Epoch: [1][500/593]	Rate:[0.00011999999696854502, 0.0012000000569969416]	Loss 14.46023 (12.37841)	
[1,0]<stdout>:Epoch: [1][500/593]	Rate:[0.00011999999696854502, 0.0012000000569969416]	Loss 12.13996 (12.43658)	
[1,2]<stdout>:Epoch: [1][500/593]	Rate:[0.00011999999696854502, 0.0012000000569969416]	Loss 11.45375 (12.47003)	
[1,3]<stdout>:Epoch: [1][592/593]	Rate:[0.00011999999696854502, 0.0012000000569969416]	Loss 12.04634 (12.38026)	
[1,0]<stdout>:Epoch: [1][592/593]	Rate:[0.00011999999696854502, 0.0012000000569969416]	Loss 16.93635 (12.38632)	
[1,2]<stdout>:Epoch: [1][592/593]	Rate:[0.00011999999696854502, 0.0012000000569969416]	Loss 6.21627 (12.39561)	
[1,1]<stdout>:Epoch: [1][592/593]	Rate:[0.00011999999696854502, 0.0012000000569969416]	Loss 14.89570 (12.32665)	
[1,0]<stdout>:[Train] number: 28423 threshold: 0.05 score: 0.5720022221888813
[1,0]<stdout>:[Train] number: 28423 threshold: 0.06 score: 0.5750309221394216
[1,0]<stdout>:[Train] number: 28423 threshold: 0.07 score: 0.5777838252173259
[1,0]<stdout>:[Train] number: 28423 threshold: 0.08 score: 0.5792166536676969
[1,0]<stdout>:[Train] number: 28423 threshold: 0.09 score: 0.5798591502187094
[1,0]<stdout>:[Train] number: 28423 threshold: 0.1 score: 0.5799495801855402
[1,0]<stdout>:[Train] number: 28423 threshold: 0.11 score: 0.5790231304304846
[1,0]<stdout>:[Train] number: 28423 threshold: 0.12 score: 0.5772986775197829
[1,0]<stdout>:[Train] number: 28423 threshold: 0.13 score: 0.5750825268111408
[1,0]<stdout>:[Train] number: 28423 threshold: 0.14 score: 0.5724915903533185
[1,0]<stdout>:[Train] number: 28423 threshold: 0.15 score: 0.5696497868779618
[1,0]<stdout>:[TEST]: 0/149	Loss 12.37769 (12.37769)
[1,3]<stdout>:[TEST]: 0/149	Loss 11.94303 (11.94303)
[1,2]<stdout>:[TEST]: 0/149	Loss 11.03102 (11.03102)
[1,1]<stdout>:[TEST]: 0/149	Loss 10.26502 (10.26502)
[1,0]<stdout>:[TEST]: 100/149	Loss 12.64255 (12.26942)
[1,3]<stdout>:[TEST]: 100/149	Loss 11.11055 (12.21857)
[1,2]<stdout>:[TEST]: 100/149	Loss 12.54952 (12.29145)
[1,1]<stdout>:[TEST]: 100/149	Loss 12.22289 (12.17079)
[1,0]<stdout>:[TEST]: 148/149	Loss 7.33443 (12.26374)
[1,3]<stdout>:[TEST]: 148/149	Loss 8.33394 (12.20324)
[1,2]<stdout>:[TEST]: 148/149	Loss 13.81366 (12.29588)
[1,1]<stdout>:[TEST]: 148/149	Loss 20.55373 (12.22349)
[1,0]<stdout>:[Test] number: 7107 threshold: 0.05 score: 0.5773732028115329
[1,0]<stdout>:[Test] number: 7107 threshold: 0.06 score: 0.5799200282813908
[1,0]<stdout>:[Test] number: 7107 threshold: 0.07 score: 0.5821560113164326
[1,0]<stdout>:[Test] number: 7107 threshold: 0.08 score: 0.5836741002777291
[1,0]<stdout>:[Test] number: 7107 threshold: 0.09 score: 0.5837724779138094
[1,0]<stdout>:[Test] number: 7107 threshold: 0.1 score: 0.5833085982906885
[1,0]<stdout>:[Test] number: 7107 threshold: 0.11 score: 0.5820020834078135
[1,0]<stdout>:[Test] number: 7107 threshold: 0.12 score: 0.5803350973988749
[1,0]<stdout>:[Test] number: 7107 threshold: 0.13 score: 0.5783738585410866
[1,0]<stdout>:[Test] number: 7107 threshold: 0.14 score: 0.5762856278687573
[1,0]<stdout>:[Test] number: 7107 threshold: 0.15 score: 0.5730318176568219
[1,0]<stdout>:Epoch[1] LR: [0.00011999999696854502, 0.0012000000569969416] Time:879.728395 TrainLoss 12.386323 ValLoss 12.263739  Train_th 0.092500 Val_th 0.092500  Train_Score 0.579352 Val_Score 0.585999
[1,0]<stdout>:--------current best-------:0.585999
[1,0]<stdout>:Epoch: [2][0/593]	Rate:[0.00011999999696854502, 0.0012000000569969416]	Loss 8.53475 (8.53475)	
[1,2]<stdout>:Epoch: [2][0/593]	Rate:[0.00011999999696854502, 0.0012000000569969416]	Loss 9.99696 (9.99696)	
[1,1]<stdout>:Epoch: [2][0/593]	Rate:[0.00011999999696854502, 0.0012000000569969416]	Loss 10.87413 (10.87413)	
[1,3]<stdout>:Epoch: [2][0/593]	Rate:[0.00011999999696854502, 0.0012000000569969416]	Loss 10.20532 (10.20532)	
[1,3]<stdout>:Epoch: [2][100/593]	Rate:[0.00011999999696854502, 0.0012000000569969416]	Loss 11.03895 (10.93469)	
[1,0]<stdout>:Epoch: [2][100/593]	Rate:[0.00011999999696854502, 0.0012000000569969416]	Loss 9.83270 (10.96019)	
[1,2]<stdout>:Epoch: [2][100/593]	Rate:[0.00011999999696854502, 0.0012000000569969416]	Loss 11.24110 (10.89970)	
[1,1]<stdout>:Epoch: [2][100/593]	Rate:[0.00011999999696854502, 0.0012000000569969416]	Loss 11.60370 (10.87160)	
[1,0]<stdout>:Epoch: [2][200/593]	Rate:[0.00011999999696854502, 0.0012000000569969416]	Loss 9.70831 (10.94397)	
[1,3]<stdout>:Epoch: [2][200/593]	Rate:[0.00011999999696854502, 0.0012000000569969416]	Loss 10.54154 (10.96117)	
[1,1]<stdout>:Epoch: [2][200/593]	Rate:[0.00011999999696854502, 0.0012000000569969416]	Loss 10.49602 (10.81649)	
[1,2]<stdout>:Epoch: [2][200/593]	Rate:[0.00011999999696854502, 0.0012000000569969416]	Loss 10.68344 (10.95293)	
[1,3]<stdout>:Epoch: [2][300/593]	Rate:[0.00011999999696854502, 0.0012000000569969416]	Loss 8.44984 (10.92825)	
[1,0]<stdout>:Epoch: [2][300/593]	Rate:[0.00011999999696854502, 0.0012000000569969416]	Loss 9.38103 (10.94398)	
[1,2]<stdout>:Epoch: [2][300/593]	Rate:[0.00011999999696854502, 0.0012000000569969416]	Loss 8.94943 (10.92162)	
[1,1]<stdout>:Epoch: [2][300/593]	Rate:[0.00011999999696854502, 0.0012000000569969416]	Loss 9.33878 (10.85021)	
[1,1]<stdout>:Epoch: [2][400/593]	Rate:[0.00011999999696854502, 0.0012000000569969416]	Loss 9.33595 (10.85033)	
[1,2]<stdout>:Epoch: [2][400/593]	Rate:[0.00011999999696854502, 0.0012000000569969416]	Loss 10.72069 (10.91210)	
[1,3]<stdout>:Epoch: [2][400/593]	Rate:[0.00011999999696854502, 0.0012000000569969416]	Loss 12.00300 (10.91441)	
[1,0]<stdout>:Epoch: [2][400/593]	Rate:[0.00011999999696854502, 0.0012000000569969416]	Loss 12.20336 (10.91137)	
[1,1]<stdout>:Epoch: [2][500/593]	Rate:[0.00011999999696854502, 0.0012000000569969416]	Loss 9.65415 (10.81284)	
[1,2]<stdout>:Epoch: [2][500/593]	Rate:[0.00011999999696854502, 0.0012000000569969416]	Loss 12.75014 (10.88321)	
[1,3]<stdout>:Epoch: [2][500/593]	Rate:[0.00011999999696854502, 0.0012000000569969416]	Loss 9.79346 (10.85804)	
[1,0]<stdout>:Epoch: [2][500/593]	Rate:[0.00011999999696854502, 0.0012000000569969416]	Loss 12.73275 (10.89460)	
[1,2]<stdout>:Epoch: [2][592/593]	Rate:[0.00011999999696854502, 0.0012000000569969416]	Loss 10.88279 (10.86610)	
[1,0]<stdout>:Epoch: [2][592/593]	Rate:[0.00011999999696854502, 0.0012000000569969416]	Loss 12.51809 (10.89454)	
[1,1]<stdout>:Epoch: [2][592/593]	Rate:[0.00011999999696854502, 0.0012000000569969416]	Loss 14.46355 (10.81993)	
[1,3]<stdout>:Epoch: [2][592/593]	Rate:[0.00011999999696854502, 0.0012000000569969416]	Loss 18.73547 (10.87054)	
[1,0]<stdout>:[Train] number: 28423 threshold: 0.05 score: 0.6124403545972118
[1,0]<stdout>:[Train] number: 28423 threshold: 0.06 score: 0.6163917277154963
[1,0]<stdout>:[Train] number: 28423 threshold: 0.07 score: 0.6194562279214384
[1,0]<stdout>:[Train] number: 28423 threshold: 0.08 score: 0.6218311200152751
[1,0]<stdout>:[Train] number: 28423 threshold: 0.09 score: 0.6235101239041744
[1,0]<stdout>:[Train] number: 28423 threshold: 0.1 score: 0.6240744572791455
[1,0]<stdout>:[Train] number: 28423 threshold: 0.11 score: 0.623741160849245
[1,0]<stdout>:[Train] number: 28423 threshold: 0.12 score: 0.6226587962916692
[1,0]<stdout>:[Train] number: 28423 threshold: 0.13 score: 0.6213073343111057
[1,0]<stdout>:[Train] number: 28423 threshold: 0.14 score: 0.6193053104146004
[1,0]<stdout>:[Train] number: 28423 threshold: 0.15 score: 0.6164140355562946
[1,0]<stdout>:[TEST]: 0/149	Loss 11.64955 (11.64955)
[1,1]<stdout>:[TEST]: 0/149	Loss 9.89686 (9.89686)
[1,2]<stdout>:[TEST]: 0/149	Loss 11.30203 (11.30203)
[1,3]<stdout>:[TEST]: 0/149	Loss 11.24068 (11.24068)
[1,0]<stdout>:[TEST]: 100/149	Loss 12.37787 (11.83877)
[1,1]<stdout>:[TEST]: 100/149	Loss 12.18046 (11.66169)
[1,2]<stdout>:[TEST]: 100/149	Loss 12.25298 (11.84240)
[1,3]<stdout>:[TEST]: 100/149	Loss 10.71140 (11.79812)
[1,0]<stdout>:[TEST]: 148/149	Loss 6.06890 (11.85088)
[1,1]<stdout>:[TEST]: 148/149	Loss 19.57733 (11.72029)
[1,2]<stdout>:[TEST]: 148/149	Loss 11.88865 (11.85076)
[1,3]<stdout>:[TEST]: 148/149	Loss 6.54538 (11.78255)
[1,0]<stdout>:[Test] number: 7107 threshold: 0.05 score: 0.5924095177068536
[1,0]<stdout>:[Test] number: 7107 threshold: 0.06 score: 0.5955732449175591
[1,0]<stdout>:[Test] number: 7107 threshold: 0.07 score: 0.5972059773126862
[1,0]<stdout>:[Test] number: 7107 threshold: 0.08 score: 0.5987018738196832
[1,0]<stdout>:[Test] number: 7107 threshold: 0.09 score: 0.6001547970800197
[1,0]<stdout>:[Test] number: 7107 threshold: 0.1 score: 0.600013007823253
[1,0]<stdout>:[Test] number: 7107 threshold: 0.11 score: 0.599078222589243
[1,0]<stdout>:[Test] number: 7107 threshold: 0.12 score: 0.5978402801820557
[1,0]<stdout>:[Test] number: 7107 threshold: 0.13 score: 0.5963374629787276
[1,0]<stdout>:[Test] number: 7107 threshold: 0.14 score: 0.594467052604726
[1,0]<stdout>:[Test] number: 7107 threshold: 0.15 score: 0.5927363918624208
[1,0]<stdout>:Epoch[2] LR: [0.00011999999696854502, 0.0012000000569969416] Time:875.156078 TrainLoss 10.894541 ValLoss 11.850878  Train_th 0.100000 Val_th 0.095000  Train_Score 0.623253 Val_Score 0.602759
[1,0]<stdout>:--------current best-------:0.602759
[1,2]<stdout>:Epoch: [3][0/593]	Rate:[0.00011999999696854502, 0.0012000000569969416]	Loss 9.91997 (9.91997)	
[1,0]<stdout>:Epoch: [3][0/593]	Rate:[0.00011999999696854502, 0.0012000000569969416]	Loss 9.20169 (9.20169)	
[1,1]<stdout>:Epoch: [3][0/593]	Rate:[0.00011999999696854502, 0.0012000000569969416]	Loss 8.86457 (8.86457)	
[1,3]<stdout>:Epoch: [3][0/593]	Rate:[0.00011999999696854502, 0.0012000000569969416]	Loss 9.61992 (9.61992)	
[1,2]<stdout>:Epoch: [3][100/593]	Rate:[0.00011999999696854502, 0.0012000000569969416]	Loss 8.33825 (9.44681)	
[1,1]<stdout>:Epoch: [3][100/593]	Rate:[0.00011999999696854502, 0.0012000000569969416]	Loss 8.18712 (9.77795)	
[1,3]<stdout>:Epoch: [3][100/593]	Rate:[0.00011999999696854502, 0.0012000000569969416]	Loss 10.59466 (9.69317)	
[1,0]<stdout>:Epoch: [3][100/593]	Rate:[0.00011999999696854502, 0.0012000000569969416]	Loss 10.38496 (9.58990)	
[1,0]<stdout>:Epoch: [3][200/593]	Rate:[0.00011999999696854502, 0.0012000000569969416]	Loss 9.37321 (9.61991)	
[1,2]<stdout>:Epoch: [3][200/593]	Rate:[0.00011999999696854502, 0.0012000000569969416]	Loss 9.24261 (9.51090)	
[1,1]<stdout>:Epoch: [3][200/593]	Rate:[0.00011999999696854502, 0.0012000000569969416]	Loss 9.41596 (9.81223)	
[1,3]<stdout>:Epoch: [3][200/593]	Rate:[0.00011999999696854502, 0.0012000000569969416]	Loss 10.20379 (9.63256)	
[1,0]<stdout>:Epoch: [3][300/593]	Rate:[0.00011999999696854502, 0.0012000000569969416]	Loss 11.90488 (9.62995)	
[1,3]<stdout>:Epoch: [3][300/593]	Rate:[0.00011999999696854502, 0.0012000000569969416]	Loss 10.36614 (9.65358)	
[1,2]<stdout>:Epoch: [3][300/593]	Rate:[0.00011999999696854502, 0.0012000000569969416]	Loss 8.16518 (9.65177)	
[1,1]<stdout>:Epoch: [3][300/593]	Rate:[0.00011999999696854502, 0.0012000000569969416]	Loss 10.99400 (9.80953)	
[1,3]<stdout>:Epoch: [3][400/593]	Rate:[0.00011999999696854502, 0.0012000000569969416]	Loss 10.70211 (9.69245)	
[1,0]<stdout>:Epoch: [3][400/593]	Rate:[0.00011999999696854502, 0.0012000000569969416]	Loss 7.69839 (9.64158)	
[1,2]<stdout>:Epoch: [3][400/593]	Rate:[0.00011999999696854502, 0.0012000000569969416]	Loss 8.49211 (9.68127)	
[1,1]<stdout>:Epoch: [3][400/593]	Rate:[0.00011999999696854502, 0.0012000000569969416]	Loss 10.48883 (9.79867)	
[1,2]<stdout>:Epoch: [3][500/593]	Rate:[0.00011999999696854502, 0.0012000000569969416]	Loss 9.33316 (9.70616)	
[1,0]<stdout>:Epoch: [3][500/593]	Rate:[0.00011999999696854502, 0.0012000000569969416]	Loss 9.42158 (9.67787)	
[1,3]<stdout>:Epoch: [3][500/593]	Rate:[0.00011999999696854502, 0.0012000000569969416]	Loss 10.02928 (9.73852)	
[1,1]<stdout>:Epoch: [3][500/593]	Rate:[0.00011999999696854502, 0.0012000000569969416]	Loss 9.05964 (9.82265)	
[1,2]<stdout>:Epoch: [3][592/593]	Rate:[0.00011999999696854502, 0.0012000000569969416]	Loss 18.14787 (9.74787)	
[1,0]<stdout>:Epoch: [3][592/593]	Rate:[0.00011999999696854502, 0.0012000000569969416]	Loss 9.98789 (9.70606)	
[1,3]<stdout>:Epoch: [3][592/593]	Rate:[0.00011999999696854502, 0.0012000000569969416]	Loss 15.03331 (9.74260)	
[1,1]<stdout>:Epoch: [3][592/593]	Rate:[0.00011999999696854502, 0.0012000000569969416]	Loss 13.59016 (9.85791)	
[1,0]<stdout>:[Train] number: 28423 threshold: 0.05 score: 0.647145070393757
[1,0]<stdout>:[Train] number: 28423 threshold: 0.06 score: 0.651391481028772
[1,0]<stdout>:[Train] number: 28423 threshold: 0.07 score: 0.6547750457357066
[1,0]<stdout>:[Train] number: 28423 threshold: 0.08 score: 0.6578062638685488
[1,0]<stdout>:[Train] number: 28423 threshold: 0.09 score: 0.6589415296822222
[1,0]<stdout>:[Train] number: 28423 threshold: 0.1 score: 0.6597496760271728
[1,0]<stdout>:[Train] number: 28423 threshold: 0.11 score: 0.660053292589154
[1,0]<stdout>:[Train] number: 28423 threshold: 0.12 score: 0.6597352453664826
[1,0]<stdout>:[Train] number: 28423 threshold: 0.13 score: 0.6591826520916881
[1,0]<stdout>:[Train] number: 28423 threshold: 0.14 score: 0.6574052216039651
[1,0]<stdout>:[Train] number: 28423 threshold: 0.15 score: 0.655625418404715
[1,3]<stdout>:[TEST]: 0/149	Loss 11.41524 (11.41524)
[1,0]<stdout>:[TEST]: 0/149	Loss 11.60028 (11.60028)
[1,2]<stdout>:[TEST]: 0/149	Loss 10.84130 (10.84130)
[1,1]<stdout>:[TEST]: 0/149	Loss 9.68172 (9.68172)
[1,3]<stdout>:[TEST]: 100/149	Loss 11.02775 (11.82542)
[1,0]<stdout>:[TEST]: 100/149	Loss 11.94977 (11.72976)
[1,2]<stdout>:[TEST]: 100/149	Loss 12.21406 (11.88164)
[1,1]<stdout>:[TEST]: 100/149	Loss 11.23187 (11.54647)
[1,3]<stdout>:[TEST]: 148/149	Loss 6.53872 (11.79641)
[1,0]<stdout>:[TEST]: 148/149	Loss 4.95579 (11.72585)
[1,2]<stdout>:[TEST]: 148/149	Loss 12.59438 (11.84860)
[1,1]<stdout>:[TEST]: 148/149	Loss 20.27622 (11.59099)
[1,0]<stdout>:[Test] number: 7107 threshold: 0.05 score: 0.6054924726294553
[1,0]<stdout>:[Test] number: 7107 threshold: 0.06 score: 0.6081773421553752
[1,0]<stdout>:[Test] number: 7107 threshold: 0.07 score: 0.6089977661224696
[1,0]<stdout>:[Test] number: 7107 threshold: 0.08 score: 0.6099850090297948
[1,0]<stdout>:[Test] number: 7107 threshold: 0.09 score: 0.6102249599933719
[1,0]<stdout>:[Test] number: 7107 threshold: 0.1 score: 0.6103300621111852
[1,0]<stdout>:[Test] number: 7107 threshold: 0.11 score: 0.609328346370642
[1,0]<stdout>:[Test] number: 7107 threshold: 0.12 score: 0.6079100369275835
[1,0]<stdout>:[Test] number: 7107 threshold: 0.13 score: 0.6056370315384133
[1,0]<stdout>:[Test] number: 7107 threshold: 0.14 score: 0.6036776377398227
[1,0]<stdout>:[Test] number: 7107 threshold: 0.15 score: 0.6007435264716543
[1,0]<stdout>:Epoch[3] LR: [0.00011999999696854502, 0.0012000000569969416] Time:876.204047 TrainLoss 9.706056 ValLoss 11.725853  Train_th 0.110000 Val_th 0.085000  Train_Score 0.657087 Val_Score 0.611039
[1,0]<stdout>:--------current best-------:0.611039
[1,3]<stdout>:Epoch: [4][0/593]	Rate:[0.00011999999696854502, 0.0012000000569969416]	Loss 7.99215 (7.99215)	
[1,0]<stdout>:Epoch: [4][0/593]	Rate:[0.00011999999696854502, 0.0012000000569969416]	Loss 9.88226 (9.88226)	
[1,2]<stdout>:Epoch: [4][0/593]	Rate:[0.00011999999696854502, 0.0012000000569969416]	Loss 8.55885 (8.55885)	
[1,1]<stdout>:Epoch: [4][0/593]	Rate:[0.00011999999696854502, 0.0012000000569969416]	Loss 9.46910 (9.46910)	
[1,0]<stdout>:Epoch: [4][100/593]	Rate:[0.00011999999696854502, 0.0012000000569969416]	Loss 9.01803 (8.61099)	
[1,3]<stdout>:Epoch: [4][100/593]	Rate:[0.00011999999696854502, 0.0012000000569969416]	Loss 9.46010 (8.47295)	
[1,2]<stdout>:Epoch: [4][100/593]	Rate:[0.00011999999696854502, 0.0012000000569969416]	Loss 11.64785 (8.63142)	
[1,1]<stdout>:Epoch: [4][100/593]	Rate:[0.00011999999696854502, 0.0012000000569969416]	Loss 9.09354 (8.67659)	
[1,0]<stdout>:Epoch: [4][200/593]	Rate:[0.00011999999696854502, 0.0012000000569969416]	Loss 7.85054 (8.63769)	
[1,3]<stdout>:Epoch: [4][200/593]	Rate:[0.00011999999696854502, 0.0012000000569969416]	Loss 7.45280 (8.60681)	
[1,2]<stdout>:Epoch: [4][200/593]	Rate:[0.00011999999696854502, 0.0012000000569969416]	Loss 8.69153 (8.68038)	
[1,1]<stdout>:Epoch: [4][200/593]	Rate:[0.00011999999696854502, 0.0012000000569969416]	Loss 9.51827 (8.72083)	
[1,2]<stdout>:Epoch: [4][300/593]	Rate:[0.00011999999696854502, 0.0012000000569969416]	Loss 9.16213 (8.71505)	
[1,0]<stdout>:Epoch: [4][300/593]	Rate:[0.00011999999696854502, 0.0012000000569969416]	Loss 10.00370 (8.69139)	
[1,3]<stdout>:Epoch: [4][300/593]	Rate:[0.00011999999696854502, 0.0012000000569969416]	Loss 11.28267 (8.68070)	
[1,1]<stdout>:Epoch: [4][300/593]	Rate:[0.00011999999696854502, 0.0012000000569969416]	Loss 9.72135 (8.74826)	
[1,3]<stdout>:Epoch: [4][400/593]	Rate:[0.00011999999696854502, 0.0012000000569969416]	Loss 9.38330 (8.72274)	
[1,2]<stdout>:Epoch: [4][400/593]	Rate:[0.00011999999696854502, 0.0012000000569969416]	Loss 8.44278 (8.76571)	
[1,0]<stdout>:Epoch: [4][400/593]	Rate:[0.00011999999696854502, 0.0012000000569969416]	Loss 9.05166 (8.73078)	
[1,1]<stdout>:Epoch: [4][400/593]	Rate:[0.00011999999696854502, 0.0012000000569969416]	Loss 9.62417 (8.79109)	
[1,3]<stdout>:Epoch: [4][500/593]	Rate:[0.00011999999696854502, 0.0012000000569969416]	Loss 8.80860 (8.76902)	
[1,0]<stdout>:Epoch: [4][500/593]	Rate:[0.00011999999696854502, 0.0012000000569969416]	Loss 10.65224 (8.77442)	
[1,1]<stdout>:Epoch: [4][500/593]	Rate:[0.00011999999696854502, 0.0012000000569969416]	Loss 10.27805 (8.82883)	
[1,2]<stdout>:Epoch: [4][500/593]	Rate:[0.00011999999696854502, 0.0012000000569969416]	Loss 10.55774 (8.75492)	
[1,3]<stdout>:Epoch: [4][592/593]	Rate:[0.00011999999696854502, 0.0012000000569969416]	Loss 14.23608 (8.82794)	
[1,0]<stdout>:Epoch: [4][592/593]	Rate:[0.00011999999696854502, 0.0012000000569969416]	Loss 17.16372 (8.82667)	
[1,2]<stdout>:Epoch: [4][592/593]	Rate:[0.00011999999696854502, 0.0012000000569969416]	Loss 12.71450 (8.79991)	
[1,1]<stdout>:Epoch: [4][592/593]	Rate:[0.00011999999696854502, 0.0012000000569969416]	Loss 13.15835 (8.86335)	
[1,0]<stdout>:[Train] number: 28423 threshold: 0.05 score: 0.6727171523531188
[1,0]<stdout>:[Train] number: 28423 threshold: 0.06 score: 0.6773386559742519
[1,0]<stdout>:[Train] number: 28423 threshold: 0.07 score: 0.6809134658014128
[1,0]<stdout>:[Train] number: 28423 threshold: 0.08 score: 0.6839203223517442
[1,0]<stdout>:[Train] number: 28423 threshold: 0.09 score: 0.6858191888459902
[1,0]<stdout>:[Train] number: 28423 threshold: 0.1 score: 0.6865462171369981
[1,0]<stdout>:[Train] number: 28423 threshold: 0.11 score: 0.6871172673944352
[1,0]<stdout>:[Train] number: 28423 threshold: 0.12 score: 0.6871800035727161
[1,0]<stdout>:[Train] number: 28423 threshold: 0.13 score: 0.686420844972796
[1,0]<stdout>:[Train] number: 28423 threshold: 0.14 score: 0.6853271508312376
[1,0]<stdout>:[Train] number: 28423 threshold: 0.15 score: 0.683665469148956
[1,3]<stdout>:[TEST]: 0/149	Loss 11.22700 (11.22700)
[1,1]<stdout>:[TEST]: 0/149	Loss 9.79513 (9.79513)
[1,0]<stdout>:[TEST]: 0/149	Loss 11.70996 (11.70996)
[1,2]<stdout>:[TEST]: 0/149	Loss 10.60061 (10.60061)
[1,3]<stdout>:[TEST]: 100/149	Loss 10.92775 (11.60190)
[1,0]<stdout>:[TEST]: 100/149	Loss 11.63285 (11.67365)
[1,2]<stdout>:[TEST]: 100/149	Loss 12.12422 (11.62946)
[1,1]<stdout>:[TEST]: 100/149	Loss 11.45793 (11.52088)
[1,3]<stdout>:[TEST]: 148/149	Loss 6.76345 (11.60752)
[1,0]<stdout>:[TEST]: 148/149	Loss 4.43002 (11.67260)
[1,2]<stdout>:[TEST]: 148/149	Loss 10.61635 (11.63768)
[1,1]<stdout>:[TEST]: 148/149	Loss 22.16553 (11.57415)
[1,0]<stdout>:[Test] number: 7107 threshold: 0.05 score: 0.6076126457276706
[1,0]<stdout>:[Test] number: 7107 threshold: 0.06 score: 0.609766479598143
[1,0]<stdout>:[Test] number: 7107 threshold: 0.07 score: 0.6114357313137343
[1,0]<stdout>:[Test] number: 7107 threshold: 0.08 score: 0.6125499301795354
[1,0]<stdout>:[Test] number: 7107 threshold: 0.09 score: 0.6127568131924495
[1,0]<stdout>:[Test] number: 7107 threshold: 0.1 score: 0.6133190888618438
[1,0]<stdout>:[Test] number: 7107 threshold: 0.11 score: 0.6124302351287494
[1,0]<stdout>:[Test] number: 7107 threshold: 0.12 score: 0.6119241119326941
[1,0]<stdout>:[Test] number: 7107 threshold: 0.13 score: 0.6095635945729855
[1,0]<stdout>:[Test] number: 7107 threshold: 0.14 score: 0.608148939342091
[1,0]<stdout>:[Test] number: 7107 threshold: 0.15 score: 0.6047610082228483
[1,0]<stdout>:Epoch[4] LR: [0.00011999999696854502, 0.0012000000569969416] Time:875.632611 TrainLoss 8.826669 ValLoss 11.672602  Train_th 0.115000 Val_th 0.092500  Train_Score 0.686442 Val_Score 0.615961
[1,0]<stdout>:--------current best-------:0.615961
[1,0]<stdout>:Epoch: [5][0/593]	Rate:[0.00011999999696854502, 0.0012000000569969416]	Loss 6.16886 (6.16886)	
[1,3]<stdout>:Epoch: [5][0/593]	Rate:[0.00011999999696854502, 0.0012000000569969416]	Loss 6.17012 (6.17012)	
[1,1]<stdout>:Epoch: [5][0/593]	Rate:[0.00011999999696854502, 0.0012000000569969416]	Loss 7.56121 (7.56121)	
[1,2]<stdout>:Epoch: [5][0/593]	Rate:[0.00011999999696854502, 0.0012000000569969416]	Loss 7.96597 (7.96597)	
[1,3]<stdout>:Epoch: [5][100/593]	Rate:[0.00011999999696854502, 0.0012000000569969416]	Loss 7.65271 (7.59657)	
[1,0]<stdout>:Epoch: [5][100/593]	Rate:[0.00011999999696854502, 0.0012000000569969416]	Loss 8.20017 (7.61503)	
[1,2]<stdout>:Epoch: [5][100/593]	Rate:[0.00011999999696854502, 0.0012000000569969416]	Loss 7.38090 (7.66694)	
[1,1]<stdout>:Epoch: [5][100/593]	Rate:[0.00011999999696854502, 0.0012000000569969416]	Loss 6.99985 (7.66269)	
[1,3]<stdout>:Epoch: [5][200/593]	Rate:[0.00011999999696854502, 0.0012000000569969416]	Loss 8.52565 (7.69531)	
[1,1]<stdout>:Epoch: [5][200/593]	Rate:[0.00011999999696854502, 0.0012000000569969416]	Loss 9.08790 (7.74357)	
[1,2]<stdout>:Epoch: [5][200/593]	Rate:[0.00011999999696854502, 0.0012000000569969416]	Loss 7.94485 (7.76790)	
[1,0]<stdout>:Epoch: [5][200/593]	Rate:[0.00011999999696854502, 0.0012000000569969416]	Loss 8.98672 (7.67786)	
[1,3]<stdout>:Epoch: [5][300/593]	Rate:[0.00011999999696854502, 0.0012000000569969416]	Loss 8.47347 (7.79717)	
[1,0]<stdout>:Epoch: [5][300/593]	Rate:[0.00011999999696854502, 0.0012000000569969416]	Loss 8.81590 (7.70681)	
[1,2]<stdout>:Epoch: [5][300/593]	Rate:[0.00011999999696854502, 0.0012000000569969416]	Loss 8.05172 (7.81937)	
[1,1]<stdout>:Epoch: [5][300/593]	Rate:[0.00011999999696854502, 0.0012000000569969416]	Loss 8.42468 (7.85598)	
[1,3]<stdout>:Epoch: [5][400/593]	Rate:[0.00011999999696854502, 0.0012000000569969416]	Loss 8.42673 (7.87006)	
[1,2]<stdout>:Epoch: [5][400/593]	Rate:[0.00011999999696854502, 0.0012000000569969416]	Loss 8.82646 (7.88376)	
[1,0]<stdout>:Epoch: [5][400/593]	Rate:[0.00011999999696854502, 0.0012000000569969416]	Loss 7.49075 (7.75131)	
[1,1]<stdout>:Epoch: [5][400/593]	Rate:[0.00011999999696854502, 0.0012000000569969416]	Loss 8.40116 (7.88849)	
[1,0]<stdout>:Epoch: [5][500/593]	Rate:[0.00011999999696854502, 0.0012000000569969416]	Loss 7.58562 (7.81539)	
[1,2]<stdout>:Epoch: [5][500/593]	Rate:[0.00011999999696854502, 0.0012000000569969416]	Loss 8.52023 (7.94818)	
[1,1]<stdout>:Epoch: [5][500/593]	Rate:[0.00011999999696854502, 0.0012000000569969416]	Loss 7.75145 (7.96934)	
[1,3]<stdout>:Epoch: [5][500/593]	Rate:[0.00011999999696854502, 0.0012000000569969416]	Loss 8.64689 (7.89287)	
[1,1]<stdout>:Epoch: [5][592/593]	Rate:[0.00011999999696854502, 0.0012000000569969416]	Loss 10.67004 (8.02774)	
[1,2]<stdout>:Epoch: [5][592/593]	Rate:[0.00011999999696854502, 0.0012000000569969416]	Loss 14.59582 (8.01923)	
[1,3]<stdout>:Epoch: [5][592/593]	Rate:[0.00011999999696854502, 0.0012000000569969416]	Loss 13.10599 (7.91437)	
[1,0]<stdout>:Epoch: [5][592/593]	Rate:[0.00011999999696854502, 0.0012000000569969416]	Loss 13.59485 (7.89344)	
[1,0]<stdout>:[Train] number: 28423 threshold: 0.05 score: 0.6998952090281143
[1,0]<stdout>:[Train] number: 28423 threshold: 0.06 score: 0.7050749378198601
[1,0]<stdout>:[Train] number: 28423 threshold: 0.07 score: 0.7092376406222219
[1,0]<stdout>:[Train] number: 28423 threshold: 0.08 score: 0.7122886057749185
[1,0]<stdout>:[Train] number: 28423 threshold: 0.09 score: 0.7146535194137602
[1,0]<stdout>:[Train] number: 28423 threshold: 0.1 score: 0.7162946175644335
[1,0]<stdout>:[Train] number: 28423 threshold: 0.11 score: 0.7172405290199285
[1,0]<stdout>:[Train] number: 28423 threshold: 0.12 score: 0.7171095945197391
[1,0]<stdout>:[Train] number: 28423 threshold: 0.13 score: 0.7166490357008453
[1,0]<stdout>:[Train] number: 28423 threshold: 0.14 score: 0.7156115842066583
[1,0]<stdout>:[Train] number: 28423 threshold: 0.15 score: 0.7143377965192939
[1,3]<stdout>:[TEST]: 0/149	Loss 10.80836 (10.80836)
[1,2]<stdout>:[TEST]: 0/149	Loss 11.11530 (11.11530)
[1,1]<stdout>:[TEST]: 0/149	Loss 9.57201 (9.57201)
[1,0]<stdout>:[TEST]: 0/149	Loss 10.96410 (10.96410)
[1,3]<stdout>:[TEST]: 100/149	Loss 10.79528 (11.80424)
[1,1]<stdout>:[TEST]: 100/149	Loss 11.97737 (11.63872)
[1,2]<stdout>:[TEST]: 100/149	Loss 12.71447 (11.94749)
[1,0]<stdout>:[TEST]: 100/149	Loss 11.82218 (11.99336)
[1,3]<stdout>:[TEST]: 148/149	Loss 5.16829 (11.77980)
[1,1]<stdout>:[TEST]: 148/149	Loss 23.68046 (11.69171)
[1,2]<stdout>:[TEST]: 148/149	Loss 10.99144 (11.93821)
[1,0]<stdout>:[TEST]: 148/149	Loss 5.76810 (11.94813)
[1,0]<stdout>:[Test] number: 7107 threshold: 0.05 score: 0.6086838538397435
[1,0]<stdout>:[Test] number: 7107 threshold: 0.06 score: 0.6095764415372935
[1,0]<stdout>:[Test] number: 7107 threshold: 0.07 score: 0.6106252687389857
[1,0]<stdout>:[Test] number: 7107 threshold: 0.08 score: 0.6116856083805157
[1,0]<stdout>:[Test] number: 7107 threshold: 0.09 score: 0.6119118783035064
[1,0]<stdout>:[Test] number: 7107 threshold: 0.1 score: 0.6110443006967515
[1,0]<stdout>:[Test] number: 7107 threshold: 0.11 score: 0.6099283719831725
[1,0]<stdout>:[Test] number: 7107 threshold: 0.12 score: 0.6078324709976194
[1,0]<stdout>:[Test] number: 7107 threshold: 0.13 score: 0.6066564682860773
[1,0]<stdout>:[Test] number: 7107 threshold: 0.14 score: 0.6048986806147139
[1,0]<stdout>:[Test] number: 7107 threshold: 0.15 score: 0.6031430039283233
[1,0]<stdout>:Epoch[5] LR: [0.00011999999696854502, 0.0012000000569969416] Time:874.298726 TrainLoss 7.893445 ValLoss 11.948130  Train_th 0.112500 Val_th 0.085000  Train_Score 0.715340 Val_Score 0.616900
[1,0]<stdout>:--------current best-------:0.616900
[1,3]<stdout>:Epoch: [6][0/593]	Rate:[0.00011999999696854502, 0.0012000000569969416]	Loss 7.29135 (7.29135)	
[1,2]<stdout>:Epoch: [6][0/593]	Rate:[0.00011999999696854502, 0.0012000000569969416]	Loss 7.41380 (7.41380)	
[1,1]<stdout>:Epoch: [6][0/593]	Rate:[0.00011999999696854502, 0.0012000000569969416]	Loss 6.35284 (6.35284)	
[1,0]<stdout>:Epoch: [6][0/593]	Rate:[0.00011999999696854502, 0.0012000000569969416]	Loss 6.96950 (6.96950)	
[1,3]<stdout>:Epoch: [6][100/593]	Rate:[0.00011999999696854502, 0.0012000000569969416]	Loss 7.81473 (6.85148)	
[1,0]<stdout>:Epoch: [6][100/593]	Rate:[0.00011999999696854502, 0.0012000000569969416]	Loss 6.68918 (6.84947)	
[1,1]<stdout>:Epoch: [6][100/593]	Rate:[0.00011999999696854502, 0.0012000000569969416]	Loss 6.03134 (6.69617)	
[1,2]<stdout>:Epoch: [6][100/593]	Rate:[0.00011999999696854502, 0.0012000000569969416]	Loss 7.32548 (6.82118)	
[1,2]<stdout>:Epoch: [6][200/593]	Rate:[0.00011999999696854502, 0.0012000000569969416]	Loss 6.91975 (6.90185)	
[1,0]<stdout>:Epoch: [6][200/593]	Rate:[0.00011999999696854502, 0.0012000000569969416]	Loss 7.12910 (6.86537)	
[1,3]<stdout>:Epoch: [6][200/593]	Rate:[0.00011999999696854502, 0.0012000000569969416]	Loss 6.62635 (6.88007)	
[1,1]<stdout>:Epoch: [6][200/593]	Rate:[0.00011999999696854502, 0.0012000000569969416]	Loss 6.20319 (6.70984)	
[1,3]<stdout>:Epoch: [6][300/593]	Rate:[0.00011999999696854502, 0.0012000000569969416]	Loss 7.17274 (6.93080)	
[1,0]<stdout>:Epoch: [6][300/593]	Rate:[0.00011999999696854502, 0.0012000000569969416]	Loss 7.95440 (6.94258)	
[1,2]<stdout>:Epoch: [6][300/593]	Rate:[0.00011999999696854502, 0.0012000000569969416]	Loss 8.00710 (6.97526)	
[1,1]<stdout>:Epoch: [6][300/593]	Rate:[0.00011999999696854502, 0.0012000000569969416]	Loss 7.24641 (6.84879)	
[1,3]<stdout>:Epoch: [6][400/593]	Rate:[0.00011999999696854502, 0.0012000000569969416]	Loss 7.29803 (7.01774)	
[1,0]<stdout>:Epoch: [6][400/593]	Rate:[0.00011999999696854502, 0.0012000000569969416]	Loss 8.05723 (7.02063)	
[1,1]<stdout>:Epoch: [6][400/593]	Rate:[0.00011999999696854502, 0.0012000000569969416]	Loss 7.19343 (6.97933)	
[1,2]<stdout>:Epoch: [6][400/593]	Rate:[0.00011999999696854502, 0.0012000000569969416]	Loss 7.03932 (7.08645)	
[1,3]<stdout>:Epoch: [6][500/593]	Rate:[0.00011999999696854502, 0.0012000000569969416]	Loss 7.96748 (7.08154)	
[1,0]<stdout>:Epoch: [6][500/593]	Rate:[0.00011999999696854502, 0.0012000000569969416]	Loss 7.35216 (7.08886)	
[1,2]<stdout>:Epoch: [6][500/593]	Rate:[0.00011999999696854502, 0.0012000000569969416]	Loss 6.30724 (7.15200)	
[1,1]<stdout>:Epoch: [6][500/593]	Rate:[0.00011999999696854502, 0.0012000000569969416]	Loss 6.18487 (7.05777)	
[1,3]<stdout>:Epoch: [6][592/593]	Rate:[0.00011999999696854502, 0.0012000000569969416]	Loss 15.66623 (7.14820)	
[1,0]<stdout>:Epoch: [6][592/593]	Rate:[0.00011999999696854502, 0.0012000000569969416]	Loss 24.68807 (7.15142)	
[1,2]<stdout>:Epoch: [6][592/593]	Rate:[0.00011999999696854502, 0.0012000000569969416]	Loss 10.17578 (7.21752)	
[1,1]<stdout>:Epoch: [6][592/593]	Rate:[0.00011999999696854502, 0.0012000000569969416]	Loss 14.37367 (7.12953)	
[1,0]<stdout>:[Train] number: 28423 threshold: 0.05 score: 0.7264431265663056
[1,0]<stdout>:[Train] number: 28423 threshold: 0.06 score: 0.731868316683193
[1,0]<stdout>:[Train] number: 28423 threshold: 0.07 score: 0.7363525246369941
[1,0]<stdout>:[Train] number: 28423 threshold: 0.08 score: 0.739412667803271
[1,0]<stdout>:[Train] number: 28423 threshold: 0.09 score: 0.7416619650478031
[1,0]<stdout>:[Train] number: 28423 threshold: 0.1 score: 0.7432531564106492
[1,0]<stdout>:[Train] number: 28423 threshold: 0.11 score: 0.7440657385752245
[1,0]<stdout>:[Train] number: 28423 threshold: 0.12 score: 0.7442165214136318
[1,0]<stdout>:[Train] number: 28423 threshold: 0.13 score: 0.7439922002157469
[1,0]<stdout>:[Train] number: 28423 threshold: 0.14 score: 0.7428394649563161
[1,0]<stdout>:[Train] number: 28423 threshold: 0.15 score: 0.741293174248371
[1,3]<stdout>:[TEST]: 0/149	Loss 10.40592 (10.40592)
[1,1]<stdout>:[TEST]: 0/149	Loss 9.17362 (9.17362)
[1,0]<stdout>:[TEST]: 0/149	Loss 12.17148 (12.17148)
[1,2]<stdout>:[TEST]: 0/149	Loss 10.83375 (10.83375)
[1,3]<stdout>:[TEST]: 100/149	Loss 11.09832 (12.23769)
[1,1]<stdout>:[TEST]: 100/149	Loss 11.87313 (11.99304)
[1,0]<stdout>:[TEST]: 100/149	Loss 12.61277 (12.36393)
[1,2]<stdout>:[TEST]: 100/149	Loss 12.77383 (12.27051)
[1,3]<stdout>:[TEST]: 148/149	Loss 7.23212 (12.23732)
[1,1]<stdout>:[TEST]: 148/149	Loss 20.63647 (12.01001)
[1,0]<stdout>:[TEST]: 148/149	Loss 6.26581 (12.30741)
[1,2]<stdout>:[TEST]: 148/149	Loss 15.77850 (12.28349)
[1,0]<stdout>:[Test] number: 7107 threshold: 0.05 score: 0.6085581533857802
[1,0]<stdout>:[Test] number: 7107 threshold: 0.06 score: 0.6110843032068903
[1,0]<stdout>:[Test] number: 7107 threshold: 0.07 score: 0.6120510134902173
[1,0]<stdout>:[Test] number: 7107 threshold: 0.08 score: 0.6129932421542414
[1,0]<stdout>:[Test] number: 7107 threshold: 0.09 score: 0.6130683725695597
[1,0]<stdout>:[Test] number: 7107 threshold: 0.1 score: 0.613245627133721
[1,0]<stdout>:[Test] number: 7107 threshold: 0.11 score: 0.6119546936857064
[1,0]<stdout>:[Test] number: 7107 threshold: 0.12 score: 0.6100535980358147
[1,0]<stdout>:[Test] number: 7107 threshold: 0.13 score: 0.6082472663448615
[1,0]<stdout>:[Test] number: 7107 threshold: 0.14 score: 0.6070696853559354
[1,0]<stdout>:[Test] number: 7107 threshold: 0.15 score: 0.604990348401605
[1,0]<stdout>:Epoch[6] LR: [0.00011999999696854502, 0.0012000000569969416] Time:873.005210 TrainLoss 7.151418 ValLoss 12.307412  Train_th 0.122500 Val_th 0.092500  Train_Score 0.743253 Val_Score 0.615400
[1,0]<stdout>:Epoch: [7][0/593]	Rate:[0.00011999999696854502, 0.0012000000569969416]	Loss 5.42908 (5.42908)	
[1,1]<stdout>:Epoch: [7][0/593]	Rate:[0.00011999999696854502, 0.0012000000569969416]	Loss 5.89899 (5.89899)	
[1,3]<stdout>:Epoch: [7][0/593]	Rate:[0.00011999999696854502, 0.0012000000569969416]	Loss 5.09111 (5.09111)	
[1,2]<stdout>:Epoch: [7][0/593]	Rate:[0.00011999999696854502, 0.0012000000569969416]	Loss 5.96586 (5.96586)	
[1,3]<stdout>:Epoch: [7][100/593]	Rate:[0.00011999999696854502, 0.0012000000569969416]	Loss 5.19890 (5.98742)	
[1,1]<stdout>:Epoch: [7][100/593]	Rate:[0.00011999999696854502, 0.0012000000569969416]	Loss 5.36180 (5.94878)	
[1,2]<stdout>:Epoch: [7][100/593]	Rate:[0.00011999999696854502, 0.0012000000569969416]	Loss 5.92101 (6.02546)	
[1,0]<stdout>:Epoch: [7][100/593]	Rate:[0.00011999999696854502, 0.0012000000569969416]	Loss 8.42270 (6.16072)	
[1,0]<stdout>:Epoch: [7][200/593]	Rate:[0.00011999999696854502, 0.0012000000569969416]	Loss 6.76693 (6.20864)	
[1,2]<stdout>:Epoch: [7][200/593]	Rate:[0.00011999999696854502, 0.0012000000569969416]	Loss 6.01587 (6.10669)	
[1,1]<stdout>:Epoch: [7][200/593]	Rate:[0.00011999999696854502, 0.0012000000569969416]	Loss 5.21947 (6.03075)	
[1,3]<stdout>:Epoch: [7][200/593]	Rate:[0.00011999999696854502, 0.0012000000569969416]	Loss 4.43275 (6.04699)	
[1,0]<stdout>:Epoch: [7][300/593]	Rate:[0.00011999999696854502, 0.0012000000569969416]	Loss 7.16392 (6.19755)	
[1,3]<stdout>:Epoch: [7][300/593]	Rate:[0.00011999999696854502, 0.0012000000569969416]	Loss 7.88932 (6.18720)	
[1,1]<stdout>:Epoch: [7][300/593]	Rate:[0.00011999999696854502, 0.0012000000569969416]	Loss 5.83388 (6.18869)	
[1,2]<stdout>:Epoch: [7][300/593]	Rate:[0.00011999999696854502, 0.0012000000569969416]	Loss 5.20699 (6.19947)	
[1,3]<stdout>:Epoch: [7][400/593]	Rate:[0.00011999999696854502, 0.0012000000569969416]	Loss 6.16670 (6.25358)	
[1,0]<stdout>:Epoch: [7][400/593]	Rate:[0.00011999999696854502, 0.0012000000569969416]	Loss 5.70185 (6.31345)	
[1,2]<stdout>:Epoch: [7][400/593]	Rate:[0.00011999999696854502, 0.0012000000569969416]	Loss 5.74996 (6.26181)	
[1,1]<stdout>:Epoch: [7][400/593]	Rate:[0.00011999999696854502, 0.0012000000569969416]	Loss 7.13383 (6.27861)	
[1,3]<stdout>:Epoch: [7][500/593]	Rate:[0.00011999999696854502, 0.0012000000569969416]	Loss 7.26341 (6.32044)	
[1,0]<stdout>:Epoch: [7][500/593]	Rate:[0.00011999999696854502, 0.0012000000569969416]	Loss 8.40223 (6.41191)	
[1,2]<stdout>:Epoch: [7][500/593]	Rate:[0.00011999999696854502, 0.0012000000569969416]	Loss 5.32840 (6.33970)	
[1,1]<stdout>:Epoch: [7][500/593]	Rate:[0.00011999999696854502, 0.0012000000569969416]	Loss 4.60527 (6.34584)	
[1,3]<stdout>:Epoch: [7][592/593]	Rate:[0.00011999999696854502, 0.0012000000569969416]	Loss 12.01668 (6.41944)	
[1,0]<stdout>:Epoch: [7][592/593]	Rate:[0.00011999999696854502, 0.0012000000569969416]	Loss 8.85526 (6.47998)	
[1,2]<stdout>:Epoch: [7][592/593]	Rate:[0.00011999999696854502, 0.0012000000569969416]	Loss 17.38889 (6.39505)	
[1,1]<stdout>:Epoch: [7][592/593]	Rate:[0.00011999999696854502, 0.0012000000569969416]	Loss 11.85888 (6.43422)	
[1,0]<stdout>:[Train] number: 28423 threshold: 0.05 score: 0.7491093020792167
[1,0]<stdout>:[Train] number: 28423 threshold: 0.06 score: 0.754541063588485
[1,0]<stdout>:[Train] number: 28423 threshold: 0.07 score: 0.7587446095303334
[1,0]<stdout>:[Train] number: 28423 threshold: 0.08 score: 0.7620383782788193
[1,0]<stdout>:[Train] number: 28423 threshold: 0.09 score: 0.7641486244762085
[1,0]<stdout>:[Train] number: 28423 threshold: 0.1 score: 0.7662833193428982
[1,0]<stdout>:[Train] number: 28423 threshold: 0.11 score: 0.767206958998148
[1,0]<stdout>:[Train] number: 28423 threshold: 0.12 score: 0.7676328903790407
[1,0]<stdout>:[Train] number: 28423 threshold: 0.13 score: 0.7676205045783872
[1,0]<stdout>:[Train] number: 28423 threshold: 0.14 score: 0.7668861338245877
[1,0]<stdout>:[Train] number: 28423 threshold: 0.15 score: 0.7659358350019339
[1,0]<stdout>:[TEST]: 0/149	Loss 12.72959 (12.72959)
[1,1]<stdout>:[TEST]: 0/149	Loss 9.74104 (9.74104)
[1,2]<stdout>:[TEST]: 0/149	Loss 10.95113 (10.95113)
[1,3]<stdout>:[TEST]: 0/149	Loss 10.92871 (10.92871)
[1,0]<stdout>:[TEST]: 100/149	Loss 12.76199 (12.59930)
[1,1]<stdout>:[TEST]: 100/149	Loss 12.32667 (12.40925)
[1,2]<stdout>:[TEST]: 100/149	Loss 12.54873 (12.54989)
[1,3]<stdout>:[TEST]: 100/149	Loss 11.90386 (12.46674)
[1,0]<stdout>:[TEST]: 148/149	Loss 6.78608 (12.58519)
[1,1]<stdout>:[TEST]: 148/149	Loss 21.37773 (12.45624)
[1,2]<stdout>:[TEST]: 148/149	Loss 15.00475 (12.55673)
[1,3]<stdout>:[TEST]: 148/149	Loss 5.34128 (12.46237)
[1,0]<stdout>:[Test] number: 7107 threshold: 0.05 score: 0.6101724200409899
[1,0]<stdout>:[Test] number: 7107 threshold: 0.06 score: 0.6116318898874553
[1,0]<stdout>:[Test] number: 7107 threshold: 0.07 score: 0.6131483512044551
[1,0]<stdout>:[Test] number: 7107 threshold: 0.08 score: 0.6134369927106992
[1,0]<stdout>:[Test] number: 7107 threshold: 0.09 score: 0.6131493906201968
[1,0]<stdout>:[Test] number: 7107 threshold: 0.1 score: 0.6124749346181807
[1,0]<stdout>:[Test] number: 7107 threshold: 0.11 score: 0.611555414547139
[1,0]<stdout>:[Test] number: 7107 threshold: 0.12 score: 0.6098850984096128
[1,0]<stdout>:[Test] number: 7107 threshold: 0.13 score: 0.6083637409839415
[1,0]<stdout>:[Test] number: 7107 threshold: 0.14 score: 0.6063769935152504
[1,0]<stdout>:[Test] number: 7107 threshold: 0.15 score: 0.6053096151635557
[1,0]<stdout>:Epoch[7] LR: [0.00011999999696854502, 0.0012000000569969416] Time:878.045142 TrainLoss 6.479982 ValLoss 12.585190  Train_th 0.125000 Val_th 0.085000  Train_Score 0.768887 Val_Score 0.612930
[1,3]<stdout>:Epoch: [8][0/593]	Rate:[0.00011999999696854502, 0.0012000000569969416]	Loss 5.26903 (5.26903)	
[1,0]<stdout>:Epoch: [8][0/593]	Rate:[0.00011999999696854502, 0.0012000000569969416]	Loss 6.25498 (6.25498)	
[1,2]<stdout>:Epoch: [8][0/593]	Rate:[0.00011999999696854502, 0.0012000000569969416]	Loss 4.70215 (4.70215)	
[1,1]<stdout>:Epoch: [8][0/593]	Rate:[0.00011999999696854502, 0.0012000000569969416]	Loss 4.90658 (4.90658)	
[1,3]<stdout>:Epoch: [8][100/593]	Rate:[0.00011999999696854502, 0.0012000000569969416]	Loss 5.33452 (5.29576)	
[1,0]<stdout>:Epoch: [8][100/593]	Rate:[0.00011999999696854502, 0.0012000000569969416]	Loss 5.69619 (5.25779)	
[1,2]<stdout>:Epoch: [8][100/593]	Rate:[0.00011999999696854502, 0.0012000000569969416]	Loss 7.04409 (5.34642)	
[1,1]<stdout>:Epoch: [8][100/593]	Rate:[0.00011999999696854502, 0.0012000000569969416]	Loss 5.53518 (5.29598)	
[1,3]<stdout>:Epoch: [8][200/593]	Rate:[0.00011999999696854502, 0.0012000000569969416]	Loss 6.63695 (5.37281)	
[1,2]<stdout>:Epoch: [8][200/593]	Rate:[0.00011999999696854502, 0.0012000000569969416]	Loss 6.92466 (5.36963)	
[1,1]<stdout>:Epoch: [8][200/593]	Rate:[0.00011999999696854502, 0.0012000000569969416]	Loss 6.78595 (5.40491)	
[1,0]<stdout>:Epoch: [8][200/593]	Rate:[0.00011999999696854502, 0.0012000000569969416]	Loss 5.91006 (5.41511)	
[1,3]<stdout>:Epoch: [8][300/593]	Rate:[0.00011999999696854502, 0.0012000000569969416]	Loss 5.58394 (5.50303)	
[1,2]<stdout>:Epoch: [8][300/593]	Rate:[0.00011999999696854502, 0.0012000000569969416]	Loss 5.65017 (5.45902)	
[1,0]<stdout>:Epoch: [8][300/593]	Rate:[0.00011999999696854502, 0.0012000000569969416]	Loss 5.20208 (5.48880)	
[1,1]<stdout>:Epoch: [8][300/593]	Rate:[0.00011999999696854502, 0.0012000000569969416]	Loss 5.94096 (5.48130)	
[1,0]<stdout>:Epoch: [8][400/593]	Rate:[0.00011999999696854502, 0.0012000000569969416]	Loss 5.25330 (5.58117)	
[1,3]<stdout>:Epoch: [8][400/593]	Rate:[0.00011999999696854502, 0.0012000000569969416]	Loss 6.18497 (5.59727)	
[1,2]<stdout>:Epoch: [8][400/593]	Rate:[0.00011999999696854502, 0.0012000000569969416]	Loss 5.53912 (5.56810)	
[1,1]<stdout>:Epoch: [8][400/593]	Rate:[0.00011999999696854502, 0.0012000000569969416]	Loss 5.64342 (5.58865)	
[1,2]<stdout>:Epoch: [8][500/593]	Rate:[0.00011999999696854502, 0.0012000000569969416]	Loss 4.57738 (5.64976)	
[1,3]<stdout>:Epoch: [8][500/593]	Rate:[0.00011999999696854502, 0.0012000000569969416]	Loss 6.56829 (5.67762)	
[1,0]<stdout>:Epoch: [8][500/593]	Rate:[0.00011999999696854502, 0.0012000000569969416]	Loss 5.27257 (5.65420)	
[1,1]<stdout>:Epoch: [8][500/593]	Rate:[0.00011999999696854502, 0.0012000000569969416]	Loss 6.88117 (5.65484)	
[1,0]<stdout>:Epoch: [8][592/593]	Rate:[0.00011999999696854502, 0.0012000000569969416]	Loss 12.68555 (5.71797)	
[1,2]<stdout>:Epoch: [8][592/593]	Rate:[0.00011999999696854502, 0.0012000000569969416]	Loss 6.95972 (5.72441)	
[1,1]<stdout>:Epoch: [8][592/593]	Rate:[0.00011999999696854502, 0.0012000000569969416]	Loss 12.01733 (5.72196)	
[1,3]<stdout>:Epoch: [8][592/593]	Rate:[0.00011999999696854502, 0.0012000000569969416]	Loss 9.48440 (5.73197)	
[1,0]<stdout>:[Train] number: 28423 threshold: 0.05 score: 0.77425374949192
[1,0]<stdout>:[Train] number: 28423 threshold: 0.06 score: 0.7802345650459453
[1,0]<stdout>:[Train] number: 28423 threshold: 0.07 score: 0.7849607041188672
[1,0]<stdout>:[Train] number: 28423 threshold: 0.08 score: 0.7887427497139143
[1,0]<stdout>:[Train] number: 28423 threshold: 0.09 score: 0.7917427221981641
[1,0]<stdout>:[Train] number: 28423 threshold: 0.1 score: 0.7934608239425133
[1,0]<stdout>:[Train] number: 28423 threshold: 0.11 score: 0.7950460448660803
