[1,2]<stdout>:Epoch: [17][500/593]	Rate:[0.00011999999696854502, 0.0012000000569969416]	Loss 3.03590 (2.24608)	
[1,2]<stdout>:Epoch: [17][592/593]	Rate:[0.00011999999696854502, 0.0012000000569969416]	Loss 7.85113 (2.30421)	
[1,0]<stdout>:Epoch: [17][592/593]	Rate:[0.00011999999696854502, 0.0012000000569969416]	Loss 13.08936 (2.32987)	
[1,3]<stdout>:Epoch: [17][592/593]	Rate:[0.00011999999696854502, 0.0012000000569969416]	Loss 10.94457 (2.33400)	
[1,1]<stdout>:Epoch: [17][592/593]	Rate:[0.00011999999696854502, 0.0012000000569969416]	Loss 10.65570 (2.33660)	
[1,0]<stdout>:[Train] number: 28423 threshold: 0.05 score: 0.8973636052217979
[1,0]<stdout>:[Train] number: 28423 threshold: 0.06 score: 0.9041617317910059
[1,0]<stdout>:[Train] number: 28423 threshold: 0.07 score: 0.9089654134962991
[1,0]<stdout>:[Train] number: 28423 threshold: 0.08 score: 0.9127080126894564
[1,0]<stdout>:[Train] number: 28423 threshold: 0.09 score: 0.9154645320104382
[1,0]<stdout>:[Train] number: 28423 threshold: 0.1 score: 0.9177869995485128
[1,0]<stdout>:[Train] number: 28423 threshold: 0.11 score: 0.9197575217607897
[1,0]<stdout>:[Train] number: 28423 threshold: 0.12 score: 0.9211447191193788
[1,0]<stdout>:[Train] number: 28423 threshold: 0.13 score: 0.9219436623329197
[1,0]<stdout>:[Train] number: 28423 threshold: 0.14 score: 0.9226852945750009
[1,0]<stdout>:[Train] number: 28423 threshold: 0.15 score: 0.9230193500813876
[1,0]<stdout>:[TEST]: 0/149	Loss 16.90738 (16.90738)
[1,1]<stdout>:[TEST]: 0/149	Loss 12.02942 (12.02942)
[1,3]<stdout>:[TEST]: 0/149	Loss 15.65681 (15.65681)
[1,2]<stdout>:[TEST]: 0/149	Loss 15.60558 (15.60558)
[1,0]<stdout>:[TEST]: 100/149	Loss 16.63516 (17.16151)
[1,3]<stdout>:[TEST]: 100/149	Loss 16.44730 (17.09553)
[1,1]<stdout>:[TEST]: 100/149	Loss 18.75885 (16.67561)
[1,2]<stdout>:[TEST]: 100/149	Loss 18.48706 (17.14703)
[1,0]<stdout>:[TEST]: 148/149	Loss 5.93636 (17.05684)
[1,1]<stdout>:[TEST]: 148/149	Loss 28.11791 (16.72137)
[1,3]<stdout>:[TEST]: 148/149	Loss 6.55765 (17.15543)
[1,2]<stdout>:[TEST]: 148/149	Loss 19.86960 (17.11607)
[1,0]<stdout>:[Test] number: 7107 threshold: 0.05 score: 0.5861386160815881
[1,0]<stdout>:[Test] number: 7107 threshold: 0.06 score: 0.5861892994968239
[1,0]<stdout>:[Test] number: 7107 threshold: 0.07 score: 0.5851360042533909
[1,0]<stdout>:[Test] number: 7107 threshold: 0.08 score: 0.5838401845597911
[1,0]<stdout>:[Test] number: 7107 threshold: 0.09 score: 0.5829503239905904
[1,0]<stdout>:[Test] number: 7107 threshold: 0.1 score: 0.5814900351236628
[1,0]<stdout>:[Test] number: 7107 threshold: 0.11 score: 0.5802817651715416
[1,0]<stdout>:[Test] number: 7107 threshold: 0.12 score: 0.5786370665415016
[1,0]<stdout>:[Test] number: 7107 threshold: 0.13 score: 0.577144491435763
[1,0]<stdout>:[Test] number: 7107 threshold: 0.14 score: 0.5757067102688033
[1,0]<stdout>:[Test] number: 7107 threshold: 0.15 score: 0.5737078030924208
[1,0]<stdout>:Epoch[17] LR: [0.00011999999696854502, 0.0012000000569969416] Time:871.807578 TrainLoss 2.329871 ValLoss 17.056842  Train_th 0.150000 Val_th 0.052500  Train_Score 0.923413 Val_Score 0.591635
[1,3]<stdout>:Epoch: [18][0/593]	Rate:[0.00011999999696854502, 0.0012000000569969416]	Loss 2.13630 (2.13630)	
[1,0]<stdout>:Epoch: [18][0/593]	Rate:[0.00011999999696854502, 0.0012000000569969416]	Loss 2.01178 (2.01178)	
[1,2]<stdout>:Epoch: [18][0/593]	Rate:[0.00011999999696854502, 0.0012000000569969416]	Loss 1.76303 (1.76303)	
[1,1]<stdout>:Epoch: [18][0/593]	Rate:[0.00011999999696854502, 0.0012000000569969416]	Loss 1.68793 (1.68793)	
[1,3]<stdout>:Epoch: [18][100/593]	Rate:[0.00011999999696854502, 0.0012000000569969416]	Loss 2.12154 (1.97363)	
[1,2]<stdout>:Epoch: [18][100/593]	Rate:[0.00011999999696854502, 0.0012000000569969416]	Loss 1.92866 (1.95142)	
[1,1]<stdout>:Epoch: [18][100/593]	Rate:[0.00011999999696854502, 0.0012000000569969416]	Loss 1.88327 (2.01486)	
[1,0]<stdout>:Epoch: [18][100/593]	Rate:[0.00011999999696854502, 0.0012000000569969416]	Loss 1.96158 (1.98526)	
[1,3]<stdout>:Epoch: [18][200/593]	Rate:[0.00011999999696854502, 0.0012000000569969416]	Loss 1.69329 (1.97588)	
[1,2]<stdout>:Epoch: [18][200/593]	Rate:[0.00011999999696854502, 0.0012000000569969416]	Loss 2.20791 (1.96468)	
[1,1]<stdout>:Epoch: [18][200/593]	Rate:[0.00011999999696854502, 0.0012000000569969416]	Loss 1.93004 (2.00315)	
[1,0]<stdout>:Epoch: [18][200/593]	Rate:[0.00011999999696854502, 0.0012000000569969416]	Loss 2.16868 (1.98174)	
[1,2]<stdout>:Epoch: [18][300/593]	Rate:[0.00011999999696854502, 0.0012000000569969416]	Loss 2.28177 (2.00652)	
[1,0]<stdout>:Epoch: [18][300/593]	Rate:[0.00011999999696854502, 0.0012000000569969416]	Loss 2.22559 (2.01270)	
[1,1]<stdout>:Epoch: [18][300/593]	Rate:[0.00011999999696854502, 0.0012000000569969416]	Loss 2.76098 (2.01996)	
[1,3]<stdout>:Epoch: [18][300/593]	Rate:[0.00011999999696854502, 0.0012000000569969416]	Loss 1.75486 (2.01879)	
[1,3]<stdout>:Epoch: [18][400/593]	Rate:[0.00011999999696854502, 0.0012000000569969416]	Loss 2.13029 (2.06807)	
[1,2]<stdout>:Epoch: [18][400/593]	Rate:[0.00011999999696854502, 0.0012000000569969416]	Loss 1.97189 (2.06184)	
[1,1]<stdout>:Epoch: [18][400/593]	Rate:[0.00011999999696854502, 0.0012000000569969416]	Loss 2.21660 (2.06213)	
[1,0]<stdout>:Epoch: [18][400/593]	Rate:[0.00011999999696854502, 0.0012000000569969416]	Loss 2.50536 (2.05278)	
[1,2]<stdout>:Epoch: [18][500/593]	Rate:[0.00011999999696854502, 0.0012000000569969416]	Loss 3.04743 (2.12489)	
[1,3]<stdout>:Epoch: [18][500/593]	Rate:[0.00011999999696854502, 0.0012000000569969416]	Loss 2.05062 (2.13519)	
[1,0]<stdout>:Epoch: [18][500/593]	Rate:[0.00011999999696854502, 0.0012000000569969416]	Loss 2.07843 (2.11009)	
[1,1]<stdout>:Epoch: [18][500/593]	Rate:[0.00011999999696854502, 0.0012000000569969416]	Loss 2.68907 (2.12104)	
[1,0]<stdout>:Epoch: [18][592/593]	Rate:[0.00011999999696854502, 0.0012000000569969416]	Loss 11.82627 (2.17276)	
[1,1]<stdout>:Epoch: [18][592/593]	Rate:[0.00011999999696854502, 0.0012000000569969416]	Loss 18.36331 (2.16968)	
[1,2]<stdout>:Epoch: [18][592/593]	Rate:[0.00011999999696854502, 0.0012000000569969416]	Loss 12.23647 (2.19342)	
[1,3]<stdout>:Epoch: [18][592/593]	Rate:[0.00011999999696854502, 0.0012000000569969416]	Loss 10.52630 (2.17754)	
[1,0]<stdout>:[Train] number: 28423 threshold: 0.05 score: 0.902846821631215
[1,0]<stdout>:[Train] number: 28423 threshold: 0.06 score: 0.9093131741413445
[1,0]<stdout>:[Train] number: 28423 threshold: 0.07 score: 0.9142464885069377
[1,0]<stdout>:[Train] number: 28423 threshold: 0.08 score: 0.918041293890086
[1,0]<stdout>:[Train] number: 28423 threshold: 0.09 score: 0.9209531762574419
[1,0]<stdout>:[Train] number: 28423 threshold: 0.1 score: 0.923258226384012
[1,0]<stdout>:[Train] number: 28423 threshold: 0.11 score: 0.9250603138069033
[1,0]<stdout>:[Train] number: 28423 threshold: 0.12 score: 0.9264257396281523
[1,0]<stdout>:[Train] number: 28423 threshold: 0.13 score: 0.9275590901160642
[1,0]<stdout>:[Train] number: 28423 threshold: 0.14 score: 0.9284204359458407
[1,0]<stdout>:[Train] number: 28423 threshold: 0.15 score: 0.9289689907828995
[1,0]<stdout>:[TEST]: 0/149	Loss 16.51618 (16.51618)
[1,1]<stdout>:[TEST]: 0/149	Loss 15.22328 (15.22328)
[1,3]<stdout>:[TEST]: 0/149	Loss 15.40372 (15.40372)
[1,2]<stdout>:[TEST]: 0/149	Loss 15.45264 (15.45264)
[1,0]<stdout>:[TEST]: 100/149	Loss 16.78893 (17.54920)
[1,3]<stdout>:[TEST]: 100/149	Loss 15.98293 (17.32596)
[1,1]<stdout>:[TEST]: 100/149	Loss 19.27881 (17.26583)
[1,2]<stdout>:[TEST]: 100/149	Loss 17.94140 (17.43475)
[1,0]<stdout>:[TEST]: 148/149	Loss 9.33444 (17.46626)
[1,3]<stdout>:[TEST]: 148/149	Loss 8.48048 (17.39730)
[1,1]<stdout>:[TEST]: 148/149	Loss 29.85913 (17.30801)
[1,2]<stdout>:[TEST]: 148/149	Loss 21.14215 (17.39462)
[1,0]<stdout>:[Test] number: 7107 threshold: 0.05 score: 0.5842361427170604
[1,0]<stdout>:[Test] number: 7107 threshold: 0.06 score: 0.5836060822218434
[1,0]<stdout>:[Test] number: 7107 threshold: 0.07 score: 0.5824820481961713
[1,0]<stdout>:[Test] number: 7107 threshold: 0.08 score: 0.5810244533381445
[1,0]<stdout>:[Test] number: 7107 threshold: 0.09 score: 0.5796799790784644
[1,0]<stdout>:[Test] number: 7107 threshold: 0.1 score: 0.5784192113100086
[1,0]<stdout>:[Test] number: 7107 threshold: 0.11 score: 0.5772626371356233
[1,0]<stdout>:[Test] number: 7107 threshold: 0.12 score: 0.5754624883759812
[1,0]<stdout>:[Test] number: 7107 threshold: 0.13 score: 0.5747187556362622
[1,0]<stdout>:[Test] number: 7107 threshold: 0.14 score: 0.5729231935145722
[1,0]<stdout>:[Test] number: 7107 threshold: 0.15 score: 0.5709948458225365
[1,0]<stdout>:Epoch[18] LR: [0.00011999999696854502, 0.0012000000569969416] Time:872.008000 TrainLoss 2.172756 ValLoss 17.466259  Train_th 0.150000 Val_th 0.050000  Train_Score 0.928410 Val_Score 0.588795
[1,3]<stdout>:Epoch: [19][0/593]	Rate:[0.00011999999696854502, 0.0012000000569969416]	Loss 1.96193 (1.96193)	
[1,2]<stdout>:Epoch: [19][0/593]	Rate:[0.00011999999696854502, 0.0012000000569969416]	Loss 1.48365 (1.48365)	
[1,1]<stdout>:Epoch: [19][0/593]	Rate:[0.00011999999696854502, 0.0012000000569969416]	Loss 1.76370 (1.76370)	
[1,0]<stdout>:Epoch: [19][0/593]	Rate:[0.00011999999696854502, 0.0012000000569969416]	Loss 1.60370 (1.60370)	
[1,3]<stdout>:Epoch: [19][100/593]	Rate:[0.00011999999696854502, 0.0012000000569969416]	Loss 1.80821 (1.92416)	
[1,0]<stdout>:Epoch: [19][100/593]	Rate:[0.00011999999696854502, 0.0012000000569969416]	Loss 1.28123 (1.91097)	
[1,2]<stdout>:Epoch: [19][100/593]	Rate:[0.00011999999696854502, 0.0012000000569969416]	Loss 1.06851 (1.91239)	
[1,1]<stdout>:Epoch: [19][100/593]	Rate:[0.00011999999696854502, 0.0012000000569969416]	Loss 2.21152 (1.97419)	
[1,3]<stdout>:Epoch: [19][200/593]	Rate:[0.00011999999696854502, 0.0012000000569969416]	Loss 2.07538 (1.85790)	
[1,0]<stdout>:Epoch: [19][200/593]	Rate:[0.00011999999696854502, 0.0012000000569969416]	Loss 1.25542 (1.85725)	
[1,2]<stdout>:Epoch: [19][200/593]	Rate:[0.00011999999696854502, 0.0012000000569969416]	Loss 1.37858 (1.87219)	
[1,1]<stdout>:Epoch: [19][200/593]	Rate:[0.00011999999696854502, 0.0012000000569969416]	Loss 1.80154 (1.91237)	
[1,3]<stdout>:Epoch: [19][300/593]	Rate:[0.00011999999696854502, 0.0012000000569969416]	Loss 2.12581 (1.89636)	
[1,0]<stdout>:Epoch: [19][300/593]	Rate:[0.00011999999696854502, 0.0012000000569969416]	Loss 2.09024 (1.89348)	
[1,2]<stdout>:Epoch: [19][300/593]	Rate:[0.00011999999696854502, 0.0012000000569969416]	Loss 1.64640 (1.90794)	
[1,1]<stdout>:Epoch: [19][300/593]	Rate:[0.00011999999696854502, 0.0012000000569969416]	Loss 1.69314 (1.91767)	
[1,3]<stdout>:Epoch: [19][400/593]	Rate:[0.00011999999696854502, 0.0012000000569969416]	Loss 2.76034 (1.94355)	
[1,0]<stdout>:Epoch: [19][400/593]	Rate:[0.00011999999696854502, 0.0012000000569969416]	Loss 2.61342 (1.95791)	
[1,2]<stdout>:Epoch: [19][400/593]	Rate:[0.00011999999696854502, 0.0012000000569969416]	Loss 2.11170 (1.94743)	
[1,1]<stdout>:Epoch: [19][400/593]	Rate:[0.00011999999696854502, 0.0012000000569969416]	Loss 2.65401 (1.97580)	
[1,0]<stdout>:Epoch: [19][500/593]	Rate:[0.00011999999696854502, 0.0012000000569969416]	Loss 2.35171 (2.00168)	
[1,3]<stdout>:Epoch: [19][500/593]	Rate:[0.00011999999696854502, 0.0012000000569969416]	Loss 1.61527 (2.00858)	
[1,2]<stdout>:Epoch: [19][500/593]	Rate:[0.00011999999696854502, 0.0012000000569969416]	Loss 2.62423 (2.00039)	
[1,1]<stdout>:Epoch: [19][500/593]	Rate:[0.00011999999696854502, 0.0012000000569969416]	Loss 1.51506 (2.01456)	
[1,0]<stdout>:Epoch: [19][592/593]	Rate:[0.00011999999696854502, 0.0012000000569969416]	Loss 14.14833 (2.06294)	
[1,2]<stdout>:Epoch: [19][592/593]	Rate:[0.00011999999696854502, 0.0012000000569969416]	Loss 19.40786 (2.06016)	
[1,3]<stdout>:Epoch: [19][592/593]	Rate:[0.00011999999696854502, 0.0012000000569969416]	Loss 9.26748 (2.06555)	
[1,1]<stdout>:Epoch: [19][592/593]	Rate:[0.00011999999696854502, 0.0012000000569969416]	Loss 20.64934 (2.06571)	
[1,0]<stdout>:[Train] number: 28423 threshold: 0.05 score: 0.9081143761902861
[1,0]<stdout>:[Train] number: 28423 threshold: 0.06 score: 0.9142187332122903
[1,0]<stdout>:[Train] number: 28423 threshold: 0.07 score: 0.9188599905638626
[1,0]<stdout>:[Train] number: 28423 threshold: 0.08 score: 0.9223589889990913
[1,0]<stdout>:[Train] number: 28423 threshold: 0.09 score: 0.9252116095542082
[1,0]<stdout>:[Train] number: 28423 threshold: 0.1 score: 0.9273813790569921
[1,0]<stdout>:[Train] number: 28423 threshold: 0.11 score: 0.9288648739879696
[1,0]<stdout>:[Train] number: 28423 threshold: 0.12 score: 0.9300918329884724
[1,0]<stdout>:[Train] number: 28423 threshold: 0.13 score: 0.9311999962866752
[1,0]<stdout>:[Train] number: 28423 threshold: 0.14 score: 0.9318946995946691
[1,0]<stdout>:[Train] number: 28423 threshold: 0.15 score: 0.9323431258963879
[1,1]<stdout>:[TEST]: 0/149	Loss 14.50468 (14.50468)
[1,3]<stdout>:[TEST]: 0/149	Loss 16.08075 (16.08075)
[1,0]<stdout>:[TEST]: 0/149	Loss 18.37157 (18.37157)
[1,2]<stdout>:[TEST]: 0/149	Loss 16.81763 (16.81763)
[1,3]<stdout>:[TEST]: 100/149	Loss 16.14980 (18.08036)
[1,1]<stdout>:[TEST]: 100/149	Loss 19.73512 (18.05103)
[1,0]<stdout>:[TEST]: 100/149	Loss 18.38303 (18.21271)
[1,2]<stdout>:[TEST]: 100/149	Loss 19.55818 (18.15610)
[1,3]<stdout>:[TEST]: 148/149	Loss 10.29967 (18.20990)
[1,1]<stdout>:[TEST]: 148/149	Loss 30.66788 (18.12018)
[1,0]<stdout>:[TEST]: 148/149	Loss 7.92098 (18.15522)
[1,2]<stdout>:[TEST]: 148/149	Loss 20.73833 (18.16183)
[1,0]<stdout>:[Test] number: 7107 threshold: 0.05 score: 0.5842698287802846
[1,0]<stdout>:[Test] number: 7107 threshold: 0.06 score: 0.5834090303162303
[1,0]<stdout>:[Test] number: 7107 threshold: 0.07 score: 0.5816481014641953
[1,0]<stdout>:[Test] number: 7107 threshold: 0.08 score: 0.5796501770233593
[1,0]<stdout>:[Test] number: 7107 threshold: 0.09 score: 0.578003746943319
[1,0]<stdout>:[Test] number: 7107 threshold: 0.1 score: 0.5760517737868124
[1,0]<stdout>:[Test] number: 7107 threshold: 0.11 score: 0.5738768063917982
[1,0]<stdout>:[Test] number: 7107 threshold: 0.12 score: 0.5723115181460169
[1,0]<stdout>:[Test] number: 7107 threshold: 0.13 score: 0.5707745755510544
[1,0]<stdout>:[Test] number: 7107 threshold: 0.14 score: 0.569665885102592
[1,0]<stdout>:[Test] number: 7107 threshold: 0.15 score: 0.5682899365651509
[1,0]<stdout>:Epoch[19] LR: [1.1999999696854503e-05, 0.00012000000569969416] Time:869.600028 TrainLoss 2.062937 ValLoss 18.155217  Train_th 0.150000 Val_th 0.050000  Train_Score 0.932633 Val_Score 0.586314
[1,0]<stdout>:--------------------------------------------auto resume---------------------------------------------
[1,0]<stdout>:best_score: 0.6169001460075378
[1,3]<stdout>:Epoch: [20][0/593]	Rate:[1.1999999514955562e-05, 0.00012000000424450263]	Loss 6.12585 (6.12585)	
[1,2]<stdout>:Epoch: [20][0/593]	Rate:[1.1999999514955562e-05, 0.00012000000424450263]	Loss 6.31863 (6.31863)	
[1,1]<stdout>:Epoch: [20][0/593]	Rate:[1.1999999514955562e-05, 0.00012000000424450263]	Loss 6.03128 (6.03128)	
[1,0]<stdout>:Epoch: [20][0/593]	Rate:[1.1999999514955562e-05, 0.00012000000424450263]	Loss 6.23065 (6.23065)	
[1,2]<stdout>:Epoch: [20][100/593]	Rate:[1.1999999514955562e-05, 0.00012000000424450263]	Loss 6.27482 (6.31288)	
[1,0]<stdout>:Epoch: [20][100/593]	Rate:[1.1999999514955562e-05, 0.00012000000424450263]	Loss 6.54723 (6.36842)	
[1,3]<stdout>:Epoch: [20][100/593]	Rate:[1.1999999514955562e-05, 0.00012000000424450263]	Loss 5.35207 (6.15476)	
[1,1]<stdout>:Epoch: [20][100/593]	Rate:[1.1999999514955562e-05, 0.00012000000424450263]	Loss 6.64743 (6.43175)	
[1,3]<stdout>:Epoch: [20][200/593]	Rate:[1.1999999514955562e-05, 0.00012000000424450263]	Loss 6.83015 (6.20693)	
[1,0]<stdout>:Epoch: [20][200/593]	Rate:[1.1999999514955562e-05, 0.00012000000424450263]	Loss 5.36298 (6.15811)	
[1,1]<stdout>:Epoch: [20][200/593]	Rate:[1.1999999514955562e-05, 0.00012000000424450263]	Loss 5.70989 (6.28679)	
[1,2]<stdout>:Epoch: [20][200/593]	Rate:[1.1999999514955562e-05, 0.00012000000424450263]	Loss 5.97403 (6.29743)	
[1,3]<stdout>:Epoch: [20][300/593]	Rate:[1.1999999514955562e-05, 0.00012000000424450263]	Loss 5.11413 (6.10306)	
[1,1]<stdout>:Epoch: [20][300/593]	Rate:[1.1999999514955562e-05, 0.00012000000424450263]	Loss 6.67168 (6.19152)	
[1,0]<stdout>:Epoch: [20][300/593]	Rate:[1.1999999514955562e-05, 0.00012000000424450263]	Loss 7.07955 (6.09374)	
[1,2]<stdout>:Epoch: [20][300/593]	Rate:[1.1999999514955562e-05, 0.00012000000424450263]	Loss 6.95063 (6.21934)	
[1,3]<stdout>:Epoch: [20][400/593]	Rate:[1.1999999514955562e-05, 0.00012000000424450263]	Loss 5.44055 (6.09064)	
[1,0]<stdout>:Epoch: [20][400/593]	Rate:[1.1999999514955562e-05, 0.00012000000424450263]	Loss 6.34885 (6.05178)	
[1,2]<stdout>:Epoch: [20][400/593]	Rate:[1.1999999514955562e-05, 0.00012000000424450263]	Loss 5.17718 (6.18346)	
[1,1]<stdout>:Epoch: [20][400/593]	Rate:[1.1999999514955562e-05, 0.00012000000424450263]	Loss 8.69520 (6.10728)	
[1,3]<stdout>:Epoch: [20][500/593]	Rate:[1.1999999514955562e-05, 0.00012000000424450263]	Loss 6.57951 (6.05569)	
[1,0]<stdout>:Epoch: [20][500/593]	Rate:[1.1999999514955562e-05, 0.00012000000424450263]	Loss 5.61404 (6.02114)	
[1,2]<stdout>:Epoch: [20][500/593]	Rate:[1.1999999514955562e-05, 0.00012000000424450263]	Loss 6.75776 (6.16270)	
[1,1]<stdout>:Epoch: [20][500/593]	Rate:[1.1999999514955562e-05, 0.00012000000424450263]	Loss 5.73911 (6.08532)	
[1,3]<stdout>:Epoch: [20][592/593]	Rate:[1.1999999514955562e-05, 0.00012000000424450263]	Loss 13.58207 (6.04961)	
[1,0]<stdout>:Epoch: [20][592/593]	Rate:[1.1999999514955562e-05, 0.00012000000424450263]	Loss 11.16106 (6.00340)	
[1,2]<stdout>:Epoch: [20][592/593]	Rate:[1.1999999514955562e-05, 0.00012000000424450263]	Loss 11.74608 (6.14293)	
[1,1]<stdout>:Epoch: [20][592/593]	Rate:[1.1999999514955562e-05, 0.00012000000424450263]	Loss 16.08514 (6.06407)	
[1,0]<stdout>:[Train] number: 28423 threshold: 0.05 score: 0.759795263837581
[1,0]<stdout>:[Train] number: 28423 threshold: 0.06 score: 0.7661484485102611
[1,0]<stdout>:[Train] number: 28423 threshold: 0.07 score: 0.7714950059858989
[1,0]<stdout>:[Train] number: 28423 threshold: 0.08 score: 0.7758766599430863
[1,0]<stdout>:[Train] number: 28423 threshold: 0.09 score: 0.7795427178914236
[1,0]<stdout>:[Train] number: 28423 threshold: 0.1 score: 0.7816313531538839
[1,0]<stdout>:[Train] number: 28423 threshold: 0.11 score: 0.7835293425029698
[1,0]<stdout>:[Train] number: 28423 threshold: 0.12 score: 0.7847531811330694
[1,0]<stdout>:[Train] number: 28423 threshold: 0.13 score: 0.7852033947605199
[1,0]<stdout>:[Train] number: 28423 threshold: 0.14 score: 0.7855253336151758
[1,0]<stdout>:[Train] number: 28423 threshold: 0.15 score: 0.7850757940104512
[1,2]<stdout>:[TEST]: 0/149	Loss 10.35820 (10.35820)
[1,0]<stdout>:[TEST]: 0/149	Loss 11.17789 (11.17789)
[1,3]<stdout>:[TEST]: 0/149	Loss 10.48152 (10.48152)
[1,1]<stdout>:[TEST]: 0/149	Loss 9.05247 (9.05247)
[1,0]<stdout>:[TEST]: 100/149	Loss 11.53571 (11.45684)
[1,2]<stdout>:[TEST]: 100/149	Loss 12.47676 (11.44782)
[1,3]<stdout>:[TEST]: 100/149	Loss 10.17905 (11.38786)
[1,1]<stdout>:[TEST]: 100/149	Loss 11.72045 (11.22860)
[1,0]<stdout>:[TEST]: 148/149	Loss 4.50132 (11.42349)
[1,2]<stdout>:[TEST]: 148/149	Loss 10.76601 (11.44627)
[1,3]<stdout>:[TEST]: 148/149	Loss 5.54198 (11.37305)
[1,1]<stdout>:[TEST]: 148/149	Loss 22.89651 (11.26875)
[1,0]<stdout>:[Test] number: 7107 threshold: 0.05 score: 0.6303945194883086
[1,0]<stdout>:[Test] number: 7107 threshold: 0.06 score: 0.6318144406017353
[1,0]<stdout>:[Test] number: 7107 threshold: 0.07 score: 0.6329233403789579
[1,0]<stdout>:[Test] number: 7107 threshold: 0.08 score: 0.6330161065820846
[1,0]<stdout>:[Test] number: 7107 threshold: 0.09 score: 0.6326721110879301
[1,0]<stdout>:[Test] number: 7107 threshold: 0.1 score: 0.631744021552001
[1,0]<stdout>:[Test] number: 7107 threshold: 0.11 score: 0.6304743942415393
[1,0]<stdout>:[Test] number: 7107 threshold: 0.12 score: 0.628880967092102
[1,0]<stdout>:[Test] number: 7107 threshold: 0.13 score: 0.6262716667094784
[1,0]<stdout>:[Test] number: 7107 threshold: 0.14 score: 0.6246460685124727
[1,0]<stdout>:[Test] number: 7107 threshold: 0.15 score: 0.6225504182757954
[1,0]<stdout>:Epoch[20] LR: [1.1999999514955562e-05, 0.00012000000424450263] Time:870.047956 TrainLoss 6.003400 ValLoss 11.423491  Train_th 0.135000 Val_th 0.077500  Train_Score 0.783843 Val_Score 0.636588
[1,0]<stdout>:--------current best-------:0.636588
[1,0]<stdout>:Epoch: [21][0/593]	Rate:[1.1999999514955562e-05, 0.00012000000424450263]	Loss 5.87113 (5.87113)	
[1,2]<stdout>:Epoch: [21][0/593]	Rate:[1.1999999514955562e-05, 0.00012000000424450263]	Loss 6.95113 (6.95113)	
[1,1]<stdout>:Epoch: [21][0/593]	Rate:[1.1999999514955562e-05, 0.00012000000424450263]	Loss 6.32962 (6.32962)	
[1,3]<stdout>:Epoch: [21][0/593]	Rate:[1.1999999514955562e-05, 0.00012000000424450263]	Loss 5.55557 (5.55557)	
[1,3]<stdout>:Epoch: [21][100/593]	Rate:[1.1999999514955562e-05, 0.00012000000424450263]	Loss 6.10823 (5.65195)	
[1,0]<stdout>:Epoch: [21][100/593]	Rate:[1.1999999514955562e-05, 0.00012000000424450263]	Loss 4.49557 (5.59150)	
[1,2]<stdout>:Epoch: [21][100/593]	Rate:[1.1999999514955562e-05, 0.00012000000424450263]	Loss 5.43551 (5.65508)	
[1,1]<stdout>:Epoch: [21][100/593]	Rate:[1.1999999514955562e-05, 0.00012000000424450263]	Loss 5.01206 (5.59991)	
[1,3]<stdout>:Epoch: [21][200/593]	Rate:[1.1999999514955562e-05, 0.00012000000424450263]	Loss 5.22422 (5.57581)	
[1,0]<stdout>:Epoch: [21][200/593]	Rate:[1.1999999514955562e-05, 0.00012000000424450263]	Loss 5.11022 (5.59409)	
[1,2]<stdout>:Epoch: [21][200/593]	Rate:[1.1999999514955562e-05, 0.00012000000424450263]	Loss 5.69555 (5.55991)	
[1,1]<stdout>:Epoch: [21][200/593]	Rate:[1.1999999514955562e-05, 0.00012000000424450263]	Loss 4.96163 (5.56265)	
[1,2]<stdout>:Epoch: [21][300/593]	Rate:[1.1999999514955562e-05, 0.00012000000424450263]	Loss 5.84616 (5.56452)	
[1,0]<stdout>:Epoch: [21][300/593]	Rate:[1.1999999514955562e-05, 0.00012000000424450263]	Loss 5.80828 (5.59361)	
[1,3]<stdout>:Epoch: [21][300/593]	Rate:[1.1999999514955562e-05, 0.00012000000424450263]	Loss 5.56536 (5.56343)	
[1,1]<stdout>:Epoch: [21][300/593]	Rate:[1.1999999514955562e-05, 0.00012000000424450263]	Loss 4.56456 (5.54047)	
[1,2]<stdout>:Epoch: [21][400/593]	Rate:[1.1999999514955562e-05, 0.00012000000424450263]	Loss 6.68526 (5.58384)	
[1,0]<stdout>:Epoch: [21][400/593]	Rate:[1.1999999514955562e-05, 0.00012000000424450263]	Loss 7.06866 (5.59069)	
[1,3]<stdout>:Epoch: [21][400/593]	Rate:[1.1999999514955562e-05, 0.00012000000424450263]	Loss 6.37117 (5.55578)	
[1,1]<stdout>:Epoch: [21][400/593]	Rate:[1.1999999514955562e-05, 0.00012000000424450263]	Loss 5.23484 (5.55716)	
[1,0]<stdout>:Epoch: [21][500/593]	Rate:[1.1999999514955562e-05, 0.00012000000424450263]	Loss 5.98765 (5.58000)	
[1,3]<stdout>:Epoch: [21][500/593]	Rate:[1.1999999514955562e-05, 0.00012000000424450263]	Loss 5.37304 (5.56384)	
[1,1]<stdout>:Epoch: [21][500/593]	Rate:[1.1999999514955562e-05, 0.00012000000424450263]	Loss 5.22836 (5.55360)	
[1,2]<stdout>:Epoch: [21][500/593]	Rate:[1.1999999514955562e-05, 0.00012000000424450263]	Loss 5.74238 (5.56849)	
[1,2]<stdout>:Epoch: [21][592/593]	Rate:[1.1999999514955562e-05, 0.00012000000424450263]	Loss 12.16573 (5.57210)	
[1,0]<stdout>:Epoch: [21][592/593]	Rate:[1.1999999514955562e-05, 0.00012000000424450263]	Loss 9.36349 (5.56115)	
[1,3]<stdout>:Epoch: [21][592/593]	Rate:[1.1999999514955562e-05, 0.00012000000424450263]	Loss 13.48555 (5.57248)	
[1,1]<stdout>:Epoch: [21][592/593]	Rate:[1.1999999514955562e-05, 0.00012000000424450263]	Loss 9.91304 (5.57577)	
[1,0]<stdout>:[Train] number: 28423 threshold: 0.05 score: 0.7758143583610241
[1,0]<stdout>:[Train] number: 28423 threshold: 0.06 score: 0.7830318027737722
[1,0]<stdout>:[Train] number: 28423 threshold: 0.07 score: 0.7886829921199638
[1,0]<stdout>:[Train] number: 28423 threshold: 0.08 score: 0.7930645111390638
[1,0]<stdout>:[Train] number: 28423 threshold: 0.09 score: 0.7964778944106923
[1,0]<stdout>:[Train] number: 28423 threshold: 0.1 score: 0.7990071158746761
[1,0]<stdout>:[Train] number: 28423 threshold: 0.11 score: 0.8011481736848949
[1,0]<stdout>:[Train] number: 28423 threshold: 0.12 score: 0.8025925199921329
[1,0]<stdout>:[Train] number: 28423 threshold: 0.13 score: 0.8037624998322227
[1,0]<stdout>:[Train] number: 28423 threshold: 0.14 score: 0.8043055841020332
[1,0]<stdout>:[Train] number: 28423 threshold: 0.15 score: 0.8042069149771507
[1,0]<stdout>:[TEST]: 0/149	Loss 11.28961 (11.28961)
[1,2]<stdout>:[TEST]: 0/149	Loss 10.57123 (10.57123)
[1,1]<stdout>:[TEST]: 0/149	Loss 9.29321 (9.29321)
[1,3]<stdout>:[TEST]: 0/149	Loss 10.47031 (10.47031)
[1,0]<stdout>:[TEST]: 100/149	Loss 11.57879 (11.57113)
[1,2]<stdout>:[TEST]: 100/149	Loss 12.58879 (11.52638)
[1,1]<stdout>:[TEST]: 100/149	Loss 11.90430 (11.34774)
[1,3]<stdout>:[TEST]: 100/149	Loss 10.12009 (11.48724)
[1,0]<stdout>:[TEST]: 148/149	Loss 4.32368 (11.53817)
[1,2]<stdout>:[TEST]: 148/149	Loss 11.31746 (11.52296)
[1,1]<stdout>:[TEST]: 148/149	Loss 21.47754 (11.38734)
[1,3]<stdout>:[TEST]: 148/149	Loss 4.70058 (11.47698)
[1,0]<stdout>:[Test] number: 7107 threshold: 0.05 score: 0.629876806725837
[1,0]<stdout>:[Test] number: 7107 threshold: 0.06 score: 0.6311393227497253
[1,0]<stdout>:[Test] number: 7107 threshold: 0.07 score: 0.630903947675077
[1,0]<stdout>:[Test] number: 7107 threshold: 0.08 score: 0.6314375244972136
[1,0]<stdout>:[Test] number: 7107 threshold: 0.09 score: 0.6309879133099888
[1,0]<stdout>:[Test] number: 7107 threshold: 0.1 score: 0.6297850878780179
[1,0]<stdout>:[Test] number: 7107 threshold: 0.11 score: 0.6284646378025388
[1,0]<stdout>:[Test] number: 7107 threshold: 0.12 score: 0.6269041052584834
[1,0]<stdout>:[Test] number: 7107 threshold: 0.13 score: 0.6242978835451306
[1,0]<stdout>:[Test] number: 7107 threshold: 0.14 score: 0.6223066027353372
[1,0]<stdout>:[Test] number: 7107 threshold: 0.15 score: 0.6196901709426771
[1,0]<stdout>:Epoch[21] LR: [1.1999999514955562e-05, 0.00012000000424450263] Time:869.140370 TrainLoss 5.561154 ValLoss 11.538175  Train_th 0.140000 Val_th 0.072500  Train_Score 0.802850 Val_Score 0.636493
[1,2]<stdout>:Epoch: [22][0/593]	Rate:[1.1999999514955562e-05, 0.00012000000424450263]	Loss 4.97000 (4.97000)	
[1,3]<stdout>:Epoch: [22][0/593]	Rate:[1.1999999514955562e-05, 0.00012000000424450263]	Loss 5.16393 (5.16393)	
[1,1]<stdout>:Epoch: [22][0/593]	Rate:[1.1999999514955562e-05, 0.00012000000424450263]	Loss 4.72508 (4.72508)	
[1,0]<stdout>:Epoch: [22][0/593]	Rate:[1.1999999514955562e-05, 0.00012000000424450263]	Loss 4.52426 (4.52426)	
[1,3]<stdout>:Epoch: [22][100/593]	Rate:[1.1999999514955562e-05, 0.00012000000424450263]	Loss 3.85035 (5.24482)	
[1,0]<stdout>:Epoch: [22][100/593]	Rate:[1.1999999514955562e-05, 0.00012000000424450263]	Loss 5.54867 (5.19638)	
[1,2]<stdout>:Epoch: [22][100/593]	Rate:[1.1999999514955562e-05, 0.00012000000424450263]	Loss 5.63582 (5.30040)	
[1,1]<stdout>:Epoch: [22][100/593]	Rate:[1.1999999514955562e-05, 0.00012000000424450263]	Loss 5.43452 (5.24586)	
[1,2]<stdout>:Epoch: [22][200/593]	Rate:[1.1999999514955562e-05, 0.00012000000424450263]	Loss 4.78397 (5.21673)	
[1,3]<stdout>:Epoch: [22][200/593]	Rate:[1.1999999514955562e-05, 0.00012000000424450263]	Loss 4.87339 (5.20612)	
[1,0]<stdout>:Epoch: [22][200/593]	Rate:[1.1999999514955562e-05, 0.00012000000424450263]	Loss 4.24699 (5.30984)	
[1,1]<stdout>:Epoch: [22][200/593]	Rate:[1.1999999514955562e-05, 0.00012000000424450263]	Loss 5.66682 (5.28534)	
[1,3]<stdout>:Epoch: [22][300/593]	Rate:[1.1999999514955562e-05, 0.00012000000424450263]	Loss 4.50989 (5.22502)	
[1,0]<stdout>:Epoch: [22][300/593]	Rate:[1.1999999514955562e-05, 0.00012000000424450263]	Loss 6.29367 (5.32501)	
[1,1]<stdout>:Epoch: [22][300/593]	Rate:[1.1999999514955562e-05, 0.00012000000424450263]	Loss 5.64674 (5.27653)	
[1,2]<stdout>:Epoch: [22][300/593]	Rate:[1.1999999514955562e-05, 0.00012000000424450263]	Loss 5.97756 (5.25008)	
[1,0]<stdout>:Epoch: [22][400/593]	Rate:[1.1999999514955562e-05, 0.00012000000424450263]	Loss 5.23900 (5.32757)	
[1,2]<stdout>:Epoch: [22][400/593]	Rate:[1.1999999514955562e-05, 0.00012000000424450263]	Loss 4.40432 (5.25474)	
[1,3]<stdout>:Epoch: [22][400/593]	Rate:[1.1999999514955562e-05, 0.00012000000424450263]	Loss 4.53129 (5.21957)	
[1,1]<stdout>:Epoch: [22][400/593]	Rate:[1.1999999514955562e-05, 0.00012000000424450263]	Loss 5.67526 (5.29420)	
[1,0]<stdout>:Epoch: [22][500/593]	Rate:[1.1999999514955562e-05, 0.00012000000424450263]	Loss 4.71930 (5.33969)	
[1,3]<stdout>:Epoch: [22][500/593]	Rate:[1.1999999514955562e-05, 0.00012000000424450263]	Loss 5.99594 (5.25811)	
[1,2]<stdout>:Epoch: [22][500/593]	Rate:[1.1999999514955562e-05, 0.00012000000424450263]	Loss 5.26273 (5.26593)	
[1,1]<stdout>:Epoch: [22][500/593]	Rate:[1.1999999514955562e-05, 0.00012000000424450263]	Loss 5.17022 (5.32239)	
[1,0]<stdout>:Epoch: [22][592/593]	Rate:[1.1999999514955562e-05, 0.00012000000424450263]	Loss 14.41464 (5.34244)	
[1,1]<stdout>:Epoch: [22][592/593]	Rate:[1.1999999514955562e-05, 0.00012000000424450263]	Loss 19.32596 (5.31637)	
[1,3]<stdout>:Epoch: [22][592/593]	Rate:[1.1999999514955562e-05, 0.00012000000424450263]	Loss 11.73085 (5.27497)	
[1,2]<stdout>:Epoch: [22][592/593]	Rate:[1.1999999514955562e-05, 0.00012000000424450263]	Loss 11.51282 (5.25793)	
[1,0]<stdout>:[Train] number: 28423 threshold: 0.05 score: 0.7843564074332651
[1,0]<stdout>:[Train] number: 28423 threshold: 0.06 score: 0.7914961129200737
[1,0]<stdout>:[Train] number: 28423 threshold: 0.07 score: 0.7973972816055952
[1,0]<stdout>:[Train] number: 28423 threshold: 0.08 score: 0.8021104710054294
[1,0]<stdout>:[Train] number: 28423 threshold: 0.09 score: 0.8056480184525003
[1,0]<stdout>:[Train] number: 28423 threshold: 0.1 score: 0.8083216412553117
[1,0]<stdout>:[Train] number: 28423 threshold: 0.11 score: 0.8101947962561544
[1,0]<stdout>:[Train] number: 28423 threshold: 0.12 score: 0.8111287985614015
[1,0]<stdout>:[Train] number: 28423 threshold: 0.13 score: 0.8118571831360746
[1,0]<stdout>:[Train] number: 28423 threshold: 0.14 score: 0.8124606498491083
[1,0]<stdout>:[Train] number: 28423 threshold: 0.15 score: 0.8121933693250404
[1,2]<stdout>:[TEST]: 0/149	Loss 10.54729 (10.54729)
[1,0]<stdout>:[TEST]: 0/149	Loss 11.18379 (11.18379)
[1,1]<stdout>:[TEST]: 0/149	Loss 9.39740 (9.39740)
[1,3]<stdout>:[TEST]: 0/149	Loss 10.61372 (10.61372)
[1,2]<stdout>:[TEST]: 100/149	Loss 12.57236 (11.60120)
[1,0]<stdout>:[TEST]: 100/149	Loss 11.73252 (11.70987)
[1,1]<stdout>:[TEST]: 100/149	Loss 11.85835 (11.51068)
[1,3]<stdout>:[TEST]: 100/149	Loss 10.25944 (11.58501)
[1,2]<stdout>:[TEST]: 148/149	Loss 11.48478 (11.59262)
[1,0]<stdout>:[TEST]: 148/149	Loss 5.00850 (11.67059)
[1,1]<stdout>:[TEST]: 148/149	Loss 22.49155 (11.55255)
[1,3]<stdout>:[TEST]: 148/149	Loss 5.06296 (11.57420)
[1,0]<stdout>:[Test] number: 7107 threshold: 0.05 score: 0.6291067465886009
[1,0]<stdout>:[Test] number: 7107 threshold: 0.06 score: 0.6309359005488528
[1,0]<stdout>:[Test] number: 7107 threshold: 0.07 score: 0.6315596586646611
[1,0]<stdout>:[Test] number: 7107 threshold: 0.08 score: 0.6319432770424335
[1,0]<stdout>:[Test] number: 7107 threshold: 0.09 score: 0.6315100787820315
[1,0]<stdout>:[Test] number: 7107 threshold: 0.1 score: 0.6298638604258724
[1,0]<stdout>:[Test] number: 7107 threshold: 0.11 score: 0.6282713268678363
[1,0]<stdout>:[Test] number: 7107 threshold: 0.12 score: 0.6268804039128404
[1,0]<stdout>:[Test] number: 7107 threshold: 0.13 score: 0.6243504246620821
[1,0]<stdout>:[Test] number: 7107 threshold: 0.14 score: 0.6217434328077545
[1,0]<stdout>:[Test] number: 7107 threshold: 0.15 score: 0.6193022060584397
[1,0]<stdout>:Epoch[22] LR: [1.1999999514955562e-05, 0.00012000000424450263] Time:869.134688 TrainLoss 5.342438 ValLoss 11.670589  Train_th 0.140000 Val_th 0.070000  Train_Score 0.813793 Val_Score 0.635014
[1,3]<stdout>:Epoch: [23][0/593]	Rate:[1.1999999514955562e-05, 0.00012000000424450263]	Loss 5.29241 (5.29241)	
[1,2]<stdout>:Epoch: [23][0/593]	Rate:[1.1999999514955562e-05, 0.00012000000424450263]	Loss 3.71041 (3.71041)	
[1,0]<stdout>:Epoch: [23][0/593]	Rate:[1.1999999514955562e-05, 0.00012000000424450263]	Loss 5.42131 (5.42131)	
[1,1]<stdout>:Epoch: [23][0/593]	Rate:[1.1999999514955562e-05, 0.00012000000424450263]	Loss 4.59385 (4.59385)	
[1,3]<stdout>:Epoch: [23][100/593]	Rate:[1.1999999514955562e-05, 0.00012000000424450263]	Loss 4.08501 (5.07275)	
[1,2]<stdout>:Epoch: [23][100/593]	Rate:[1.1999999514955562e-05, 0.00012000000424450263]	Loss 4.83245 (5.05671)	
[1,1]<stdout>:Epoch: [23][100/593]	Rate:[1.1999999514955562e-05, 0.00012000000424450263]	Loss 6.55416 (4.98424)	
[1,0]<stdout>:Epoch: [23][100/593]	Rate:[1.1999999514955562e-05, 0.00012000000424450263]	Loss 4.97728 (5.02954)	
[1,3]<stdout>:Epoch: [23][200/593]	Rate:[1.1999999514955562e-05, 0.00012000000424450263]	Loss 4.08272 (5.06792)	
[1,2]<stdout>:Epoch: [23][200/593]	Rate:[1.1999999514955562e-05, 0.00012000000424450263]	Loss 4.74458 (5.11680)	
[1,0]<stdout>:Epoch: [23][200/593]	Rate:[1.1999999514955562e-05, 0.00012000000424450263]	Loss 4.74087 (5.03297)	
[1,1]<stdout>:Epoch: [23][200/593]	Rate:[1.1999999514955562e-05, 0.00012000000424450263]	Loss 5.72138 (5.01389)	
[1,0]<stdout>:Epoch: [23][300/593]	Rate:[1.1999999514955562e-05, 0.00012000000424450263]	Loss 4.52795 (5.04495)	
[1,1]<stdout>:Epoch: [23][300/593]	Rate:[1.1999999514955562e-05, 0.00012000000424450263]	Loss 5.41514 (5.00529)	
[1,2]<stdout>:Epoch: [23][300/593]	Rate:[1.1999999514955562e-05, 0.00012000000424450263]	Loss 3.74791 (5.10240)	
[1,3]<stdout>:Epoch: [23][300/593]	Rate:[1.1999999514955562e-05, 0.00012000000424450263]	Loss 5.83255 (5.06792)	
[1,3]<stdout>:Epoch: [23][400/593]	Rate:[1.1999999514955562e-05, 0.00012000000424450263]	Loss 4.53783 (5.04863)	
[1,0]<stdout>:Epoch: [23][400/593]	Rate:[1.1999999514955562e-05, 0.00012000000424450263]	Loss 4.73569 (5.06548)	
[1,2]<stdout>:Epoch: [23][400/593]	Rate:[1.1999999514955562e-05, 0.00012000000424450263]	Loss 5.57776 (5.05996)	
[1,1]<stdout>:Epoch: [23][400/593]	Rate:[1.1999999514955562e-05, 0.00012000000424450263]	Loss 5.09116 (5.01451)	
[1,0]<stdout>:Epoch: [23][500/593]	Rate:[1.1999999514955562e-05, 0.00012000000424450263]	Loss 5.82822 (5.09368)	
[1,2]<stdout>:Epoch: [23][500/593]	Rate:[1.1999999514955562e-05, 0.00012000000424450263]	Loss 4.93192 (5.06928)	
[1,3]<stdout>:Epoch: [23][500/593]	Rate:[1.1999999514955562e-05, 0.00012000000424450263]	Loss 5.76774 (5.03927)	
[1,1]<stdout>:Epoch: [23][500/593]	Rate:[1.1999999514955562e-05, 0.00012000000424450263]	Loss 4.29850 (5.03574)	
[1,3]<stdout>:Epoch: [23][592/593]	Rate:[1.1999999514955562e-05, 0.00012000000424450263]	Loss 11.06631 (5.04962)	
[1,0]<stdout>:Epoch: [23][592/593]	Rate:[1.1999999514955562e-05, 0.00012000000424450263]	Loss 9.12126 (5.10817)	
[1,2]<stdout>:Epoch: [23][592/593]	Rate:[1.1999999514955562e-05, 0.00012000000424450263]	Loss 10.85209 (5.09522)	
[1,1]<stdout>:Epoch: [23][592/593]	Rate:[1.1999999514955562e-05, 0.00012000000424450263]	Loss 13.25062 (5.03359)	
[1,0]<stdout>:[Train] number: 28423 threshold: 0.05 score: 0.7917795816592759
[1,0]<stdout>:[Train] number: 28423 threshold: 0.06 score: 0.7992016738924046
[1,0]<stdout>:[Train] number: 28423 threshold: 0.07 score: 0.8054012513716952
[1,0]<stdout>:[Train] number: 28423 threshold: 0.08 score: 0.8101709816692781
[1,0]<stdout>:[Train] number: 28423 threshold: 0.09 score: 0.8141804001707599
[1,0]<stdout>:[Train] number: 28423 threshold: 0.1 score: 0.8171638689433492
[1,0]<stdout>:[Train] number: 28423 threshold: 0.11 score: 0.8193913277713842
[1,0]<stdout>:[Train] number: 28423 threshold: 0.12 score: 0.8206677350722883
[1,0]<stdout>:[Train] number: 28423 threshold: 0.13 score: 0.821679745215369
[1,0]<stdout>:[Train] number: 28423 threshold: 0.14 score: 0.8219860018526791
[1,0]<stdout>:[Train] number: 28423 threshold: 0.15 score: 0.8218758014136831
[1,0]<stdout>:[TEST]: 0/149	Loss 11.52000 (11.52000)
[1,3]<stdout>:[TEST]: 0/149	Loss 10.79511 (10.79511)
[1,2]<stdout>:[TEST]: 0/149	Loss 10.87372 (10.87372)
[1,1]<stdout>:[TEST]: 0/149	Loss 9.26937 (9.26937)
[1,3]<stdout>:[TEST]: 100/149	Loss 10.28770 (11.63737)
[1,0]<stdout>:[TEST]: 100/149	Loss 11.91936 (11.81478)
[1,1]<stdout>:[TEST]: 100/149	Loss 11.83264 (11.52910)
[1,2]<stdout>:[TEST]: 100/149	Loss 12.62300 (11.74860)
[1,1]<stdout>:[TEST]: 148/149	Loss 22.86205 (11.58123)
[1,3]<stdout>:[TEST]: 148/149	Loss 5.19351 (11.63894)
[1,0]<stdout>:[TEST]: 148/149	Loss 4.49591 (11.76538)
[1,2]<stdout>:[TEST]: 148/149	Loss 10.72413 (11.75498)
[1,0]<stdout>:[Test] number: 7107 threshold: 0.05 score: 0.628898954688518
[1,0]<stdout>:[Test] number: 7107 threshold: 0.06 score: 0.6299095783697912
[1,0]<stdout>:[Test] number: 7107 threshold: 0.07 score: 0.6307970573354238
[1,0]<stdout>:[Test] number: 7107 threshold: 0.08 score: 0.6311820272394489
[1,0]<stdout>:[Test] number: 7107 threshold: 0.09 score: 0.630901413097662
[1,0]<stdout>:[Test] number: 7107 threshold: 0.1 score: 0.6293816957653487
[1,0]<stdout>:[Test] number: 7107 threshold: 0.11 score: 0.6278358446213658
[1,0]<stdout>:[Test] number: 7107 threshold: 0.12 score: 0.6256020961884894
[1,0]<stdout>:[Test] number: 7107 threshold: 0.13 score: 0.6234453907399812
[1,0]<stdout>:[Test] number: 7107 threshold: 0.14 score: 0.6208911573004369
[1,0]<stdout>:[Test] number: 7107 threshold: 0.15 score: 0.6184211648774149
[1,0]<stdout>:Epoch[23] LR: [1.1999999514955562e-05, 0.00012000000424450263] Time:869.664923 TrainLoss 5.108167 ValLoss 11.765382  Train_th 0.145000 Val_th 0.075000  Train_Score 0.822977 Val_Score 0.634058
[1,3]<stdout>:Epoch: [24][0/593]	Rate:[1.1999999514955562e-05, 0.00012000000424450263]	Loss 5.69199 (5.69199)	
[1,2]<stdout>:Epoch: [24][0/593]	Rate:[1.1999999514955562e-05, 0.00012000000424450263]	Loss 4.70285 (4.70285)	
[1,1]<stdout>:Epoch: [24][0/593]	Rate:[1.1999999514955562e-05, 0.00012000000424450263]	Loss 4.72383 (4.72383)	
[1,0]<stdout>:Epoch: [24][0/593]	Rate:[1.1999999514955562e-05, 0.00012000000424450263]	Loss 3.67824 (3.67824)	
[1,0]<stdout>:Epoch: [24][100/593]	Rate:[1.1999999514955562e-05, 0.00012000000424450263]	Loss 4.53920 (4.74846)	
[1,2]<stdout>:Epoch: [24][100/593]	Rate:[1.1999999514955562e-05, 0.00012000000424450263]	Loss 4.32200 (4.87637)	
[1,1]<stdout>:Epoch: [24][100/593]	Rate:[1.1999999514955562e-05, 0.00012000000424450263]	Loss 5.76334 (4.72619)	
[1,3]<stdout>:Epoch: [24][100/593]	Rate:[1.1999999514955562e-05, 0.00012000000424450263]	Loss 4.82783 (4.84393)	
[1,2]<stdout>:Epoch: [24][200/593]	Rate:[1.1999999514955562e-05, 0.00012000000424450263]	Loss 5.52879 (4.88827)	
[1,1]<stdout>:Epoch: [24][200/593]	Rate:[1.1999999514955562e-05, 0.00012000000424450263]	Loss 4.80783 (4.78911)	
[1,0]<stdout>:Epoch: [24][200/593]	Rate:[1.1999999514955562e-05, 0.00012000000424450263]	Loss 4.74003 (4.79151)	
[1,3]<stdout>:Epoch: [24][200/593]	Rate:[1.1999999514955562e-05, 0.00012000000424450263]	Loss 4.68792 (4.87876)	
[1,0]<stdout>:Epoch: [24][300/593]	Rate:[1.1999999514955562e-05, 0.00012000000424450263]	Loss 5.63278 (4.83707)	
[1,2]<stdout>:Epoch: [24][300/593]	Rate:[1.1999999514955562e-05, 0.00012000000424450263]	Loss 4.87053 (4.88161)	
[1,3]<stdout>:Epoch: [24][300/593]	Rate:[1.1999999514955562e-05, 0.00012000000424450263]	Loss 4.97531 (4.85905)	
[1,1]<stdout>:Epoch: [24][300/593]	Rate:[1.1999999514955562e-05, 0.00012000000424450263]	Loss 5.51543 (4.82205)	
[1,3]<stdout>:Epoch: [24][400/593]	Rate:[1.1999999514955562e-05, 0.00012000000424450263]	Loss 6.58388 (4.86011)	
[1,2]<stdout>:Epoch: [24][400/593]	Rate:[1.1999999514955562e-05, 0.00012000000424450263]	Loss 4.00440 (4.86999)	
[1,0]<stdout>:Epoch: [24][400/593]	Rate:[1.1999999514955562e-05, 0.00012000000424450263]	Loss 4.04150 (4.81912)	
[1,1]<stdout>:Epoch: [24][400/593]	Rate:[1.1999999514955562e-05, 0.00012000000424450263]	Loss 4.64696 (4.83520)	
[1,3]<stdout>:Epoch: [24][500/593]	Rate:[1.1999999514955562e-05, 0.00012000000424450263]	Loss 5.14878 (4.87243)	
[1,0]<stdout>:Epoch: [24][500/593]	Rate:[1.1999999514955562e-05, 0.00012000000424450263]	Loss 4.46543 (4.84219)	
[1,2]<stdout>:Epoch: [24][500/593]	Rate:[1.1999999514955562e-05, 0.00012000000424450263]	Loss 4.54191 (4.90394)	
[1,1]<stdout>:Epoch: [24][500/593]	Rate:[1.1999999514955562e-05, 0.00012000000424450263]	Loss 5.31075 (4.87344)	
[1,3]<stdout>:Epoch: [24][592/593]	Rate:[1.1999999514955562e-05, 0.00012000000424450263]	Loss 10.63620 (4.88672)	
[1,2]<stdout>:Epoch: [24][592/593]	Rate:[1.1999999514955562e-05, 0.00012000000424450263]	Loss 12.89095 (4.92699)	
[1,1]<stdout>:Epoch: [24][592/593]	Rate:[1.1999999514955562e-05, 0.00012000000424450263]	Loss 15.93736 (4.88402)	
[1,0]<stdout>:Epoch: [24][592/593]	Rate:[1.1999999514955562e-05, 0.00012000000424450263]	Loss 10.80564 (4.86295)	
[1,0]<stdout>:[Train] number: 28423 threshold: 0.05 score: 0.7985796362392799
[1,0]<stdout>:[Train] number: 28423 threshold: 0.06 score: 0.8062503641914613
[1,0]<stdout>:[Train] number: 28423 threshold: 0.07 score: 0.8123006983748546
[1,0]<stdout>:[Train] number: 28423 threshold: 0.08 score: 0.8175051414263158
[1,0]<stdout>:[Train] number: 28423 threshold: 0.09 score: 0.8212853706427558
[1,0]<stdout>:[Train] number: 28423 threshold: 0.1 score: 0.8244199065077
[1,0]<stdout>:[Train] number: 28423 threshold: 0.11 score: 0.8269285990167743
[1,0]<stdout>:[Train] number: 28423 threshold: 0.12 score: 0.828726875644447
[1,0]<stdout>:[Train] number: 28423 threshold: 0.13 score: 0.8296618371323408
[1,0]<stdout>:[Train] number: 28423 threshold: 0.14 score: 0.8298907091847083
[1,0]<stdout>:[Train] number: 28423 threshold: 0.15 score: 0.8296374771351468
[1,0]<stdout>:[TEST]: 0/149	Loss 11.60240 (11.60240)
[1,2]<stdout>:[TEST]: 0/149	Loss 10.77083 (10.77083)
[1,3]<stdout>:[TEST]: 0/149	Loss 10.87745 (10.87745)
[1,1]<stdout>:[TEST]: 0/149	Loss 9.62649 (9.62649)
[1,2]<stdout>:[TEST]: 100/149	Loss 12.92517 (11.96209)
[1,0]<stdout>:[TEST]: 100/149	Loss 12.05223 (11.97734)
[1,3]<stdout>:[TEST]: 100/149	Loss 10.26404 (11.89557)
[1,1]<stdout>:[TEST]: 100/149	Loss 11.64318 (11.59857)
[1,2]<stdout>:[TEST]: 148/149	Loss 11.32445 (11.96300)
[1,0]<stdout>:[TEST]: 148/149	Loss 5.17111 (11.92475)
[1,3]<stdout>:[TEST]: 148/149	Loss 4.99815 (11.87323)
[1,1]<stdout>:[TEST]: 148/149	Loss 22.39570 (11.62797)
[1,0]<stdout>:[Test] number: 7107 threshold: 0.05 score: 0.6286473540072388
[1,0]<stdout>:[Test] number: 7107 threshold: 0.06 score: 0.628957084681935
[1,0]<stdout>:[Test] number: 7107 threshold: 0.07 score: 0.6287667300723812
[1,0]<stdout>:[Test] number: 7107 threshold: 0.08 score: 0.6278110208679187
[1,0]<stdout>:[Test] number: 7107 threshold: 0.09 score: 0.6267019068029888
[1,0]<stdout>:[Test] number: 7107 threshold: 0.1 score: 0.6252703849422185
[1,0]<stdout>:[Test] number: 7107 threshold: 0.11 score: 0.6239095834332002
[1,0]<stdout>:[Test] number: 7107 threshold: 0.12 score: 0.6218038385131659
[1,0]<stdout>:[Test] number: 7107 threshold: 0.13 score: 0.6197013316714313
[1,0]<stdout>:[Test] number: 7107 threshold: 0.14 score: 0.6180309858743072
[1,0]<stdout>:[Test] number: 7107 threshold: 0.15 score: 0.6152492275412361
[1,0]<stdout>:Epoch[24] LR: [1.1999999514955562e-05, 0.00012000000424450263] Time:870.823447 TrainLoss 4.862946 ValLoss 11.924752  Train_th 0.142500 Val_th 0.065000  Train_Score 0.830205 Val_Score 0.632248
[1,2]<stdout>:Epoch: [25][0/593]	Rate:[1.1999999514955562e-05, 0.00012000000424450263]	Loss 4.76452 (4.76452)	
[1,3]<stdout>:Epoch: [25][0/593]	Rate:[1.1999999514955562e-05, 0.00012000000424450263]	Loss 4.03258 (4.03258)	
[1,0]<stdout>:Epoch: [25][0/593]	Rate:[1.1999999514955562e-05, 0.00012000000424450263]	Loss 4.43896 (4.43896)	
[1,1]<stdout>:Epoch: [25][0/593]	Rate:[1.1999999514955562e-05, 0.00012000000424450263]	Loss 4.19155 (4.19155)	
[1,0]<stdout>:Epoch: [25][100/593]	Rate:[1.1999999514955562e-05, 0.00012000000424450263]	Loss 5.39210 (4.61454)	
[1,3]<stdout>:Epoch: [25][100/593]	Rate:[1.1999999514955562e-05, 0.00012000000424450263]	Loss 4.76575 (4.60665)	
[1,2]<stdout>:Epoch: [25][100/593]	Rate:[1.1999999514955562e-05, 0.00012000000424450263]	Loss 4.77642 (4.62219)	
[1,1]<stdout>:Epoch: [25][100/593]	Rate:[1.1999999514955562e-05, 0.00012000000424450263]	Loss 5.14058 (4.48763)	
[1,3]<stdout>:Epoch: [25][200/593]	Rate:[1.1999999514955562e-05, 0.00012000000424450263]	Loss 4.34411 (4.66128)	
[1,2]<stdout>:Epoch: [25][200/593]	Rate:[1.1999999514955562e-05, 0.00012000000424450263]	Loss 5.19346 (4.63674)	
[1,0]<stdout>:Epoch: [25][200/593]	Rate:[1.1999999514955562e-05, 0.00012000000424450263]	Loss 4.85986 (4.65593)	
[1,1]<stdout>:Epoch: [25][200/593]	Rate:[1.1999999514955562e-05, 0.00012000000424450263]	Loss 6.05236 (4.59387)	
[1,0]<stdout>:Epoch: [25][300/593]	Rate:[1.1999999514955562e-05, 0.00012000000424450263]	Loss 3.81227 (4.67512)	
[1,2]<stdout>:Epoch: [25][300/593]	Rate:[1.1999999514955562e-05, 0.00012000000424450263]	Loss 4.57125 (4.65754)	
[1,1]<stdout>:Epoch: [25][300/593]	Rate:[1.1999999514955562e-05, 0.00012000000424450263]	Loss 5.44448 (4.61994)	
[1,3]<stdout>:Epoch: [25][300/593]	Rate:[1.1999999514955562e-05, 0.00012000000424450263]	Loss 4.13670 (4.69563)	
[1,3]<stdout>:Epoch: [25][400/593]	Rate:[1.1999999514955562e-05, 0.00012000000424450263]	Loss 5.25595 (4.72163)	
[1,2]<stdout>:Epoch: [25][400/593]	Rate:[1.1999999514955562e-05, 0.00012000000424450263]	Loss 6.10153 (4.63774)	
[1,0]<stdout>:Epoch: [25][400/593]	Rate:[1.1999999514955562e-05, 0.00012000000424450263]	Loss 5.19512 (4.70862)	
[1,1]<stdout>:Epoch: [25][400/593]	Rate:[1.1999999514955562e-05, 0.00012000000424450263]	Loss 5.51832 (4.64964)	
[1,3]<stdout>:Epoch: [25][500/593]	Rate:[1.1999999514955562e-05, 0.00012000000424450263]	Loss 5.25166 (4.70412)	
[1,0]<stdout>:Epoch: [25][500/593]	Rate:[1.1999999514955562e-05, 0.00012000000424450263]	Loss 5.15839 (4.69907)	
[1,1]<stdout>:Epoch: [25][500/593]	Rate:[1.1999999514955562e-05, 0.00012000000424450263]	Loss 4.58135 (4.65481)	
[1,2]<stdout>:Epoch: [25][500/593]	Rate:[1.1999999514955562e-05, 0.00012000000424450263]	Loss 5.07199 (4.67366)	
[1,0]<stdout>:Epoch: [25][592/593]	Rate:[1.1999999514955562e-05, 0.00012000000424450263]	Loss 11.95780 (4.70164)	
[1,2]<stdout>:Epoch: [25][592/593]	Rate:[1.1999999514955562e-05, 0.00012000000424450263]	Loss 7.48760 (4.69395)	
[1,1]<stdout>:Epoch: [25][592/593]	Rate:[1.1999999514955562e-05, 0.00012000000424450263]	Loss 22.98487 (4.68905)	
[1,3]<stdout>:Epoch: [25][592/593]	Rate:[1.1999999514955562e-05, 0.00012000000424450263]	Loss 9.49252 (4.71547)	
[1,0]<stdout>:[Train] number: 28423 threshold: 0.05 score: 0.8039670364055443
[1,0]<stdout>:[Train] number: 28423 threshold: 0.06 score: 0.8122515021718545
[1,0]<stdout>:[Train] number: 28423 threshold: 0.07 score: 0.8187446327395032
[1,0]<stdout>:[Train] number: 28423 threshold: 0.08 score: 0.8242483147775411
[1,0]<stdout>:[Train] number: 28423 threshold: 0.09 score: 0.8283820180894951
[1,0]<stdout>:[Train] number: 28423 threshold: 0.1 score: 0.8317390066855482
[1,0]<stdout>:[Train] number: 28423 threshold: 0.11 score: 0.8341076061682432
[1,0]<stdout>:[Train] number: 28423 threshold: 0.12 score: 0.83565590218247
[1,0]<stdout>:[Train] number: 28423 threshold: 0.13 score: 0.8367669408236141
[1,0]<stdout>:[Train] number: 28423 threshold: 0.14 score: 0.8374095013050391
[1,0]<stdout>:[Train] number: 28423 threshold: 0.15 score: 0.8373589122653271
[1,3]<stdout>:[TEST]: 0/149	Loss 11.07935 (11.07935)
[1,0]<stdout>:[TEST]: 0/149	Loss 11.62682 (11.62682)
[1,2]<stdout>:[TEST]: 0/149	Loss 11.09230 (11.09230)
[1,1]<stdout>:[TEST]: 0/149	Loss 9.40010 (9.40010)
[1,0]<stdout>:[TEST]: 100/149	Loss 12.11636 (12.03008)
[1,3]<stdout>:[TEST]: 100/149	Loss 10.59801 (11.87309)
[1,2]<stdout>:[TEST]: 100/149	Loss 13.10645 (12.06144)
[1,1]<stdout>:[TEST]: 100/149	Loss 11.94999 (11.74730)
[1,0]<stdout>:[TEST]: 148/149	Loss 4.89923 (11.98455)
[1,2]<stdout>:[TEST]: 148/149	Loss 12.05359 (12.05429)
[1,3]<stdout>:[TEST]: 148/149	Loss 4.98057 (11.87437)
[1,1]<stdout>:[TEST]: 148/149	Loss 22.88053 (11.77927)
[1,0]<stdout>:[Test] number: 7107 threshold: 0.05 score: 0.6273182271045543
[1,0]<stdout>:[Test] number: 7107 threshold: 0.06 score: 0.6279076120855159
[1,0]<stdout>:[Test] number: 7107 threshold: 0.07 score: 0.6276532881537553
[1,0]<stdout>:[Test] number: 7107 threshold: 0.08 score: 0.6270393919998077
[1,0]<stdout>:[Test] number: 7107 threshold: 0.09 score: 0.6261609583991782
[1,0]<stdout>:[Test] number: 7107 threshold: 0.1 score: 0.6256404369943941
[1,0]<stdout>:[Test] number: 7107 threshold: 0.11 score: 0.623771485100347
[1,0]<stdout>:[Test] number: 7107 threshold: 0.12 score: 0.6218120421329477
[1,0]<stdout>:[Test] number: 7107 threshold: 0.13 score: 0.6197485405062728
[1,0]<stdout>:[Test] number: 7107 threshold: 0.14 score: 0.6174702648219049
[1,0]<stdout>:[Test] number: 7107 threshold: 0.15 score: 0.6150797712187301
[1,0]<stdout>:Epoch[25] LR: [1.1999999514955562e-05, 0.00012000000424450263] Time:873.299050 TrainLoss 4.701639 ValLoss 11.984553  Train_th 0.147500 Val_th 0.062500  Train_Score 0.837730 Val_Score 0.630593
[1,1]<stdout>:Epoch: [26][0/593]	Rate:[1.1999999514955562e-05, 0.00012000000424450263]	Loss 3.25611 (3.25611)	
[1,0]<stdout>:Epoch: [26][0/593]	Rate:[1.1999999514955562e-05, 0.00012000000424450263]	Loss 3.86902 (3.86902)	
[1,3]<stdout>:Epoch: [26][0/593]	Rate:[1.1999999514955562e-05, 0.00012000000424450263]	Loss 4.76370 (4.76370)	
[1,2]<stdout>:Epoch: [26][0/593]	Rate:[1.1999999514955562e-05, 0.00012000000424450263]	Loss 5.57586 (5.57586)	
[1,0]<stdout>:Epoch: [26][100/593]	Rate:[1.1999999514955562e-05, 0.00012000000424450263]	Loss 4.28069 (4.40637)	
[1,3]<stdout>:Epoch: [26][100/593]	Rate:[1.1999999514955562e-05, 0.00012000000424450263]	Loss 5.06106 (4.41968)	
[1,2]<stdout>:Epoch: [26][100/593]	Rate:[1.1999999514955562e-05, 0.00012000000424450263]	Loss 3.97718 (4.39364)	
[1,1]<stdout>:Epoch: [26][100/593]	Rate:[1.1999999514955562e-05, 0.00012000000424450263]	Loss 4.14120 (4.57542)	
[1,3]<stdout>:Epoch: [26][200/593]	Rate:[1.1999999514955562e-05, 0.00012000000424450263]	Loss 4.15334 (4.42069)	
