[1,0]<stdout>:--------current best-------:0.564492
[1,0]<stdout>:Epoch: [10][0/593]	Rate:[0.00011999999696854502, 0.00011999999696854502]	Loss 3.26122 (3.26122)	
[1,2]<stdout>:Epoch: [10][0/593]	Rate:[0.00011999999696854502, 0.00011999999696854502]	Loss 2.03922 (2.03922)	
[1,3]<stdout>:Epoch: [10][0/593]	Rate:[0.00011999999696854502, 0.00011999999696854502]	Loss 2.54682 (2.54682)	
[1,1]<stdout>:Epoch: [10][0/593]	Rate:[0.00011999999696854502, 0.00011999999696854502]	Loss 2.82913 (2.82913)	
[1,3]<stdout>:Epoch: [10][100/593]	Rate:[0.00011999999696854502, 0.00011999999696854502]	Loss 2.60776 (3.15399)	
[1,1]<stdout>:Epoch: [10][100/593]	Rate:[0.00011999999696854502, 0.00011999999696854502]	Loss 3.55099 (3.05901)	
[1,0]<stdout>:Epoch: [10][100/593]	Rate:[0.00011999999696854502, 0.00011999999696854502]	Loss 2.86071 (3.21528)	
[1,2]<stdout>:Epoch: [10][100/593]	Rate:[0.00011999999696854502, 0.00011999999696854502]	Loss 1.56570 (3.06893)	
[1,1]<stdout>:Epoch: [10][200/593]	Rate:[0.00011999999696854502, 0.00011999999696854502]	Loss 2.42422 (3.04615)	
[1,3]<stdout>:Epoch: [10][200/593]	Rate:[0.00011999999696854502, 0.00011999999696854502]	Loss 4.12297 (3.16153)	
[1,0]<stdout>:Epoch: [10][200/593]	Rate:[0.00011999999696854502, 0.00011999999696854502]	Loss 3.55258 (3.17749)	
[1,2]<stdout>:Epoch: [10][200/593]	Rate:[0.00011999999696854502, 0.00011999999696854502]	Loss 2.38052 (3.11808)	
[1,3]<stdout>:Epoch: [10][300/593]	Rate:[0.00011999999696854502, 0.00011999999696854502]	Loss 4.26897 (3.19845)	
[1,1]<stdout>:Epoch: [10][300/593]	Rate:[0.00011999999696854502, 0.00011999999696854502]	Loss 2.83671 (3.09343)	
[1,0]<stdout>:Epoch: [10][300/593]	Rate:[0.00011999999696854502, 0.00011999999696854502]	Loss 4.05842 (3.18418)	
[1,2]<stdout>:Epoch: [10][300/593]	Rate:[0.00011999999696854502, 0.00011999999696854502]	Loss 4.99135 (3.15555)	
[1,1]<stdout>:Epoch: [10][400/593]	Rate:[0.00011999999696854502, 0.00011999999696854502]	Loss 4.49648 (3.14439)	
[1,3]<stdout>:Epoch: [10][400/593]	Rate:[0.00011999999696854502, 0.00011999999696854502]	Loss 5.11681 (3.21620)	
[1,0]<stdout>:Epoch: [10][400/593]	Rate:[0.00011999999696854502, 0.00011999999696854502]	Loss 2.66232 (3.22276)	
[1,2]<stdout>:Epoch: [10][400/593]	Rate:[0.00011999999696854502, 0.00011999999696854502]	Loss 2.33894 (3.15986)	
[1,1]<stdout>:Epoch: [10][500/593]	Rate:[0.00011999999696854502, 0.00011999999696854502]	Loss 2.86540 (3.17216)	
[1,3]<stdout>:Epoch: [10][500/593]	Rate:[0.00011999999696854502, 0.00011999999696854502]	Loss 4.17902 (3.22248)	
[1,0]<stdout>:Epoch: [10][500/593]	Rate:[0.00011999999696854502, 0.00011999999696854502]	Loss 3.34294 (3.23382)	
[1,2]<stdout>:Epoch: [10][500/593]	Rate:[0.00011999999696854502, 0.00011999999696854502]	Loss 3.07854 (3.19111)	
[1,3]<stdout>:Epoch: [10][592/593]	Rate:[0.00011999999696854502, 0.00011999999696854502]	Loss 5.01800 (3.23058)	
[1,0]<stdout>:Epoch: [10][592/593]	Rate:[0.00011999999696854502, 0.00011999999696854502]	Loss 3.23349 (3.24877)	
[1,2]<stdout>:Epoch: [10][592/593]	Rate:[0.00011999999696854502, 0.00011999999696854502]	Loss 3.99092 (3.19300)	
[1,1]<stdout>:Epoch: [10][592/593]	Rate:[0.00011999999696854502, 0.00011999999696854502]	Loss 4.31791 (3.19184)	
[1,0]<stdout>:[TEST]: 0/149	Loss 3.89894 (3.89894)
[1,1]<stdout>:[TEST]: 0/149	Loss 3.18528 (3.18528)
[1,3]<stdout>:[TEST]: 0/149	Loss 4.32047 (4.32047)
[1,2]<stdout>:[TEST]: 0/149	Loss 5.54752 (5.54752)
[1,0]<stdout>:[TEST]: 100/149	Loss 4.43033 (4.35503)
[1,1]<stdout>:[TEST]: 100/149	Loss 3.46054 (4.23032)
[1,2]<stdout>:[TEST]: 100/149	Loss 3.77570 (4.39287)
[1,3]<stdout>:[TEST]: 100/149	Loss 3.70515 (4.25552)
[1,0]<stdout>:[TEST]: 148/149	Loss 1.18227 (4.29718)
[1,1]<stdout>:[TEST]: 148/149	Loss 11.44841 (4.19240)
[1,2]<stdout>:[TEST]: 148/149	Loss 5.09634 (4.33155)
[1,3]<stdout>:[TEST]: 148/149	Loss 1.30031 (4.16533)
[1,0]<stdout>:[Test] number: 7107 threshold: 0.05 score: 0.5603658750149443
[1,0]<stdout>:[Test] number: 7107 threshold: 0.06 score: 0.562757670916632
[1,0]<stdout>:[Test] number: 7107 threshold: 0.07 score: 0.5646701169001022
[1,0]<stdout>:[Test] number: 7107 threshold: 0.08 score: 0.5654644426287572
[1,0]<stdout>:[Test] number: 7107 threshold: 0.09 score: 0.5657466404998033
[1,0]<stdout>:[Test] number: 7107 threshold: 0.1 score: 0.5662155606243905
[1,0]<stdout>:[Test] number: 7107 threshold: 0.11 score: 0.564948928103296
[1,0]<stdout>:[Test] number: 7107 threshold: 0.12 score: 0.5636379151919939
[1,0]<stdout>:[Test] number: 7107 threshold: 0.13 score: 0.5612357450985362
[1,0]<stdout>:[Test] number: 7107 threshold: 0.14 score: 0.5577141665990303
[1,0]<stdout>:[Test] number: 7107 threshold: 0.15 score: 0.5551235892702069
[1,0]<stdout>:Epoch[10] LR: [0.00011999999696854502, 0.00011999999696854502] Time:1413.325885 TrainLoss 3.248769 ValLoss 4.297181  Train_th 0.000000 Val_th 0.100000  Train_Score 0.000000 Val_Score 0.568468
[1,0]<stdout>:--------current best-------:0.568468
[1,1]<stdout>:Epoch: [11][0/593]	Rate:[0.00011999999696854502, 0.00011999999696854502]	Loss 2.10925 (2.10925)	
[1,3]<stdout>:Epoch: [11][0/593]	Rate:[0.00011999999696854502, 0.00011999999696854502]	Loss 3.00839 (3.00839)	
[1,0]<stdout>:Epoch: [11][0/593]	Rate:[0.00011999999696854502, 0.00011999999696854502]	Loss 2.90632 (2.90632)	
[1,2]<stdout>:Epoch: [11][0/593]	Rate:[0.00011999999696854502, 0.00011999999696854502]	Loss 2.13956 (2.13956)	
[1,0]<stdout>:Epoch: [11][100/593]	Rate:[0.00011999999696854502, 0.00011999999696854502]	Loss 2.25704 (2.89780)	
[1,3]<stdout>:Epoch: [11][100/593]	Rate:[0.00011999999696854502, 0.00011999999696854502]	Loss 2.93263 (3.10190)	
[1,1]<stdout>:Epoch: [11][100/593]	Rate:[0.00011999999696854502, 0.00011999999696854502]	Loss 2.20633 (2.99149)	
[1,2]<stdout>:Epoch: [11][100/593]	Rate:[0.00011999999696854502, 0.00011999999696854502]	Loss 4.02146 (2.91883)	
[1,0]<stdout>:Epoch: [11][200/593]	Rate:[0.00011999999696854502, 0.00011999999696854502]	Loss 2.76229 (2.98885)	
[1,1]<stdout>:Epoch: [11][200/593]	Rate:[0.00011999999696854502, 0.00011999999696854502]	Loss 2.32829 (2.98452)	
[1,3]<stdout>:Epoch: [11][200/593]	Rate:[0.00011999999696854502, 0.00011999999696854502]	Loss 2.25294 (3.05521)	
[1,2]<stdout>:Epoch: [11][200/593]	Rate:[0.00011999999696854502, 0.00011999999696854502]	Loss 3.75487 (2.90756)	
[1,0]<stdout>:Epoch: [11][300/593]	Rate:[0.00011999999696854502, 0.00011999999696854502]	Loss 5.01931 (2.95921)	
[1,1]<stdout>:Epoch: [11][300/593]	Rate:[0.00011999999696854502, 0.00011999999696854502]	Loss 2.74051 (2.97209)	
[1,3]<stdout>:Epoch: [11][300/593]	Rate:[0.00011999999696854502, 0.00011999999696854502]	Loss 3.32986 (3.00335)	
[1,2]<stdout>:Epoch: [11][300/593]	Rate:[0.00011999999696854502, 0.00011999999696854502]	Loss 2.30049 (2.96643)	
[1,1]<stdout>:Epoch: [11][400/593]	Rate:[0.00011999999696854502, 0.00011999999696854502]	Loss 4.08791 (2.99915)	
[1,0]<stdout>:Epoch: [11][400/593]	Rate:[0.00011999999696854502, 0.00011999999696854502]	Loss 2.83855 (2.95935)	
[1,2]<stdout>:Epoch: [11][400/593]	Rate:[0.00011999999696854502, 0.00011999999696854502]	Loss 2.97068 (2.98378)	
[1,3]<stdout>:Epoch: [11][400/593]	Rate:[0.00011999999696854502, 0.00011999999696854502]	Loss 2.16365 (3.00476)	
[1,2]<stdout>:Epoch: [11][500/593]	Rate:[0.00011999999696854502, 0.00011999999696854502]	Loss 3.55358 (3.01626)	
[1,3]<stdout>:Epoch: [11][500/593]	Rate:[0.00011999999696854502, 0.00011999999696854502]	Loss 3.76990 (3.01866)	
[1,1]<stdout>:Epoch: [11][500/593]	Rate:[0.00011999999696854502, 0.00011999999696854502]	Loss 2.65807 (3.02422)	
[1,0]<stdout>:Epoch: [11][500/593]	Rate:[0.00011999999696854502, 0.00011999999696854502]	Loss 2.47794 (3.00609)	
[1,3]<stdout>:Epoch: [11][592/593]	Rate:[0.00011999999696854502, 0.00011999999696854502]	Loss 2.82018 (3.01085)	
[1,1]<stdout>:Epoch: [11][592/593]	Rate:[0.00011999999696854502, 0.00011999999696854502]	Loss 3.43531 (3.02949)	
[1,0]<stdout>:Epoch: [11][592/593]	Rate:[0.00011999999696854502, 0.00011999999696854502]	Loss 3.05569 (3.02474)	
[1,2]<stdout>:Epoch: [11][592/593]	Rate:[0.00011999999696854502, 0.00011999999696854502]	Loss 3.86320 (3.02055)	
[1,0]<stdout>:[TEST]: 0/149	Loss 3.92977 (3.92977)
[1,1]<stdout>:[TEST]: 0/149	Loss 3.40042 (3.40042)
[1,3]<stdout>:[TEST]: 0/149	Loss 4.40261 (4.40261)
[1,2]<stdout>:[TEST]: 0/149	Loss 5.63921 (5.63921)
[1,0]<stdout>:[TEST]: 100/149	Loss 4.59039 (4.32744)
[1,1]<stdout>:[TEST]: 100/149	Loss 3.22088 (4.17347)
[1,3]<stdout>:[TEST]: 100/149	Loss 3.89466 (4.21309)
[1,2]<stdout>:[TEST]: 100/149	Loss 3.47782 (4.34084)
[1,0]<stdout>:[TEST]: 148/149	Loss 1.30203 (4.27521)
[1,1]<stdout>:[TEST]: 148/149	Loss 9.95053 (4.13606)
[1,2]<stdout>:[TEST]: 148/149	Loss 7.06085 (4.29465)
[1,3]<stdout>:[TEST]: 148/149	Loss 1.16996 (4.10107)
[1,0]<stdout>:[Test] number: 7107 threshold: 0.05 score: 0.5630239683400955
[1,0]<stdout>:[Test] number: 7107 threshold: 0.06 score: 0.5661947932050096
[1,0]<stdout>:[Test] number: 7107 threshold: 0.07 score: 0.5683761410895585
[1,0]<stdout>:[Test] number: 7107 threshold: 0.08 score: 0.5701620272998722
[1,0]<stdout>:[Test] number: 7107 threshold: 0.09 score: 0.57113850805274
[1,0]<stdout>:[Test] number: 7107 threshold: 0.1 score: 0.5716999930775635
[1,0]<stdout>:[Test] number: 7107 threshold: 0.11 score: 0.5709207231340756
[1,0]<stdout>:[Test] number: 7107 threshold: 0.12 score: 0.5697457682995187
[1,0]<stdout>:[Test] number: 7107 threshold: 0.13 score: 0.5675096790311945
[1,0]<stdout>:[Test] number: 7107 threshold: 0.14 score: 0.5646103624082464
[1,0]<stdout>:[Test] number: 7107 threshold: 0.15 score: 0.5610644792539148
[1,0]<stdout>:Epoch[11] LR: [0.00011999999696854502, 0.00011999999696854502] Time:1414.871583 TrainLoss 3.024744 ValLoss 4.275209  Train_th 0.000000 Val_th 0.100000  Train_Score 0.000000 Val_Score 0.574159
[1,0]<stdout>:--------current best-------:0.574159
[1,0]<stdout>:Epoch: [12][0/593]	Rate:[0.00011999999696854502, 0.00011999999696854502]	Loss 1.89039 (1.89039)	
[1,2]<stdout>:Epoch: [12][0/593]	Rate:[0.00011999999696854502, 0.00011999999696854502]	Loss 3.74053 (3.74053)	
[1,1]<stdout>:Epoch: [12][0/593]	Rate:[0.00011999999696854502, 0.00011999999696854502]	Loss 3.46465 (3.46465)	
[1,3]<stdout>:Epoch: [12][0/593]	Rate:[0.00011999999696854502, 0.00011999999696854502]	Loss 3.00218 (3.00218)	
[1,3]<stdout>:Epoch: [12][100/593]	Rate:[0.00011999999696854502, 0.00011999999696854502]	Loss 2.47039 (2.57836)	
[1,1]<stdout>:Epoch: [12][100/593]	Rate:[0.00011999999696854502, 0.00011999999696854502]	Loss 2.86002 (2.67988)	
[1,2]<stdout>:Epoch: [12][100/593]	Rate:[0.00011999999696854502, 0.00011999999696854502]	Loss 2.61583 (2.73303)	
[1,0]<stdout>:Epoch: [12][100/593]	Rate:[0.00011999999696854502, 0.00011999999696854502]	Loss 2.20325 (2.71050)	
[1,3]<stdout>:Epoch: [12][200/593]	Rate:[0.00011999999696854502, 0.00011999999696854502]	Loss 2.10682 (2.61556)	
[1,1]<stdout>:Epoch: [12][200/593]	Rate:[0.00011999999696854502, 0.00011999999696854502]	Loss 2.86554 (2.64375)	
[1,0]<stdout>:Epoch: [12][200/593]	Rate:[0.00011999999696854502, 0.00011999999696854502]	Loss 3.14553 (2.69184)	
[1,2]<stdout>:Epoch: [12][200/593]	Rate:[0.00011999999696854502, 0.00011999999696854502]	Loss 3.45660 (2.72204)	
[1,1]<stdout>:Epoch: [12][300/593]	Rate:[0.00011999999696854502, 0.00011999999696854502]	Loss 2.62277 (2.71567)	
[1,0]<stdout>:Epoch: [12][300/593]	Rate:[0.00011999999696854502, 0.00011999999696854502]	Loss 2.94760 (2.73253)	
[1,3]<stdout>:Epoch: [12][300/593]	Rate:[0.00011999999696854502, 0.00011999999696854502]	Loss 3.81649 (2.68698)	
[1,2]<stdout>:Epoch: [12][300/593]	Rate:[0.00011999999696854502, 0.00011999999696854502]	Loss 2.56110 (2.78944)	
[1,3]<stdout>:Epoch: [12][400/593]	Rate:[0.00011999999696854502, 0.00011999999696854502]	Loss 3.08046 (2.69679)	
[1,0]<stdout>:Epoch: [12][400/593]	Rate:[0.00011999999696854502, 0.00011999999696854502]	Loss 1.87372 (2.75175)	
[1,2]<stdout>:Epoch: [12][400/593]	Rate:[0.00011999999696854502, 0.00011999999696854502]	Loss 2.88282 (2.77084)	
[1,1]<stdout>:Epoch: [12][400/593]	Rate:[0.00011999999696854502, 0.00011999999696854502]	Loss 3.43807 (2.75698)	
[1,1]<stdout>:Epoch: [12][500/593]	Rate:[0.00011999999696854502, 0.00011999999696854502]	Loss 2.41992 (2.77869)	
[1,0]<stdout>:Epoch: [12][500/593]	Rate:[0.00011999999696854502, 0.00011999999696854502]	Loss 2.98360 (2.76391)	
[1,3]<stdout>:Epoch: [12][500/593]	Rate:[0.00011999999696854502, 0.00011999999696854502]	Loss 2.08053 (2.72925)	
[1,2]<stdout>:Epoch: [12][500/593]	Rate:[0.00011999999696854502, 0.00011999999696854502]	Loss 2.28772 (2.77570)	
[1,3]<stdout>:Epoch: [12][592/593]	Rate:[0.00011999999696854502, 0.00011999999696854502]	Loss 4.27244 (2.75958)	
[1,0]<stdout>:Epoch: [12][592/593]	Rate:[0.00011999999696854502, 0.00011999999696854502]	Loss 0.93490 (2.75384)	
[1,2]<stdout>:Epoch: [12][592/593]	Rate:[0.00011999999696854502, 0.00011999999696854502]	Loss 2.94147 (2.78504)	
[1,1]<stdout>:Epoch: [12][592/593]	Rate:[0.00011999999696854502, 0.00011999999696854502]	Loss 1.92737 (2.80604)	
[1,0]<stdout>:[TEST]: 0/149	Loss 4.12503 (4.12503)
[1,1]<stdout>:[TEST]: 0/149	Loss 3.69865 (3.69865)
[1,2]<stdout>:[TEST]: 0/149	Loss 5.16124 (5.16124)
[1,3]<stdout>:[TEST]: 0/149	Loss 4.11149 (4.11149)
[1,0]<stdout>:[TEST]: 100/149	Loss 4.64246 (4.31550)
[1,1]<stdout>:[TEST]: 100/149	Loss 3.21903 (4.19474)
[1,2]<stdout>:[TEST]: 100/149	Loss 4.20271 (4.36711)
[1,3]<stdout>:[TEST]: 100/149	Loss 3.71821 (4.22737)
[1,0]<stdout>:[TEST]: 148/149	Loss 1.09243 (4.26309)
[1,1]<stdout>:[TEST]: 148/149	Loss 11.01211 (4.15528)
[1,2]<stdout>:[TEST]: 148/149	Loss 5.53259 (4.33122)
[1,3]<stdout>:[TEST]: 148/149	Loss 0.70860 (4.10899)
[1,0]<stdout>:[Test] number: 7107 threshold: 0.05 score: 0.5612202055649742
[1,0]<stdout>:[Test] number: 7107 threshold: 0.06 score: 0.5647418205901572
[1,0]<stdout>:[Test] number: 7107 threshold: 0.07 score: 0.5670080201985117
[1,0]<stdout>:[Test] number: 7107 threshold: 0.08 score: 0.5703795866936355
[1,0]<stdout>:[Test] number: 7107 threshold: 0.09 score: 0.5720032746912118
[1,0]<stdout>:[Test] number: 7107 threshold: 0.1 score: 0.5731893008416725
[1,0]<stdout>:[Test] number: 7107 threshold: 0.11 score: 0.573743006695573
[1,0]<stdout>:[Test] number: 7107 threshold: 0.12 score: 0.5727402633242008
[1,0]<stdout>:[Test] number: 7107 threshold: 0.13 score: 0.5711646961127544
[1,0]<stdout>:[Test] number: 7107 threshold: 0.14 score: 0.5687563011345532
[1,0]<stdout>:[Test] number: 7107 threshold: 0.15 score: 0.565980069181203
[1,0]<stdout>:Epoch[12] LR: [0.00011999999696854502, 0.00011999999696854502] Time:1414.114208 TrainLoss 2.753837 ValLoss 4.263088  Train_th 0.000000 Val_th 0.107500  Train_Score 0.000000 Val_Score 0.576258
[1,0]<stdout>:--------current best-------:0.576258
[1,1]<stdout>:Epoch: [13][0/593]	Rate:[0.00011999999696854502, 0.00011999999696854502]	Loss 1.82704 (1.82704)	
[1,0]<stdout>:Epoch: [13][0/593]	Rate:[0.00011999999696854502, 0.00011999999696854502]	Loss 2.90075 (2.90075)	
[1,2]<stdout>:Epoch: [13][0/593]	Rate:[0.00011999999696854502, 0.00011999999696854502]	Loss 2.38389 (2.38389)	
[1,3]<stdout>:Epoch: [13][0/593]	Rate:[0.00011999999696854502, 0.00011999999696854502]	Loss 2.43069 (2.43069)	
[1,0]<stdout>:Epoch: [13][100/593]	Rate:[0.00011999999696854502, 0.00011999999696854502]	Loss 2.43288 (2.55640)	
[1,3]<stdout>:Epoch: [13][100/593]	Rate:[0.00011999999696854502, 0.00011999999696854502]	Loss 2.25387 (2.56324)	
[1,1]<stdout>:Epoch: [13][100/593]	Rate:[0.00011999999696854502, 0.00011999999696854502]	Loss 3.05071 (2.49896)	
[1,2]<stdout>:Epoch: [13][100/593]	Rate:[0.00011999999696854502, 0.00011999999696854502]	Loss 2.16246 (2.54538)	
[1,1]<stdout>:Epoch: [13][200/593]	Rate:[0.00011999999696854502, 0.00011999999696854502]	Loss 3.00706 (2.52700)	
[1,3]<stdout>:Epoch: [13][200/593]	Rate:[0.00011999999696854502, 0.00011999999696854502]	Loss 2.76860 (2.52452)	
[1,0]<stdout>:Epoch: [13][200/593]	Rate:[0.00011999999696854502, 0.00011999999696854502]	Loss 1.50721 (2.57035)	
[1,2]<stdout>:Epoch: [13][200/593]	Rate:[0.00011999999696854502, 0.00011999999696854502]	Loss 2.22935 (2.57052)	
[1,1]<stdout>:Epoch: [13][300/593]	Rate:[0.00011999999696854502, 0.00011999999696854502]	Loss 2.51272 (2.54647)	
[1,3]<stdout>:Epoch: [13][300/593]	Rate:[0.00011999999696854502, 0.00011999999696854502]	Loss 2.05566 (2.50487)	
[1,0]<stdout>:Epoch: [13][300/593]	Rate:[0.00011999999696854502, 0.00011999999696854502]	Loss 2.28732 (2.56454)	
[1,2]<stdout>:Epoch: [13][300/593]	Rate:[0.00011999999696854502, 0.00011999999696854502]	Loss 1.70274 (2.55758)	
[1,0]<stdout>:Epoch: [13][400/593]	Rate:[0.00011999999696854502, 0.00011999999696854502]	Loss 2.75526 (2.58377)	
[1,2]<stdout>:Epoch: [13][400/593]	Rate:[0.00011999999696854502, 0.00011999999696854502]	Loss 2.46917 (2.57336)	
[1,1]<stdout>:Epoch: [13][400/593]	Rate:[0.00011999999696854502, 0.00011999999696854502]	Loss 2.09143 (2.55807)	
[1,3]<stdout>:Epoch: [13][400/593]	Rate:[0.00011999999696854502, 0.00011999999696854502]	Loss 2.53379 (2.53394)	
[1,3]<stdout>:Epoch: [13][500/593]	Rate:[0.00011999999696854502, 0.00011999999696854502]	Loss 2.39078 (2.54953)	
[1,0]<stdout>:Epoch: [13][500/593]	Rate:[0.00011999999696854502, 0.00011999999696854502]	Loss 2.35591 (2.59466)	
[1,2]<stdout>:Epoch: [13][500/593]	Rate:[0.00011999999696854502, 0.00011999999696854502]	Loss 2.13530 (2.58012)	
[1,1]<stdout>:Epoch: [13][500/593]	Rate:[0.00011999999696854502, 0.00011999999696854502]	Loss 2.21078 (2.57870)	
[1,1]<stdout>:Epoch: [13][592/593]	Rate:[0.00011999999696854502, 0.00011999999696854502]	Loss 4.29135 (2.59957)	
[1,3]<stdout>:Epoch: [13][592/593]	Rate:[0.00011999999696854502, 0.00011999999696854502]	Loss 8.27940 (2.58248)	
[1,0]<stdout>:Epoch: [13][592/593]	Rate:[0.00011999999696854502, 0.00011999999696854502]	Loss 6.12852 (2.61114)	
[1,2]<stdout>:Epoch: [13][592/593]	Rate:[0.00011999999696854502, 0.00011999999696854502]	Loss 4.03463 (2.60269)	
[1,0]<stdout>:[TEST]: 0/149	Loss 4.20009 (4.20009)
[1,1]<stdout>:[TEST]: 0/149	Loss 3.69353 (3.69353)
[1,2]<stdout>:[TEST]: 0/149	Loss 5.85888 (5.85888)
[1,3]<stdout>:[TEST]: 0/149	Loss 4.68249 (4.68249)
[1,1]<stdout>:[TEST]: 100/149	Loss 3.27348 (4.34813)
[1,0]<stdout>:[TEST]: 100/149	Loss 5.33071 (4.47048)
[1,2]<stdout>:[TEST]: 100/149	Loss 4.01847 (4.43912)
[1,3]<stdout>:[TEST]: 100/149	Loss 4.12806 (4.37227)
[1,1]<stdout>:[TEST]: 148/149	Loss 7.63293 (4.28715)
[1,0]<stdout>:[TEST]: 148/149	Loss 0.93446 (4.40065)
[1,2]<stdout>:[TEST]: 148/149	Loss 6.50864 (4.40764)
[1,3]<stdout>:[TEST]: 148/149	Loss 0.88249 (4.22670)
[1,0]<stdout>:[Test] number: 7107 threshold: 0.05 score: 0.5743429036435463
[1,0]<stdout>:[Test] number: 7107 threshold: 0.06 score: 0.5765304191901022
[1,0]<stdout>:[Test] number: 7107 threshold: 0.07 score: 0.5794920005130834
[1,0]<stdout>:[Test] number: 7107 threshold: 0.08 score: 0.5805656413465359
[1,0]<stdout>:[Test] number: 7107 threshold: 0.09 score: 0.5808479374192004
[1,0]<stdout>:[Test] number: 7107 threshold: 0.1 score: 0.5803972221282733
[1,0]<stdout>:[Test] number: 7107 threshold: 0.11 score: 0.5786541388381414
[1,0]<stdout>:[Test] number: 7107 threshold: 0.12 score: 0.5760693055857022
[1,0]<stdout>:[Test] number: 7107 threshold: 0.13 score: 0.5733040004004346
[1,0]<stdout>:[Test] number: 7107 threshold: 0.14 score: 0.5709150298032362
[1,0]<stdout>:[Test] number: 7107 threshold: 0.15 score: 0.5673567261933468
[1,0]<stdout>:Epoch[13] LR: [0.00011999999696854502, 0.00011999999696854502] Time:1413.756605 TrainLoss 2.611139 ValLoss 4.400646  Train_th 0.000000 Val_th 0.100000  Train_Score 0.000000 Val_Score 0.579746
[1,0]<stdout>:--------current best-------:0.579746
[1,0]<stdout>:Epoch: [14][0/593]	Rate:[0.00011999999696854502, 0.00011999999696854502]	Loss 1.64697 (1.64697)	
[1,1]<stdout>:Epoch: [14][0/593]	Rate:[0.00011999999696854502, 0.00011999999696854502]	Loss 2.58420 (2.58420)	
[1,3]<stdout>:Epoch: [14][0/593]	Rate:[0.00011999999696854502, 0.00011999999696854502]	Loss 2.09544 (2.09544)	
[1,2]<stdout>:Epoch: [14][0/593]	Rate:[0.00011999999696854502, 0.00011999999696854502]	Loss 2.33967 (2.33967)	
[1,1]<stdout>:Epoch: [14][100/593]	Rate:[0.00011999999696854502, 0.00011999999696854502]	Loss 3.78824 (2.39896)	
[1,3]<stdout>:Epoch: [14][100/593]	Rate:[0.00011999999696854502, 0.00011999999696854502]	Loss 2.10202 (2.20940)	
[1,2]<stdout>:Epoch: [14][100/593]	Rate:[0.00011999999696854502, 0.00011999999696854502]	Loss 2.80126 (2.33429)	
[1,0]<stdout>:Epoch: [14][100/593]	Rate:[0.00011999999696854502, 0.00011999999696854502]	Loss 1.77535 (2.24270)	
[1,3]<stdout>:Epoch: [14][200/593]	Rate:[0.00011999999696854502, 0.00011999999696854502]	Loss 2.83876 (2.27771)	
[1,2]<stdout>:Epoch: [14][200/593]	Rate:[0.00011999999696854502, 0.00011999999696854502]	Loss 2.00713 (2.30426)	
[1,0]<stdout>:Epoch: [14][200/593]	Rate:[0.00011999999696854502, 0.00011999999696854502]	Loss 2.09786 (2.28636)	
[1,1]<stdout>:Epoch: [14][200/593]	Rate:[0.00011999999696854502, 0.00011999999696854502]	Loss 2.12870 (2.37038)	
[1,3]<stdout>:Epoch: [14][300/593]	Rate:[0.00011999999696854502, 0.00011999999696854502]	Loss 2.05969 (2.31282)	
[1,1]<stdout>:Epoch: [14][300/593]	Rate:[0.00011999999696854502, 0.00011999999696854502]	Loss 2.22978 (2.37663)	
[1,0]<stdout>:Epoch: [14][300/593]	Rate:[0.00011999999696854502, 0.00011999999696854502]	Loss 2.86516 (2.30280)	
[1,2]<stdout>:Epoch: [14][300/593]	Rate:[0.00011999999696854502, 0.00011999999696854502]	Loss 4.33030 (2.37873)	
[1,1]<stdout>:Epoch: [14][400/593]	Rate:[0.00011999999696854502, 0.00011999999696854502]	Loss 2.32872 (2.40246)	
[1,0]<stdout>:Epoch: [14][400/593]	Rate:[0.00011999999696854502, 0.00011999999696854502]	Loss 2.33307 (2.35396)	
[1,2]<stdout>:Epoch: [14][400/593]	Rate:[0.00011999999696854502, 0.00011999999696854502]	Loss 3.54852 (2.40018)	
[1,3]<stdout>:Epoch: [14][400/593]	Rate:[0.00011999999696854502, 0.00011999999696854502]	Loss 1.94300 (2.35583)	
[1,3]<stdout>:Epoch: [14][500/593]	Rate:[0.00011999999696854502, 0.00011999999696854502]	Loss 2.20384 (2.39935)	
[1,2]<stdout>:Epoch: [14][500/593]	Rate:[0.00011999999696854502, 0.00011999999696854502]	Loss 2.46676 (2.41523)	
[1,0]<stdout>:Epoch: [14][500/593]	Rate:[0.00011999999696854502, 0.00011999999696854502]	Loss 1.93327 (2.36085)	
[1,1]<stdout>:Epoch: [14][500/593]	Rate:[0.00011999999696854502, 0.00011999999696854502]	Loss 2.39811 (2.41019)	
[1,0]<stdout>:Epoch: [14][592/593]	Rate:[0.00011999999696854502, 0.00011999999696854502]	Loss 3.17409 (2.38441)	
[1,1]<stdout>:Epoch: [14][592/593]	Rate:[0.00011999999696854502, 0.00011999999696854502]	Loss 1.07486 (2.43704)	
[1,3]<stdout>:Epoch: [14][592/593]	Rate:[0.00011999999696854502, 0.00011999999696854502]	Loss 0.91025 (2.41324)	
[1,2]<stdout>:Epoch: [14][592/593]	Rate:[0.00011999999696854502, 0.00011999999696854502]	Loss 9.52016 (2.43343)	
[1,0]<stdout>:[TEST]: 0/149	Loss 3.96505 (3.96505)
[1,1]<stdout>:[TEST]: 0/149	Loss 3.85169 (3.85169)
[1,3]<stdout>:[TEST]: 0/149	Loss 4.20188 (4.20188)
[1,2]<stdout>:[TEST]: 0/149	Loss 5.04750 (5.04750)
[1,0]<stdout>:[TEST]: 100/149	Loss 5.07172 (4.54468)
[1,1]<stdout>:[TEST]: 100/149	Loss 3.11249 (4.35343)
[1,3]<stdout>:[TEST]: 100/149	Loss 3.55896 (4.33333)
[1,2]<stdout>:[TEST]: 100/149	Loss 4.34088 (4.49574)
[1,0]<stdout>:[TEST]: 148/149	Loss 0.72545 (4.48842)
[1,1]<stdout>:[TEST]: 148/149	Loss 10.99515 (4.29424)
[1,3]<stdout>:[TEST]: 148/149	Loss 1.14140 (4.22109)
[1,2]<stdout>:[TEST]: 148/149	Loss 5.99707 (4.43895)
[1,0]<stdout>:[Test] number: 7107 threshold: 0.05 score: 0.5726356703027728
[1,0]<stdout>:[Test] number: 7107 threshold: 0.06 score: 0.5759380781001932
[1,0]<stdout>:[Test] number: 7107 threshold: 0.07 score: 0.5781998528103759
[1,0]<stdout>:[Test] number: 7107 threshold: 0.08 score: 0.578669698059056
[1,0]<stdout>:[Test] number: 7107 threshold: 0.09 score: 0.5800635551037066
[1,0]<stdout>:[Test] number: 7107 threshold: 0.1 score: 0.5786975923024732
[1,0]<stdout>:[Test] number: 7107 threshold: 0.11 score: 0.577154499196951
[1,0]<stdout>:[Test] number: 7107 threshold: 0.12 score: 0.5751904596324575
[1,0]<stdout>:[Test] number: 7107 threshold: 0.13 score: 0.5715812282322523
[1,0]<stdout>:[Test] number: 7107 threshold: 0.14 score: 0.5683137299481985
[1,0]<stdout>:[Test] number: 7107 threshold: 0.15 score: 0.564305652163418
[1,0]<stdout>:Epoch[14] LR: [0.00011999999696854502, 0.00011999999696854502] Time:1414.314301 TrainLoss 2.384408 ValLoss 4.488423  Train_th 0.000000 Val_th 0.092500  Train_Score 0.000000 Val_Score 0.582034
[1,0]<stdout>:--------current best-------:0.582034
[1,0]<stdout>:Epoch: [15][0/593]	Rate:[0.00011999999696854502, 0.00011999999696854502]	Loss 2.70698 (2.70698)	
[1,3]<stdout>:Epoch: [15][0/593]	Rate:[0.00011999999696854502, 0.00011999999696854502]	Loss 2.22771 (2.22771)	
[1,2]<stdout>:Epoch: [15][0/593]	Rate:[0.00011999999696854502, 0.00011999999696854502]	Loss 2.21615 (2.21615)	
[1,1]<stdout>:Epoch: [15][0/593]	Rate:[0.00011999999696854502, 0.00011999999696854502]	Loss 1.85803 (1.85803)	
[1,1]<stdout>:Epoch: [15][100/593]	Rate:[0.00011999999696854502, 0.00011999999696854502]	Loss 1.70929 (2.10538)	
[1,3]<stdout>:Epoch: [15][100/593]	Rate:[0.00011999999696854502, 0.00011999999696854502]	Loss 2.81679 (2.07127)	
[1,2]<stdout>:Epoch: [15][100/593]	Rate:[0.00011999999696854502, 0.00011999999696854502]	Loss 2.28130 (2.15681)	
[1,0]<stdout>:Epoch: [15][100/593]	Rate:[0.00011999999696854502, 0.00011999999696854502]	Loss 2.09336 (2.08306)	
[1,0]<stdout>:Epoch: [15][200/593]	Rate:[0.00011999999696854502, 0.00011999999696854502]	Loss 2.36492 (2.12300)	
[1,1]<stdout>:Epoch: [15][200/593]	Rate:[0.00011999999696854502, 0.00011999999696854502]	Loss 1.68764 (2.18112)	
[1,2]<stdout>:Epoch: [15][200/593]	Rate:[0.00011999999696854502, 0.00011999999696854502]	Loss 3.17712 (2.13020)	
[1,3]<stdout>:Epoch: [15][200/593]	Rate:[0.00011999999696854502, 0.00011999999696854502]	Loss 2.02927 (2.11525)	
[1,3]<stdout>:Epoch: [15][300/593]	Rate:[0.00011999999696854502, 0.00011999999696854502]	Loss 2.27719 (2.19059)	
[1,0]<stdout>:Epoch: [15][300/593]	Rate:[0.00011999999696854502, 0.00011999999696854502]	Loss 1.48359 (2.15451)	
[1,1]<stdout>:Epoch: [15][300/593]	Rate:[0.00011999999696854502, 0.00011999999696854502]	Loss 2.38220 (2.21943)	
[1,2]<stdout>:Epoch: [15][300/593]	Rate:[0.00011999999696854502, 0.00011999999696854502]	Loss 2.31356 (2.17431)	
[1,0]<stdout>:Epoch: [15][400/593]	Rate:[0.00011999999696854502, 0.00011999999696854502]	Loss 2.44550 (2.19102)	
[1,1]<stdout>:Epoch: [15][400/593]	Rate:[0.00011999999696854502, 0.00011999999696854502]	Loss 2.57464 (2.26541)	
[1,3]<stdout>:Epoch: [15][400/593]	Rate:[0.00011999999696854502, 0.00011999999696854502]	Loss 1.45974 (2.23826)	
[1,2]<stdout>:Epoch: [15][400/593]	Rate:[0.00011999999696854502, 0.00011999999696854502]	Loss 2.31373 (2.21904)	
[1,0]<stdout>:Epoch: [15][500/593]	Rate:[0.00011999999696854502, 0.00011999999696854502]	Loss 2.42830 (2.21723)	
[1,3]<stdout>:Epoch: [15][500/593]	Rate:[0.00011999999696854502, 0.00011999999696854502]	Loss 2.79509 (2.25281)	
[1,1]<stdout>:Epoch: [15][500/593]	Rate:[0.00011999999696854502, 0.00011999999696854502]	Loss 2.63364 (2.30527)	
[1,2]<stdout>:Epoch: [15][500/593]	Rate:[0.00011999999696854502, 0.00011999999696854502]	Loss 1.91825 (2.23375)	
[1,1]<stdout>:Epoch: [15][592/593]	Rate:[0.00011999999696854502, 0.00011999999696854502]	Loss 4.40521 (2.32919)	
[1,0]<stdout>:Epoch: [15][592/593]	Rate:[0.00011999999696854502, 0.00011999999696854502]	Loss 3.63712 (2.23620)	
[1,3]<stdout>:Epoch: [15][592/593]	Rate:[0.00011999999696854502, 0.00011999999696854502]	Loss 10.06916 (2.25875)	
[1,2]<stdout>:Epoch: [15][592/593]	Rate:[0.00011999999696854502, 0.00011999999696854502]	Loss 2.96845 (2.25903)	
[1,0]<stdout>:[TEST]: 0/149	Loss 4.11732 (4.11732)
[1,1]<stdout>:[TEST]: 0/149	Loss 3.71069 (3.71069)
[1,2]<stdout>:[TEST]: 0/149	Loss 5.47762 (5.47762)
[1,3]<stdout>:[TEST]: 0/149	Loss 4.51308 (4.51308)
[1,0]<stdout>:[TEST]: 100/149	Loss 5.75783 (4.47666)
[1,1]<stdout>:[TEST]: 100/149	Loss 3.09011 (4.42155)
[1,2]<stdout>:[TEST]: 100/149	Loss 4.14818 (4.56289)
[1,3]<stdout>:[TEST]: 100/149	Loss 3.91884 (4.36030)
[1,0]<stdout>:[TEST]: 148/149	Loss 0.91529 (4.43846)
[1,1]<stdout>:[TEST]: 148/149	Loss 14.65228 (4.33244)
[1,2]<stdout>:[TEST]: 148/149	Loss 6.06983 (4.51742)
[1,3]<stdout>:[TEST]: 148/149	Loss 0.81653 (4.24278)
[1,0]<stdout>:[Test] number: 7107 threshold: 0.05 score: 0.5718771470404329
[1,0]<stdout>:[Test] number: 7107 threshold: 0.06 score: 0.5749000242338915
[1,0]<stdout>:[Test] number: 7107 threshold: 0.07 score: 0.5774954272845325
[1,0]<stdout>:[Test] number: 7107 threshold: 0.08 score: 0.5795780837689108
[1,0]<stdout>:[Test] number: 7107 threshold: 0.09 score: 0.5805987239754913
[1,0]<stdout>:[Test] number: 7107 threshold: 0.1 score: 0.5799997737282778
[1,0]<stdout>:[Test] number: 7107 threshold: 0.11 score: 0.5789758835799989
[1,0]<stdout>:[Test] number: 7107 threshold: 0.12 score: 0.5770816770168868
[1,0]<stdout>:[Test] number: 7107 threshold: 0.13 score: 0.575064569810055
[1,0]<stdout>:[Test] number: 7107 threshold: 0.14 score: 0.572353050246208
[1,0]<stdout>:[Test] number: 7107 threshold: 0.15 score: 0.5691783330123034
[1,0]<stdout>:Epoch[15] LR: [0.00011999999696854502, 0.00011999999696854502] Time:1413.861799 TrainLoss 2.236196 ValLoss 4.438457  Train_th 0.000000 Val_th 0.097500  Train_Score 0.000000 Val_Score 0.583182
[1,0]<stdout>:--------current best-------:0.583182
[1,3]<stdout>:Epoch: [16][0/593]	Rate:[0.00011999999696854502, 0.00011999999696854502]	Loss 1.93537 (1.93537)	
[1,1]<stdout>:Epoch: [16][0/593]	Rate:[0.00011999999696854502, 0.00011999999696854502]	Loss 2.33211 (2.33211)	
[1,0]<stdout>:Epoch: [16][0/593]	Rate:[0.00011999999696854502, 0.00011999999696854502]	Loss 1.84949 (1.84949)	
[1,2]<stdout>:Epoch: [16][0/593]	Rate:[0.00011999999696854502, 0.00011999999696854502]	Loss 1.89441 (1.89441)	
[1,0]<stdout>:Epoch: [16][100/593]	Rate:[0.00011999999696854502, 0.00011999999696854502]	Loss 1.45303 (2.05252)	
[1,1]<stdout>:Epoch: [16][100/593]	Rate:[0.00011999999696854502, 0.00011999999696854502]	Loss 2.50901 (2.08549)	
[1,3]<stdout>:Epoch: [16][100/593]	Rate:[0.00011999999696854502, 0.00011999999696854502]	Loss 1.82856 (2.04223)	
[1,2]<stdout>:Epoch: [16][100/593]	Rate:[0.00011999999696854502, 0.00011999999696854502]	Loss 2.17517 (2.15115)	
[1,0]<stdout>:Epoch: [16][200/593]	Rate:[0.00011999999696854502, 0.00011999999696854502]	Loss 3.07767 (2.10121)	
[1,1]<stdout>:Epoch: [16][200/593]	Rate:[0.00011999999696854502, 0.00011999999696854502]	Loss 2.30996 (2.06874)	
[1,3]<stdout>:Epoch: [16][200/593]	Rate:[0.00011999999696854502, 0.00011999999696854502]	Loss 2.24848 (2.06258)	
[1,2]<stdout>:Epoch: [16][200/593]	Rate:[0.00011999999696854502, 0.00011999999696854502]	Loss 2.47542 (2.12557)	
[1,1]<stdout>:Epoch: [16][300/593]	Rate:[0.00011999999696854502, 0.00011999999696854502]	Loss 2.37143 (2.06394)	
[1,0]<stdout>:Epoch: [16][300/593]	Rate:[0.00011999999696854502, 0.00011999999696854502]	Loss 3.06840 (2.10066)	
[1,3]<stdout>:Epoch: [16][300/593]	Rate:[0.00011999999696854502, 0.00011999999696854502]	Loss 1.92330 (2.06587)	
[1,2]<stdout>:Epoch: [16][300/593]	Rate:[0.00011999999696854502, 0.00011999999696854502]	Loss 1.70998 (2.13028)	
[1,0]<stdout>:Epoch: [16][400/593]	Rate:[0.00011999999696854502, 0.00011999999696854502]	Loss 1.91768 (2.10782)	
[1,1]<stdout>:Epoch: [16][400/593]	Rate:[0.00011999999696854502, 0.00011999999696854502]	Loss 2.55244 (2.09439)	
[1,3]<stdout>:Epoch: [16][400/593]	Rate:[0.00011999999696854502, 0.00011999999696854502]	Loss 1.48747 (2.08756)	
[1,2]<stdout>:Epoch: [16][400/593]	Rate:[0.00011999999696854502, 0.00011999999696854502]	Loss 1.35199 (2.15365)	
[1,1]<stdout>:Epoch: [16][500/593]	Rate:[0.00011999999696854502, 0.00011999999696854502]	Loss 2.39458 (2.10352)	
[1,0]<stdout>:Epoch: [16][500/593]	Rate:[0.00011999999696854502, 0.00011999999696854502]	Loss 1.38428 (2.12187)	
[1,3]<stdout>:Epoch: [16][500/593]	Rate:[0.00011999999696854502, 0.00011999999696854502]	Loss 2.45753 (2.12289)	
[1,2]<stdout>:Epoch: [16][500/593]	Rate:[0.00011999999696854502, 0.00011999999696854502]	Loss 2.57188 (2.16967)	
[1,3]<stdout>:Epoch: [16][592/593]	Rate:[0.00011999999696854502, 0.00011999999696854502]	Loss 2.06985 (2.15413)	
[1,1]<stdout>:Epoch: [16][592/593]	Rate:[0.00011999999696854502, 0.00011999999696854502]	Loss 0.41881 (2.12036)	
[1,2]<stdout>:Epoch: [16][592/593]	Rate:[0.00011999999696854502, 0.00011999999696854502]	Loss 4.41537 (2.18834)	
[1,0]<stdout>:Epoch: [16][592/593]	Rate:[0.00011999999696854502, 0.00011999999696854502]	Loss 3.62409 (2.13182)	
[1,0]<stdout>:[TEST]: 0/149	Loss 4.07187 (4.07187)
[1,1]<stdout>:[TEST]: 0/149	Loss 4.31583 (4.31583)
[1,2]<stdout>:[TEST]: 0/149	Loss 5.84773 (5.84773)
[1,3]<stdout>:[TEST]: 0/149	Loss 4.38144 (4.38144)
[1,0]<stdout>:[TEST]: 100/149	Loss 4.83318 (4.54652)
[1,1]<stdout>:[TEST]: 100/149	Loss 2.89596 (4.43449)
[1,2]<stdout>:[TEST]: 100/149	Loss 3.91443 (4.54050)
[1,3]<stdout>:[TEST]: 100/149	Loss 4.03014 (4.47509)
[1,0]<stdout>:[TEST]: 148/149	Loss 0.88299 (4.51674)
[1,1]<stdout>:[TEST]: 148/149	Loss 16.07752 (4.38749)
[1,2]<stdout>:[TEST]: 148/149	Loss 5.81408 (4.48719)
[1,3]<stdout>:[TEST]: 148/149	Loss 0.62869 (4.34551)
[1,0]<stdout>:[Test] number: 7107 threshold: 0.05 score: 0.5706021269165257
[1,0]<stdout>:[Test] number: 7107 threshold: 0.06 score: 0.5745156711852804
[1,0]<stdout>:[Test] number: 7107 threshold: 0.07 score: 0.577660888918863
[1,0]<stdout>:[Test] number: 7107 threshold: 0.08 score: 0.5798852030562864
[1,0]<stdout>:[Test] number: 7107 threshold: 0.09 score: 0.5816668180342455
[1,0]<stdout>:[Test] number: 7107 threshold: 0.1 score: 0.5817057322665573
[1,0]<stdout>:[Test] number: 7107 threshold: 0.11 score: 0.5814872604984163
[1,0]<stdout>:[Test] number: 7107 threshold: 0.12 score: 0.5805615886635603
[1,0]<stdout>:[Test] number: 7107 threshold: 0.13 score: 0.579060597564147
[1,0]<stdout>:[Test] number: 7107 threshold: 0.14 score: 0.5776028672912588
[1,0]<stdout>:[Test] number: 7107 threshold: 0.15 score: 0.5745391287300293
[1,0]<stdout>:Epoch[16] LR: [0.00011999999696854502, 0.00011999999696854502] Time:1412.710656 TrainLoss 2.131818 ValLoss 4.516736  Train_th 0.000000 Val_th 0.095000  Train_Score 0.000000 Val_Score 0.582407
[1,1]<stdout>:Epoch: [17][0/593]	Rate:[0.00011999999696854502, 0.00011999999696854502]	Loss 1.96273 (1.96273)	
[1,3]<stdout>:Epoch: [17][0/593]	Rate:[0.00011999999696854502, 0.00011999999696854502]	Loss 1.92498 (1.92498)	
[1,0]<stdout>:Epoch: [17][0/593]	Rate:[0.00011999999696854502, 0.00011999999696854502]	Loss 1.37305 (1.37305)	
[1,2]<stdout>:Epoch: [17][0/593]	Rate:[0.00011999999696854502, 0.00011999999696854502]	Loss 1.27634 (1.27634)	
[1,1]<stdout>:Epoch: [17][100/593]	Rate:[0.00011999999696854502, 0.00011999999696854502]	Loss 1.48563 (1.91261)	
[1,3]<stdout>:Epoch: [17][100/593]	Rate:[0.00011999999696854502, 0.00011999999696854502]	Loss 1.92165 (1.97220)	
[1,0]<stdout>:Epoch: [17][100/593]	Rate:[0.00011999999696854502, 0.00011999999696854502]	Loss 1.38930 (1.84565)	
[1,2]<stdout>:Epoch: [17][100/593]	Rate:[0.00011999999696854502, 0.00011999999696854502]	Loss 2.09586 (1.97504)	
[1,0]<stdout>:Epoch: [17][200/593]	Rate:[0.00011999999696854502, 0.00011999999696854502]	Loss 2.32984 (1.93713)	
[1,3]<stdout>:Epoch: [17][200/593]	Rate:[0.00011999999696854502, 0.00011999999696854502]	Loss 2.18719 (2.00485)	
[1,1]<stdout>:Epoch: [17][200/593]	Rate:[0.00011999999696854502, 0.00011999999696854502]	Loss 2.34665 (1.97520)	
[1,2]<stdout>:Epoch: [17][200/593]	Rate:[0.00011999999696854502, 0.00011999999696854502]	Loss 1.50900 (1.98594)	
[1,1]<stdout>:Epoch: [17][300/593]	Rate:[0.00011999999696854502, 0.00011999999696854502]	Loss 1.71492 (1.99216)	
[1,0]<stdout>:Epoch: [17][300/593]	Rate:[0.00011999999696854502, 0.00011999999696854502]	Loss 1.92705 (1.98757)	
[1,3]<stdout>:Epoch: [17][300/593]	Rate:[0.00011999999696854502, 0.00011999999696854502]	Loss 1.85491 (2.03958)	
[1,2]<stdout>:Epoch: [17][300/593]	Rate:[0.00011999999696854502, 0.00011999999696854502]	Loss 1.88409 (1.99629)	
[1,0]<stdout>:Epoch: [17][400/593]	Rate:[0.00011999999696854502, 0.00011999999696854502]	Loss 2.21268 (2.01847)	
[1,1]<stdout>:Epoch: [17][400/593]	Rate:[0.00011999999696854502, 0.00011999999696854502]	Loss 2.27178 (2.00334)	
[1,3]<stdout>:Epoch: [17][400/593]	Rate:[0.00011999999696854502, 0.00011999999696854502]	Loss 1.73839 (2.03882)	
[1,2]<stdout>:Epoch: [17][400/593]	Rate:[0.00011999999696854502, 0.00011999999696854502]	Loss 3.28382 (2.01772)	
[1,3]<stdout>:Epoch: [17][500/593]	Rate:[0.00011999999696854502, 0.00011999999696854502]	Loss 1.76120 (2.04779)	
[1,1]<stdout>:Epoch: [17][500/593]	Rate:[0.00011999999696854502, 0.00011999999696854502]	Loss 2.32488 (2.02445)	
[1,0]<stdout>:Epoch: [17][500/593]	Rate:[0.00011999999696854502, 0.00011999999696854502]	Loss 1.27271 (2.01988)	
[1,2]<stdout>:Epoch: [17][500/593]	Rate:[0.00011999999696854502, 0.00011999999696854502]	Loss 2.87807 (2.02908)	
[1,0]<stdout>:Epoch: [17][592/593]	Rate:[0.00011999999696854502, 0.00011999999696854502]	Loss 4.07862 (2.03329)	
[1,1]<stdout>:Epoch: [17][592/593]	Rate:[0.00011999999696854502, 0.00011999999696854502]	Loss 8.23746 (2.04021)	
[1,3]<stdout>:Epoch: [17][592/593]	Rate:[0.00011999999696854502, 0.00011999999696854502]	Loss 7.33978 (2.05352)	
[1,2]<stdout>:Epoch: [17][592/593]	Rate:[0.00011999999696854502, 0.00011999999696854502]	Loss 1.21375 (2.04027)	
[1,1]<stdout>:[TEST]: 0/149	Loss 3.33365 (3.33365)
[1,3]<stdout>:[TEST]: 0/149	Loss 4.42274 (4.42274)
[1,2]<stdout>:[TEST]: 0/149	Loss 5.96394 (5.96394)
[1,0]<stdout>:[TEST]: 0/149	Loss 3.94444 (3.94444)
[1,1]<stdout>:[TEST]: 100/149	Loss 3.03566 (4.43301)
[1,3]<stdout>:[TEST]: 100/149	Loss 4.01119 (4.48732)
[1,2]<stdout>:[TEST]: 100/149	Loss 3.68395 (4.60953)
[1,0]<stdout>:[TEST]: 100/149	Loss 5.08330 (4.61742)
[1,1]<stdout>:[TEST]: 148/149	Loss 16.65484 (4.37091)
[1,3]<stdout>:[TEST]: 148/149	Loss 0.81049 (4.36803)
[1,2]<stdout>:[TEST]: 148/149	Loss 7.53529 (4.54568)
[1,0]<stdout>:[TEST]: 148/149	Loss 0.86099 (4.54146)
[1,0]<stdout>:[Test] number: 7107 threshold: 0.05 score: 0.5681108537596238
[1,0]<stdout>:[Test] number: 7107 threshold: 0.06 score: 0.5716558082889144
[1,0]<stdout>:[Test] number: 7107 threshold: 0.07 score: 0.5747432992986318
[1,0]<stdout>:[Test] number: 7107 threshold: 0.08 score: 0.5780481326382065
[1,0]<stdout>:[Test] number: 7107 threshold: 0.09 score: 0.5806475806711403
[1,0]<stdout>:[Test] number: 7107 threshold: 0.1 score: 0.5823880218782002
[1,0]<stdout>:[Test] number: 7107 threshold: 0.11 score: 0.5827741384490562
[1,0]<stdout>:[Test] number: 7107 threshold: 0.12 score: 0.5835240254505271
[1,0]<stdout>:[Test] number: 7107 threshold: 0.13 score: 0.5822594771308996
[1,0]<stdout>:[Test] number: 7107 threshold: 0.14 score: 0.581907964249667
[1,0]<stdout>:[Test] number: 7107 threshold: 0.15 score: 0.5807637315804869
[1,0]<stdout>:Epoch[17] LR: [0.00011999999696854502, 0.00011999999696854502] Time:1413.931985 TrainLoss 2.033292 ValLoss 4.541463  Train_th 0.000000 Val_th 0.117500  Train_Score 0.000000 Val_Score 0.585391
[1,0]<stdout>:--------current best-------:0.585391
[1,1]<stdout>:Epoch: [18][0/593]	Rate:[0.00011999999696854502, 0.00011999999696854502]	Loss 2.03633 (2.03633)	
[1,0]<stdout>:Epoch: [18][0/593]	Rate:[0.00011999999696854502, 0.00011999999696854502]	Loss 1.46140 (1.46140)	
[1,3]<stdout>:Epoch: [18][0/593]	Rate:[0.00011999999696854502, 0.00011999999696854502]	Loss 1.78970 (1.78970)	
[1,2]<stdout>:Epoch: [18][0/593]	Rate:[0.00011999999696854502, 0.00011999999696854502]	Loss 1.78253 (1.78253)	
[1,0]<stdout>:Epoch: [18][100/593]	Rate:[0.00011999999696854502, 0.00011999999696854502]	Loss 1.51010 (1.77591)	
[1,3]<stdout>:Epoch: [18][100/593]	Rate:[0.00011999999696854502, 0.00011999999696854502]	Loss 2.10194 (1.84327)	
[1,1]<stdout>:Epoch: [18][100/593]	Rate:[0.00011999999696854502, 0.00011999999696854502]	Loss 1.60603 (1.84284)	
[1,2]<stdout>:Epoch: [18][100/593]	Rate:[0.00011999999696854502, 0.00011999999696854502]	Loss 1.38918 (1.83562)	
[1,1]<stdout>:Epoch: [18][200/593]	Rate:[0.00011999999696854502, 0.00011999999696854502]	Loss 1.34591 (1.86695)	
[1,0]<stdout>:Epoch: [18][200/593]	Rate:[0.00011999999696854502, 0.00011999999696854502]	Loss 1.54904 (1.80260)	
[1,3]<stdout>:Epoch: [18][200/593]	Rate:[0.00011999999696854502, 0.00011999999696854502]	Loss 2.11992 (1.86050)	
[1,2]<stdout>:Epoch: [18][200/593]	Rate:[0.00011999999696854502, 0.00011999999696854502]	Loss 1.58127 (1.85433)	
[1,3]<stdout>:Epoch: [18][300/593]	Rate:[0.00011999999696854502, 0.00011999999696854502]	Loss 1.59307 (1.89567)	
[1,1]<stdout>:Epoch: [18][300/593]	Rate:[0.00011999999696854502, 0.00011999999696854502]	Loss 2.20957 (1.85851)	
[1,0]<stdout>:Epoch: [18][300/593]	Rate:[0.00011999999696854502, 0.00011999999696854502]	Loss 1.80092 (1.83161)	
[1,2]<stdout>:Epoch: [18][300/593]	Rate:[0.00011999999696854502, 0.00011999999696854502]	Loss 2.08526 (1.88187)	
[1,3]<stdout>:Epoch: [18][400/593]	Rate:[0.00011999999696854502, 0.00011999999696854502]	Loss 2.06170 (1.89158)	
[1,0]<stdout>:Epoch: [18][400/593]	Rate:[0.00011999999696854502, 0.00011999999696854502]	Loss 1.90708 (1.86508)	
[1,1]<stdout>:Epoch: [18][400/593]	Rate:[0.00011999999696854502, 0.00011999999696854502]	Loss 1.43996 (1.88384)	
[1,2]<stdout>:Epoch: [18][400/593]	Rate:[0.00011999999696854502, 0.00011999999696854502]	Loss 1.58235 (1.89308)	
[1,0]<stdout>:Epoch: [18][500/593]	Rate:[0.00011999999696854502, 0.00011999999696854502]	Loss 1.33767 (1.88501)	
[1,1]<stdout>:Epoch: [18][500/593]	Rate:[0.00011999999696854502, 0.00011999999696854502]	Loss 2.09124 (1.90522)	
[1,3]<stdout>:Epoch: [18][500/593]	Rate:[0.00011999999696854502, 0.00011999999696854502]	Loss 1.74758 (1.91320)	
[1,2]<stdout>:Epoch: [18][500/593]	Rate:[0.00011999999696854502, 0.00011999999696854502]	Loss 1.88338 (1.91416)	
[1,0]<stdout>:Epoch: [18][592/593]	Rate:[0.00011999999696854502, 0.00011999999696854502]	Loss 5.30983 (1.92135)	
[1,1]<stdout>:Epoch: [18][592/593]	Rate:[0.00011999999696854502, 0.00011999999696854502]	Loss 7.91705 (1.91781)	
[1,3]<stdout>:Epoch: [18][592/593]	Rate:[0.00011999999696854502, 0.00011999999696854502]	Loss 2.81361 (1.92065)	
[1,2]<stdout>:Epoch: [18][592/593]	Rate:[0.00011999999696854502, 0.00011999999696854502]	Loss 1.99110 (1.93567)	
[1,0]<stdout>:[TEST]: 0/149	Loss 4.15653 (4.15653)
[1,1]<stdout>:[TEST]: 0/149	Loss 4.53809 (4.53809)
[1,3]<stdout>:[TEST]: 0/149	Loss 4.68678 (4.68678)
[1,2]<stdout>:[TEST]: 0/149	Loss 5.92166 (5.92166)
[1,0]<stdout>:[TEST]: 100/149	Loss 5.41417 (4.83020)
[1,3]<stdout>:[TEST]: 100/149	Loss 4.02878 (4.67837)
[1,1]<stdout>:[TEST]: 100/149	Loss 3.34651 (4.66562)
[1,2]<stdout>:[TEST]: 100/149	Loss 4.17533 (4.74112)
[1,0]<stdout>:[TEST]: 148/149	Loss 0.80945 (4.74942)
[1,3]<stdout>:[TEST]: 148/149	Loss 0.53442 (4.50478)
[1,1]<stdout>:[TEST]: 148/149	Loss 17.25438 (4.59220)
[1,2]<stdout>:[TEST]: 148/149	Loss 7.93425 (4.70192)
[1,0]<stdout>:[Test] number: 7107 threshold: 0.05 score: 0.5765911154614833
[1,0]<stdout>:[Test] number: 7107 threshold: 0.06 score: 0.580163138656822
[1,0]<stdout>:[Test] number: 7107 threshold: 0.07 score: 0.5830974259718544
[1,0]<stdout>:[Test] number: 7107 threshold: 0.08 score: 0.5850926580481687
[1,0]<stdout>:[Test] number: 7107 threshold: 0.09 score: 0.5856583305075492
[1,0]<stdout>:[Test] number: 7107 threshold: 0.1 score: 0.5855381459055137
[1,0]<stdout>:[Test] number: 7107 threshold: 0.11 score: 0.5840709262774665
[1,0]<stdout>:[Test] number: 7107 threshold: 0.12 score: 0.5820725197713263
[1,0]<stdout>:[Test] number: 7107 threshold: 0.13 score: 0.5801489181783744
[1,0]<stdout>:[Test] number: 7107 threshold: 0.14 score: 0.5770256777167044
[1,0]<stdout>:[Test] number: 7107 threshold: 0.15 score: 0.5737869415278655
[1,0]<stdout>:Epoch[18] LR: [0.00011999999696854502, 0.00011999999696854502] Time:1412.242471 TrainLoss 1.921349 ValLoss 4.749423  Train_th 0.000000 Val_th 0.095000  Train_Score 0.000000 Val_Score 0.587291
[1,0]<stdout>:--------current best-------:0.587291
[1,0]<stdout>:Epoch: [19][0/593]	Rate:[0.00011999999696854502, 0.00011999999696854502]	Loss 1.73121 (1.73121)	
[1,1]<stdout>:Epoch: [19][0/593]	Rate:[0.00011999999696854502, 0.00011999999696854502]	Loss 1.78011 (1.78011)	
[1,3]<stdout>:Epoch: [19][0/593]	Rate:[0.00011999999696854502, 0.00011999999696854502]	Loss 2.17935 (2.17935)	
[1,2]<stdout>:Epoch: [19][0/593]	Rate:[0.00011999999696854502, 0.00011999999696854502]	Loss 1.06791 (1.06791)	
[1,3]<stdout>:Epoch: [19][100/593]	Rate:[0.00011999999696854502, 0.00011999999696854502]	Loss 1.59580 (1.75073)	
[1,1]<stdout>:Epoch: [19][100/593]	Rate:[0.00011999999696854502, 0.00011999999696854502]	Loss 2.51887 (1.78613)	
[1,0]<stdout>:Epoch: [19][100/593]	Rate:[0.00011999999696854502, 0.00011999999696854502]	Loss 1.38172 (1.73693)	
[1,2]<stdout>:Epoch: [19][100/593]	Rate:[0.00011999999696854502, 0.00011999999696854502]	Loss 1.69910 (1.75064)	
[1,3]<stdout>:Epoch: [19][200/593]	Rate:[0.00011999999696854502, 0.00011999999696854502]	Loss 1.90583 (1.74355)	
[1,0]<stdout>:Epoch: [19][200/593]	Rate:[0.00011999999696854502, 0.00011999999696854502]	Loss 1.48049 (1.74751)	
[1,2]<stdout>:Epoch: [19][200/593]	Rate:[0.00011999999696854502, 0.00011999999696854502]	Loss 1.23356 (1.75892)	
[1,1]<stdout>:Epoch: [19][200/593]	Rate:[0.00011999999696854502, 0.00011999999696854502]	Loss 1.62959 (1.76733)	
[1,3]<stdout>:Epoch: [19][300/593]	Rate:[0.00011999999696854502, 0.00011999999696854502]	Loss 2.11731 (1.79381)	
[1,0]<stdout>:Epoch: [19][300/593]	Rate:[0.00011999999696854502, 0.00011999999696854502]	Loss 1.81047 (1.76102)	
[1,1]<stdout>:Epoch: [19][300/593]	Rate:[0.00011999999696854502, 0.00011999999696854502]	Loss 2.37529 (1.77730)	
[1,2]<stdout>:Epoch: [19][300/593]	Rate:[0.00011999999696854502, 0.00011999999696854502]	Loss 1.61542 (1.77389)	
[1,1]<stdout>:Epoch: [19][400/593]	Rate:[0.00011999999696854502, 0.00011999999696854502]	Loss 1.93998 (1.81591)	
[1,0]<stdout>:Epoch: [19][400/593]	Rate:[0.00011999999696854502, 0.00011999999696854502]	Loss 2.65393 (1.78777)	
[1,3]<stdout>:Epoch: [19][400/593]	Rate:[0.00011999999696854502, 0.00011999999696854502]	Loss 1.88594 (1.80087)	
[1,2]<stdout>:Epoch: [19][400/593]	Rate:[0.00011999999696854502, 0.00011999999696854502]	Loss 2.05948 (1.78402)	
[1,0]<stdout>:Epoch: [19][500/593]	Rate:[0.00011999999696854502, 0.00011999999696854502]	Loss 1.42571 (1.79945)	
[1,3]<stdout>:Epoch: [19][500/593]	Rate:[0.00011999999696854502, 0.00011999999696854502]	Loss 2.20279 (1.82500)	
[1,1]<stdout>:Epoch: [19][500/593]	Rate:[0.00011999999696854502, 0.00011999999696854502]	Loss 1.54387 (1.80893)	
[1,2]<stdout>:Epoch: [19][500/593]	Rate:[0.00011999999696854502, 0.00011999999696854502]	Loss 1.65093 (1.80534)	
[1,1]<stdout>:Epoch: [19][592/593]	Rate:[0.00011999999696854502, 0.00011999999696854502]	Loss 10.94715 (1.82750)	
[1,3]<stdout>:Epoch: [19][592/593]	Rate:[0.00011999999696854502, 0.00011999999696854502]	Loss 2.01144 (1.85091)	
[1,0]<stdout>:Epoch: [19][592/593]	Rate:[0.00011999999696854502, 0.00011999999696854502]	Loss 2.19062 (1.83006)	
[1,2]<stdout>:Epoch: [19][592/593]	Rate:[0.00011999999696854502, 0.00011999999696854502]	Loss 8.98526 (1.84071)	
[1,0]<stdout>:[Train] number: 28423 threshold: 0.05 score: 0.6027695059585464
[1,0]<stdout>:[Train] number: 28423 threshold: 0.06 score: 0.6069372017730745
[1,0]<stdout>:[Train] number: 28423 threshold: 0.07 score: 0.6104101977755262
[1,0]<stdout>:[Train] number: 28423 threshold: 0.08 score: 0.6133994122668426
[1,0]<stdout>:[Train] number: 28423 threshold: 0.09 score: 0.6154842567707157
[1,0]<stdout>:[Train] number: 28423 threshold: 0.1 score: 0.6165507264919208
[1,0]<stdout>:[Train] number: 28423 threshold: 0.11 score: 0.6165609038909728
[1,0]<stdout>:[Train] number: 28423 threshold: 0.12 score: 0.6161948917762945
[1,0]<stdout>:[Train] number: 28423 threshold: 0.13 score: 0.6147247912856285
[1,0]<stdout>:[Train] number: 28423 threshold: 0.14 score: 0.6125270511930457
[1,0]<stdout>:[Train] number: 28423 threshold: 0.15 score: 0.6095712113257488
[1,3]<stdout>:[TEST]: 0/149	Loss 4.52799 (4.52799)
[1,1]<stdout>:[TEST]: 0/149	Loss 4.55170 (4.55170)
[1,0]<stdout>:[TEST]: 0/149	Loss 4.37087 (4.37087)
[1,2]<stdout>:[TEST]: 0/149	Loss 5.57419 (5.57419)
[1,3]<stdout>:[TEST]: 100/149	Loss 4.50491 (4.71449)
[1,1]<stdout>:[TEST]: 100/149	Loss 3.19314 (4.68659)
[1,0]<stdout>:[TEST]: 100/149	Loss 5.79686 (4.91971)
[1,2]<stdout>:[TEST]: 100/149	Loss 4.50059 (4.77187)
[1,3]<stdout>:[TEST]: 148/149	Loss 0.86064 (4.57510)
[1,1]<stdout>:[TEST]: 148/149	Loss 8.81281 (4.62501)
[1,0]<stdout>:[TEST]: 148/149	Loss 0.86705 (4.80248)
[1,2]<stdout>:[TEST]: 148/149	Loss 6.18010 (4.71776)
[1,0]<stdout>:[Test] number: 7107 threshold: 0.05 score: 0.5743080643388848
[1,0]<stdout>:[Test] number: 7107 threshold: 0.06 score: 0.5784674407271926
[1,0]<stdout>:[Test] number: 7107 threshold: 0.07 score: 0.581954408378633
[1,0]<stdout>:[Test] number: 7107 threshold: 0.08 score: 0.5839193293556865
[1,0]<stdout>:[Test] number: 7107 threshold: 0.09 score: 0.5849747083880888
[1,0]<stdout>:[Test] number: 7107 threshold: 0.1 score: 0.5854348664380674
[1,0]<stdout>:[Test] number: 7107 threshold: 0.11 score: 0.5843799330515764
[1,0]<stdout>:[Test] number: 7107 threshold: 0.12 score: 0.5823875171850509
[1,0]<stdout>:[Test] number: 7107 threshold: 0.13 score: 0.5805371971690677
[1,0]<stdout>:[Test] number: 7107 threshold: 0.14 score: 0.5780811438336835
[1,0]<stdout>:[Test] number: 7107 threshold: 0.15 score: 0.5731157885294224
[1,0]<stdout>:Epoch[19] LR: [1.1999999696854503e-05, 1.1999999696854503e-05] Time:1566.843621 TrainLoss 1.830060 ValLoss 4.802479  Train_th 0.105000 Val_th 0.102500  Train_Score 0.614900 Val_Score 0.586788
[1,0]<stdout>:--------------------------------------------auto resume---------------------------------------------
[1,0]<stdout>:best_score: 0.5872908234596252
[1,0]<stdout>:Epoch: [20][0/593]	Rate:[1.1999999514955562e-05, 1.1999999514955562e-05]	Loss 2.20001 (2.20001)	
[1,1]<stdout>:Epoch: [20][0/593]	Rate:[1.1999999514955562e-05, 1.1999999514955562e-05]	Loss 1.30995 (1.30995)	
