nohup: ignoring input
[1,0]<stdout>:
[1,0]<stdout>:********using distributed training:0***********
[1,1]<stdout>:
[1,1]<stdout>:********using distributed training:1***********
[1,3]<stdout>:
[1,3]<stdout>:********using distributed training:3***********
[1,2]<stdout>:
[1,2]<stdout>:********using distributed training:2***********
[1,0]<stdout>:Namespace(base_lr=3e-05, batch_size=48, distribute='True', epochs=40, evaluate=False, fp16_allreduce=False, output='result', print_freq=100, resume='', start_epoch=0, use_adasum=False, workers=16)
[1,0]<stdout>:
[1,0]<stdout>:######################## training fold 0 #######################
[1,1]<stdout>:Epoch: [0][0/593]	Rate:[0.00011999999696854502, 0.00011999999696854502]	Loss 2434.71436 (2434.71436)	
[1,0]<stdout>:Epoch: [0][0/593]	Rate:[0.00011999999696854502, 0.00011999999696854502]	Loss 2436.89648 (2436.89648)	
[1,2]<stdout>:Epoch: [0][0/593]	Rate:[0.00011999999696854502, 0.00011999999696854502]	Loss 2437.17407 (2437.17407)	
[1,3]<stdout>:Epoch: [0][0/593]	Rate:[0.00011999999696854502, 0.00011999999696854502]	Loss 2437.53394 (2437.53394)	
[1,1]<stdout>:Epoch: [0][100/593]	Rate:[0.00011999999696854502, 0.00011999999696854502]	Loss 8.10633 (264.56595)	
[1,3]<stdout>:Epoch: [0][100/593]	Rate:[0.00011999999696854502, 0.00011999999696854502]	Loss 7.19876 (265.00538)	
[1,2]<stdout>:Epoch: [0][100/593]	Rate:[0.00011999999696854502, 0.00011999999696854502]	Loss 6.31184 (264.15736)	
[1,0]<stdout>:Epoch: [0][100/593]	Rate:[0.00011999999696854502, 0.00011999999696854502]	Loss 5.20604 (264.16141)	
[1,1]<stdout>:Epoch: [0][200/593]	Rate:[0.00011999999696854502, 0.00011999999696854502]	Loss 4.53299 (136.61752)	
[1,0]<stdout>:Epoch: [0][200/593]	Rate:[0.00011999999696854502, 0.00011999999696854502]	Loss 8.52352 (136.38142)	
[1,3]<stdout>:Epoch: [0][200/593]	Rate:[0.00011999999696854502, 0.00011999999696854502]	Loss 6.49589 (136.82941)	
[1,2]<stdout>:Epoch: [0][200/593]	Rate:[0.00011999999696854502, 0.00011999999696854502]	Loss 7.35039 (136.32004)	
[1,1]<stdout>:Epoch: [0][300/593]	Rate:[0.00011999999696854502, 0.00011999999696854502]	Loss 6.50087 (93.49802)	
[1,0]<stdout>:Epoch: [0][300/593]	Rate:[0.00011999999696854502, 0.00011999999696854502]	Loss 6.10454 (93.42775)	
[1,3]<stdout>:Epoch: [0][300/593]	Rate:[0.00011999999696854502, 0.00011999999696854502]	Loss 8.33805 (93.83492)	
[1,2]<stdout>:Epoch: [0][300/593]	Rate:[0.00011999999696854502, 0.00011999999696854502]	Loss 4.85439 (93.38663)	
[1,0]<stdout>:Epoch: [0][400/593]	Rate:[0.00011999999696854502, 0.00011999999696854502]	Loss 7.36603 (71.89997)	
[1,1]<stdout>:Epoch: [0][400/593]	Rate:[0.00011999999696854502, 0.00011999999696854502]	Loss 7.68550 (71.88996)	
[1,3]<stdout>:Epoch: [0][400/593]	Rate:[0.00011999999696854502, 0.00011999999696854502]	Loss 5.00314 (72.16003)	
[1,2]<stdout>:Epoch: [0][400/593]	Rate:[0.00011999999696854502, 0.00011999999696854502]	Loss 7.08833 (71.83923)	
[1,1]<stdout>:Epoch: [0][500/593]	Rate:[0.00011999999696854502, 0.00011999999696854502]	Loss 6.18727 (58.89507)	
[1,3]<stdout>:Epoch: [0][500/593]	Rate:[0.00011999999696854502, 0.00011999999696854502]	Loss 8.50279 (59.14817)	
[1,0]<stdout>:Epoch: [0][500/593]	Rate:[0.00011999999696854502, 0.00011999999696854502]	Loss 5.40020 (58.91594)	
[1,2]<stdout>:Epoch: [0][500/593]	Rate:[0.00011999999696854502, 0.00011999999696854502]	Loss 5.68100 (58.89518)	
[1,3]<stdout>:Epoch: [0][592/593]	Rate:[0.00011999999696854502, 0.00011999999696854502]	Loss 2.14303 (51.04560)	
[1,2]<stdout>:Epoch: [0][592/593]	Rate:[0.00011999999696854502, 0.00011999999696854502]	Loss 6.75791 (50.93426)	
[1,0]<stdout>:Epoch: [0][592/593]	Rate:[0.00011999999696854502, 0.00011999999696854502]	Loss 2.40816 (50.92037)	
[1,1]<stdout>:Epoch: [0][592/593]	Rate:[0.00011999999696854502, 0.00011999999696854502]	Loss 4.15612 (50.87878)	
[1,3]<stderr>:/export2/home/chenyuxiang/fgvc/imet/505_b2_reverse_weight/utils/balancedloss.py:71: RuntimeWarning: divide by zero encountered in true_divide
[1,3]<stderr>:  weights  = 1/np.array(samples_per_cls)
[1,2]<stderr>:/export2/home/chenyuxiang/fgvc/imet/505_b2_reverse_weight/utils/balancedloss.py:71: RuntimeWarning: divide by zero encountered in true_divide
[1,2]<stderr>:  weights  = 1/np.array(samples_per_cls)
[1,0]<stderr>:/export2/home/chenyuxiang/fgvc/imet/505_b2_reverse_weight/utils/balancedloss.py:71: RuntimeWarning: divide by zero encountered in true_divide
[1,0]<stderr>:  weights  = 1/np.array(samples_per_cls)
[1,1]<stderr>:/export2/home/chenyuxiang/fgvc/imet/505_b2_reverse_weight/utils/balancedloss.py:71: RuntimeWarning: divide by zero encountered in true_divide
[1,1]<stderr>:  weights  = 1/np.array(samples_per_cls)
[1,3]<stdout>:[TEST]: 0/149	Loss 8.07227 (8.07227)
[1,1]<stdout>:[TEST]: 0/149	Loss 5.77298 (5.77298)
[1,2]<stdout>:[TEST]: 0/149	Loss 7.92711 (7.92711)
[1,0]<stdout>:[TEST]: 0/149	Loss 6.09473 (6.09473)
[1,3]<stdout>:[TEST]: 100/149	Loss 7.21010 (6.89772)
[1,1]<stdout>:[TEST]: 100/149	Loss 5.53131 (6.81896)
[1,2]<stdout>:[TEST]: 100/149	Loss 6.67879 (6.86191)
[1,0]<stdout>:[TEST]: 100/149	Loss 8.71137 (6.88780)
[1,1]<stdout>:[TEST]: 148/149	Loss 19.53859 (6.77534)
[1,3]<stdout>:[TEST]: 148/149	Loss 2.46602 (6.74710)
[1,2]<stdout>:[TEST]: 148/149	Loss 7.61241 (6.84074)
[1,0]<stdout>:[TEST]: 148/149	Loss 2.95316 (6.87251)
[1,0]<stdout>:[Test] number: 7107 threshold: 0.05 score: 0.2938891336011616
[1,0]<stdout>:[Test] number: 7107 threshold: 0.06 score: 0.2970460263991093
[1,0]<stdout>:[Test] number: 7107 threshold: 0.07 score: 0.29556633510600283
[1,0]<stdout>:[Test] number: 7107 threshold: 0.08 score: 0.2900660721768019
[1,0]<stdout>:[Test] number: 7107 threshold: 0.09 score: 0.2811836121471135
[1,0]<stdout>:[Test] number: 7107 threshold: 0.1 score: 0.2701391242389885
[1,0]<stdout>:[Test] number: 7107 threshold: 0.11 score: 0.2572382398471527
[1,0]<stdout>:[Test] number: 7107 threshold: 0.12 score: 0.2434468169869092
[1,0]<stdout>:[Test] number: 7107 threshold: 0.13 score: 0.22936771913446016
[1,0]<stdout>:[Test] number: 7107 threshold: 0.14 score: 0.21395667922585587
[1,0]<stdout>:[Test] number: 7107 threshold: 0.15 score: 0.19944719337800373
[1,0]<stdout>:Epoch[0] LR: [0.00011999999696854502, 0.00011999999696854502] Time:1415.725185 TrainLoss 50.920370 ValLoss 6.872509  Train_th 0.000000 Val_th 0.060000  Train_Score 0.000000 Val_Score 0.296016
[1,0]<stdout>:--------current best-------:0.296016
[1,1]<stdout>:Epoch: [1][0/593]	Rate:[0.00011999999696854502, 0.00011999999696854502]	Loss 4.86775 (4.86775)	
[1,3]<stdout>:Epoch: [1][0/593]	Rate:[0.00011999999696854502, 0.00011999999696854502]	Loss 5.38679 (5.38679)	
[1,0]<stdout>:Epoch: [1][0/593]	Rate:[0.00011999999696854502, 0.00011999999696854502]	Loss 6.79283 (6.79283)	
[1,2]<stdout>:Epoch: [1][0/593]	Rate:[0.00011999999696854502, 0.00011999999696854502]	Loss 7.96417 (7.96417)	
[1,3]<stdout>:Epoch: [1][100/593]	Rate:[0.00011999999696854502, 0.00011999999696854502]	Loss 6.68677 (6.72191)	
[1,1]<stdout>:Epoch: [1][100/593]	Rate:[0.00011999999696854502, 0.00011999999696854502]	Loss 6.11078 (6.69235)	
[1,0]<stdout>:Epoch: [1][100/593]	Rate:[0.00011999999696854502, 0.00011999999696854502]	Loss 3.81671 (7.09103)	
[1,2]<stdout>:Epoch: [1][100/593]	Rate:[0.00011999999696854502, 0.00011999999696854502]	Loss 6.80689 (7.15197)	
[1,3]<stdout>:Epoch: [1][200/593]	Rate:[0.00011999999696854502, 0.00011999999696854502]	Loss 6.30703 (6.61165)	
[1,1]<stdout>:Epoch: [1][200/593]	Rate:[0.00011999999696854502, 0.00011999999696854502]	Loss 7.28840 (6.63624)	
[1,0]<stdout>:Epoch: [1][200/593]	Rate:[0.00011999999696854502, 0.00011999999696854502]	Loss 8.12549 (6.85467)	
[1,2]<stdout>:Epoch: [1][200/593]	Rate:[0.00011999999696854502, 0.00011999999696854502]	Loss 7.26643 (6.99216)	
[1,1]<stdout>:Epoch: [1][300/593]	Rate:[0.00011999999696854502, 0.00011999999696854502]	Loss 6.13241 (6.74251)	
[1,3]<stdout>:Epoch: [1][300/593]	Rate:[0.00011999999696854502, 0.00011999999696854502]	Loss 10.09565 (6.72952)	
[1,0]<stdout>:Epoch: [1][300/593]	Rate:[0.00011999999696854502, 0.00011999999696854502]	Loss 4.08464 (6.87715)	
[1,2]<stdout>:Epoch: [1][300/593]	Rate:[0.00011999999696854502, 0.00011999999696854502]	Loss 4.58289 (6.90281)	
[1,3]<stdout>:Epoch: [1][400/593]	Rate:[0.00011999999696854502, 0.00011999999696854502]	Loss 5.71800 (6.73897)	
[1,0]<stdout>:Epoch: [1][400/593]	Rate:[0.00011999999696854502, 0.00011999999696854502]	Loss 7.01806 (6.83008)	
[1,1]<stdout>:Epoch: [1][400/593]	Rate:[0.00011999999696854502, 0.00011999999696854502]	Loss 6.44892 (6.70321)	
[1,2]<stdout>:Epoch: [1][400/593]	Rate:[0.00011999999696854502, 0.00011999999696854502]	Loss 5.94163 (6.87827)	
[1,3]<stdout>:Epoch: [1][500/593]	Rate:[0.00011999999696854502, 0.00011999999696854502]	Loss 10.11552 (6.70216)	
[1,1]<stdout>:Epoch: [1][500/593]	Rate:[0.00011999999696854502, 0.00011999999696854502]	Loss 7.08175 (6.70728)	
[1,0]<stdout>:Epoch: [1][500/593]	Rate:[0.00011999999696854502, 0.00011999999696854502]	Loss 8.01795 (6.81921)	
[1,2]<stdout>:Epoch: [1][500/593]	Rate:[0.00011999999696854502, 0.00011999999696854502]	Loss 4.91603 (6.84437)	
[1,1]<stdout>:Epoch: [1][592/593]	Rate:[0.00011999999696854502, 0.00011999999696854502]	Loss 16.33537 (6.75233)	
[1,3]<stdout>:Epoch: [1][592/593]	Rate:[0.00011999999696854502, 0.00011999999696854502]	Loss 3.71869 (6.74638)	
[1,0]<stdout>:Epoch: [1][592/593]	Rate:[0.00011999999696854502, 0.00011999999696854502]	Loss 2.00931 (6.82819)	
[1,2]<stdout>:Epoch: [1][592/593]	Rate:[0.00011999999696854502, 0.00011999999696854502]	Loss 4.80938 (6.81146)	
[1,0]<stdout>:[TEST]: 0/149	Loss 5.86088 (5.86088)
[1,2]<stdout>:[TEST]: 0/149	Loss 7.56167 (7.56167)
[1,3]<stdout>:[TEST]: 0/149	Loss 7.68177 (7.68177)
[1,1]<stdout>:[TEST]: 0/149	Loss 5.51251 (5.51251)
[1,0]<stdout>:[TEST]: 100/149	Loss 8.26082 (6.62319)
[1,2]<stdout>:[TEST]: 100/149	Loss 6.50036 (6.62535)
[1,3]<stdout>:[TEST]: 100/149	Loss 6.96547 (6.61846)
[1,1]<stdout>:[TEST]: 100/149	Loss 5.41212 (6.54728)
[1,0]<stdout>:[TEST]: 148/149	Loss 2.81240 (6.60784)
[1,2]<stdout>:[TEST]: 148/149	Loss 7.57751 (6.59880)
[1,3]<stdout>:[TEST]: 148/149	Loss 2.62180 (6.48081)
[1,1]<stdout>:[TEST]: 148/149	Loss 17.79456 (6.51524)
[1,0]<stdout>:[Test] number: 7107 threshold: 0.05 score: 0.36160015718864463
[1,0]<stdout>:[Test] number: 7107 threshold: 0.06 score: 0.36431153605792105
[1,0]<stdout>:[Test] number: 7107 threshold: 0.07 score: 0.36395991501201724
[1,0]<stdout>:[Test] number: 7107 threshold: 0.08 score: 0.36039057343568576
[1,0]<stdout>:[Test] number: 7107 threshold: 0.09 score: 0.3537994951161714
[1,0]<stdout>:[Test] number: 7107 threshold: 0.1 score: 0.3460084461988118
[1,0]<stdout>:[Test] number: 7107 threshold: 0.11 score: 0.3350251056310869
[1,0]<stdout>:[Test] number: 7107 threshold: 0.12 score: 0.3247394487452825
[1,0]<stdout>:[Test] number: 7107 threshold: 0.13 score: 0.31234096863510535
[1,0]<stdout>:[Test] number: 7107 threshold: 0.14 score: 0.30054518802849367
[1,0]<stdout>:[Test] number: 7107 threshold: 0.15 score: 0.28990333720708045
[1,0]<stdout>:Epoch[1] LR: [0.00011999999696854502, 0.00011999999696854502] Time:1412.782338 TrainLoss 6.828188 ValLoss 6.607845  Train_th 0.000000 Val_th 0.065000  Train_Score 0.000000 Val_Score 0.364617
[1,0]<stdout>:--------current best-------:0.364617
[1,1]<stdout>:Epoch: [2][0/593]	Rate:[0.00011999999696854502, 0.00011999999696854502]	Loss 6.25364 (6.25364)	
[1,0]<stdout>:Epoch: [2][0/593]	Rate:[0.00011999999696854502, 0.00011999999696854502]	Loss 5.16670 (5.16670)	
[1,2]<stdout>:Epoch: [2][0/593]	Rate:[0.00011999999696854502, 0.00011999999696854502]	Loss 5.24689 (5.24689)	
[1,3]<stdout>:Epoch: [2][0/593]	Rate:[0.00011999999696854502, 0.00011999999696854502]	Loss 5.85455 (5.85455)	
[1,1]<stdout>:Epoch: [2][100/593]	Rate:[0.00011999999696854502, 0.00011999999696854502]	Loss 6.76311 (6.53591)	
[1,3]<stdout>:Epoch: [2][100/593]	Rate:[0.00011999999696854502, 0.00011999999696854502]	Loss 10.33011 (6.59393)	
[1,0]<stdout>:Epoch: [2][100/593]	Rate:[0.00011999999696854502, 0.00011999999696854502]	Loss 5.68836 (6.80670)	
[1,2]<stdout>:Epoch: [2][100/593]	Rate:[0.00011999999696854502, 0.00011999999696854502]	Loss 7.63417 (6.44000)	
[1,1]<stdout>:Epoch: [2][200/593]	Rate:[0.00011999999696854502, 0.00011999999696854502]	Loss 6.08218 (6.42265)	
[1,3]<stdout>:Epoch: [2][200/593]	Rate:[0.00011999999696854502, 0.00011999999696854502]	Loss 7.81387 (6.58925)	
[1,0]<stdout>:Epoch: [2][200/593]	Rate:[0.00011999999696854502, 0.00011999999696854502]	Loss 5.80963 (6.71623)	
[1,2]<stdout>:Epoch: [2][200/593]	Rate:[0.00011999999696854502, 0.00011999999696854502]	Loss 5.61922 (6.48084)	
[1,1]<stdout>:Epoch: [2][300/593]	Rate:[0.00011999999696854502, 0.00011999999696854502]	Loss 5.56081 (6.43723)	
[1,3]<stdout>:Epoch: [2][300/593]	Rate:[0.00011999999696854502, 0.00011999999696854502]	Loss 4.76844 (6.47891)	
[1,0]<stdout>:Epoch: [2][300/593]	Rate:[0.00011999999696854502, 0.00011999999696854502]	Loss 5.13656 (6.58930)	
[1,2]<stdout>:Epoch: [2][300/593]	Rate:[0.00011999999696854502, 0.00011999999696854502]	Loss 8.51611 (6.50250)	
[1,1]<stdout>:Epoch: [2][400/593]	Rate:[0.00011999999696854502, 0.00011999999696854502]	Loss 4.74346 (6.43314)	
[1,3]<stdout>:Epoch: [2][400/593]	Rate:[0.00011999999696854502, 0.00011999999696854502]	Loss 6.71413 (6.40840)	
[1,0]<stdout>:Epoch: [2][400/593]	Rate:[0.00011999999696854502, 0.00011999999696854502]	Loss 4.98915 (6.49685)	
[1,2]<stdout>:Epoch: [2][400/593]	Rate:[0.00011999999696854502, 0.00011999999696854502]	Loss 5.42715 (6.45118)	
[1,1]<stdout>:Epoch: [2][500/593]	Rate:[0.00011999999696854502, 0.00011999999696854502]	Loss 3.03429 (6.39971)	
[1,0]<stdout>:Epoch: [2][500/593]	Rate:[0.00011999999696854502, 0.00011999999696854502]	Loss 5.08240 (6.43871)	
[1,3]<stdout>:Epoch: [2][500/593]	Rate:[0.00011999999696854502, 0.00011999999696854502]	Loss 6.58131 (6.34744)	
[1,2]<stdout>:Epoch: [2][500/593]	Rate:[0.00011999999696854502, 0.00011999999696854502]	Loss 8.17376 (6.39340)	
[1,3]<stdout>:Epoch: [2][592/593]	Rate:[0.00011999999696854502, 0.00011999999696854502]	Loss 5.72862 (6.34403)	
[1,0]<stdout>:Epoch: [2][592/593]	Rate:[0.00011999999696854502, 0.00011999999696854502]	Loss 3.38744 (6.43764)	
[1,1]<stdout>:Epoch: [2][592/593]	Rate:[0.00011999999696854502, 0.00011999999696854502]	Loss 10.81252 (6.33443)	
[1,2]<stdout>:Epoch: [2][592/593]	Rate:[0.00011999999696854502, 0.00011999999696854502]	Loss 2.89879 (6.37428)	
[1,0]<stdout>:[TEST]: 0/149	Loss 5.34623 (5.34623)
[1,1]<stdout>:[TEST]: 0/149	Loss 5.05737 (5.05737)
[1,2]<stdout>:[TEST]: 0/149	Loss 7.12806 (7.12806)
[1,3]<stdout>:[TEST]: 0/149	Loss 7.02139 (7.02139)
[1,1]<stdout>:[TEST]: 100/149	Loss 4.90836 (5.93060)
[1,0]<stdout>:[TEST]: 100/149	Loss 7.38499 (5.98958)
[1,2]<stdout>:[TEST]: 100/149	Loss 5.84951 (5.95848)
[1,3]<stdout>:[TEST]: 100/149	Loss 6.10192 (5.94972)
[1,1]<stdout>:[TEST]: 148/149	Loss 14.16846 (5.88002)
[1,0]<stdout>:[TEST]: 148/149	Loss 2.33664 (5.97986)
[1,2]<stdout>:[TEST]: 148/149	Loss 6.25324 (5.94044)
[1,3]<stdout>:[TEST]: 148/149	Loss 2.29662 (5.82195)
[1,0]<stdout>:[Test] number: 7107 threshold: 0.05 score: 0.40946973216730864
[1,0]<stdout>:[Test] number: 7107 threshold: 0.06 score: 0.41213829436274335
[1,0]<stdout>:[Test] number: 7107 threshold: 0.07 score: 0.41330493690821035
[1,0]<stdout>:[Test] number: 7107 threshold: 0.08 score: 0.41288930290409187
[1,0]<stdout>:[Test] number: 7107 threshold: 0.09 score: 0.4114879366552296
[1,0]<stdout>:[Test] number: 7107 threshold: 0.1 score: 0.40900746614784966
[1,0]<stdout>:[Test] number: 7107 threshold: 0.11 score: 0.4037853730339962
[1,0]<stdout>:[Test] number: 7107 threshold: 0.12 score: 0.3970018068837568
[1,0]<stdout>:[Test] number: 7107 threshold: 0.13 score: 0.39081568955872237
[1,0]<stdout>:[Test] number: 7107 threshold: 0.14 score: 0.3844505776943205
[1,0]<stdout>:[Test] number: 7107 threshold: 0.15 score: 0.37665615447957634
[1,0]<stdout>:Epoch[2] LR: [0.00011999999696854502, 0.00011999999696854502] Time:1413.893444 TrainLoss 6.437642 ValLoss 5.979855  Train_th 0.000000 Val_th 0.072500  Train_Score 0.000000 Val_Score 0.414859
[1,0]<stdout>:--------current best-------:0.414859
[1,1]<stdout>:Epoch: [3][0/593]	Rate:[0.00011999999696854502, 0.00011999999696854502]	Loss 8.22901 (8.22901)	
[1,0]<stdout>:Epoch: [3][0/593]	Rate:[0.00011999999696854502, 0.00011999999696854502]	Loss 5.87864 (5.87864)	
[1,3]<stdout>:Epoch: [3][0/593]	Rate:[0.00011999999696854502, 0.00011999999696854502]	Loss 6.20729 (6.20729)	
[1,2]<stdout>:Epoch: [3][0/593]	Rate:[0.00011999999696854502, 0.00011999999696854502]	Loss 3.98150 (3.98150)	
[1,3]<stdout>:Epoch: [3][100/593]	Rate:[0.00011999999696854502, 0.00011999999696854502]	Loss 7.93765 (6.01026)	
[1,0]<stdout>:Epoch: [3][100/593]	Rate:[0.00011999999696854502, 0.00011999999696854502]	Loss 6.99360 (6.21660)	
[1,1]<stdout>:Epoch: [3][100/593]	Rate:[0.00011999999696854502, 0.00011999999696854502]	Loss 5.17983 (6.31270)	
[1,2]<stdout>:Epoch: [3][100/593]	Rate:[0.00011999999696854502, 0.00011999999696854502]	Loss 3.54901 (5.80692)	
[1,3]<stdout>:Epoch: [3][200/593]	Rate:[0.00011999999696854502, 0.00011999999696854502]	Loss 7.17153 (5.98906)	
[1,0]<stdout>:Epoch: [3][200/593]	Rate:[0.00011999999696854502, 0.00011999999696854502]	Loss 7.19963 (6.01619)	
[1,2]<stdout>:Epoch: [3][200/593]	Rate:[0.00011999999696854502, 0.00011999999696854502]	Loss 3.51848 (5.79721)	
[1,1]<stdout>:Epoch: [3][200/593]	Rate:[0.00011999999696854502, 0.00011999999696854502]	Loss 6.00004 (6.10354)	
[1,1]<stdout>:Epoch: [3][300/593]	Rate:[0.00011999999696854502, 0.00011999999696854502]	Loss 6.83115 (6.01459)	
[1,3]<stdout>:Epoch: [3][300/593]	Rate:[0.00011999999696854502, 0.00011999999696854502]	Loss 8.50825 (5.85647)	
[1,0]<stdout>:Epoch: [3][300/593]	Rate:[0.00011999999696854502, 0.00011999999696854502]	Loss 7.96545 (5.88671)	
[1,2]<stdout>:Epoch: [3][300/593]	Rate:[0.00011999999696854502, 0.00011999999696854502]	Loss 4.08601 (5.82532)	
[1,3]<stdout>:Epoch: [3][400/593]	Rate:[0.00011999999696854502, 0.00011999999696854502]	Loss 7.01866 (5.76922)	
[1,1]<stdout>:Epoch: [3][400/593]	Rate:[0.00011999999696854502, 0.00011999999696854502]	Loss 7.56192 (5.95008)	
[1,0]<stdout>:Epoch: [3][400/593]	Rate:[0.00011999999696854502, 0.00011999999696854502]	Loss 3.51832 (5.78751)	
[1,2]<stdout>:Epoch: [3][400/593]	Rate:[0.00011999999696854502, 0.00011999999696854502]	Loss 4.80076 (5.82331)	
[1,3]<stdout>:Epoch: [3][500/593]	Rate:[0.00011999999696854502, 0.00011999999696854502]	Loss 5.95811 (5.73253)	
[1,1]<stdout>:Epoch: [3][500/593]	Rate:[0.00011999999696854502, 0.00011999999696854502]	Loss 4.50511 (5.92090)	
[1,0]<stdout>:Epoch: [3][500/593]	Rate:[0.00011999999696854502, 0.00011999999696854502]	Loss 4.92677 (5.74285)	
[1,2]<stdout>:Epoch: [3][500/593]	Rate:[0.00011999999696854502, 0.00011999999696854502]	Loss 5.58503 (5.81699)	
[1,1]<stdout>:Epoch: [3][592/593]	Rate:[0.00011999999696854502, 0.00011999999696854502]	Loss 4.60906 (5.87645)	
[1,3]<stdout>:Epoch: [3][592/593]	Rate:[0.00011999999696854502, 0.00011999999696854502]	Loss 9.16366 (5.66018)	
[1,0]<stdout>:Epoch: [3][592/593]	Rate:[0.00011999999696854502, 0.00011999999696854502]	Loss 1.84133 (5.69963)	
[1,2]<stdout>:Epoch: [3][592/593]	Rate:[0.00011999999696854502, 0.00011999999696854502]	Loss 18.43305 (5.77980)	
[1,0]<stdout>:[TEST]: 0/149	Loss 4.83254 (4.83254)
[1,1]<stdout>:[TEST]: 0/149	Loss 4.50848 (4.50848)
[1,3]<stdout>:[TEST]: 0/149	Loss 6.28559 (6.28559)
[1,2]<stdout>:[TEST]: 0/149	Loss 6.78648 (6.78648)
[1,1]<stdout>:[TEST]: 100/149	Loss 4.32475 (5.32787)
[1,0]<stdout>:[TEST]: 100/149	Loss 6.46032 (5.39952)
[1,2]<stdout>:[TEST]: 100/149	Loss 5.09172 (5.36116)
[1,3]<stdout>:[TEST]: 100/149	Loss 5.25414 (5.33422)
[1,1]<stdout>:[TEST]: 148/149	Loss 11.15675 (5.27986)
[1,0]<stdout>:[TEST]: 148/149	Loss 2.06970 (5.37254)
[1,2]<stdout>:[TEST]: 148/149	Loss 5.96835 (5.33957)
[1,3]<stdout>:[TEST]: 148/149	Loss 2.08393 (5.22755)
[1,0]<stdout>:[Test] number: 7107 threshold: 0.05 score: 0.45640418175913056
[1,0]<stdout>:[Test] number: 7107 threshold: 0.06 score: 0.4586586481832878
[1,0]<stdout>:[Test] number: 7107 threshold: 0.07 score: 0.46044250094881356
[1,0]<stdout>:[Test] number: 7107 threshold: 0.08 score: 0.4612046110339503
[1,0]<stdout>:[Test] number: 7107 threshold: 0.09 score: 0.4610296862141884
[1,0]<stdout>:[Test] number: 7107 threshold: 0.1 score: 0.45934977311792696
[1,0]<stdout>:[Test] number: 7107 threshold: 0.11 score: 0.45768189651348085
[1,0]<stdout>:[Test] number: 7107 threshold: 0.12 score: 0.4543720392661102
[1,0]<stdout>:[Test] number: 7107 threshold: 0.13 score: 0.4490218457303999
[1,0]<stdout>:[Test] number: 7107 threshold: 0.14 score: 0.44381173437500016
[1,0]<stdout>:[Test] number: 7107 threshold: 0.15 score: 0.438079530113249
[1,0]<stdout>:Epoch[3] LR: [0.00011999999696854502, 0.00011999999696854502] Time:1412.715791 TrainLoss 5.699626 ValLoss 5.372540  Train_th 0.000000 Val_th 0.082500  Train_Score 0.000000 Val_Score 0.463824
[1,0]<stdout>:--------current best-------:0.463824
[1,0]<stdout>:Epoch: [4][0/593]	Rate:[0.00011999999696854502, 0.00011999999696854502]	Loss 5.13206 (5.13206)	
[1,2]<stdout>:Epoch: [4][0/593]	Rate:[0.00011999999696854502, 0.00011999999696854502]	Loss 7.58523 (7.58523)	
[1,1]<stdout>:Epoch: [4][0/593]	Rate:[0.00011999999696854502, 0.00011999999696854502]	Loss 5.94753 (5.94753)	
[1,3]<stdout>:Epoch: [4][0/593]	Rate:[0.00011999999696854502, 0.00011999999696854502]	Loss 5.58552 (5.58552)	
[1,3]<stdout>:Epoch: [4][100/593]	Rate:[0.00011999999696854502, 0.00011999999696854502]	Loss 4.00277 (5.57731)	
[1,2]<stdout>:Epoch: [4][100/593]	Rate:[0.00011999999696854502, 0.00011999999696854502]	Loss 8.31826 (5.33106)	
[1,1]<stdout>:Epoch: [4][100/593]	Rate:[0.00011999999696854502, 0.00011999999696854502]	Loss 4.70340 (5.41717)	
[1,0]<stdout>:Epoch: [4][100/593]	Rate:[0.00011999999696854502, 0.00011999999696854502]	Loss 6.02544 (5.18771)	
[1,1]<stdout>:Epoch: [4][200/593]	Rate:[0.00011999999696854502, 0.00011999999696854502]	Loss 3.68101 (5.33150)	
[1,0]<stdout>:Epoch: [4][200/593]	Rate:[0.00011999999696854502, 0.00011999999696854502]	Loss 4.69606 (5.26261)	
[1,3]<stdout>:Epoch: [4][200/593]	Rate:[0.00011999999696854502, 0.00011999999696854502]	Loss 5.06227 (5.36828)	
[1,2]<stdout>:Epoch: [4][200/593]	Rate:[0.00011999999696854502, 0.00011999999696854502]	Loss 4.70384 (5.35871)	
[1,0]<stdout>:Epoch: [4][300/593]	Rate:[0.00011999999696854502, 0.00011999999696854502]	Loss 5.91338 (5.20281)	
[1,1]<stdout>:Epoch: [4][300/593]	Rate:[0.00011999999696854502, 0.00011999999696854502]	Loss 4.36178 (5.22041)	
[1,3]<stdout>:Epoch: [4][300/593]	Rate:[0.00011999999696854502, 0.00011999999696854502]	Loss 6.91817 (5.27595)	
[1,2]<stdout>:Epoch: [4][300/593]	Rate:[0.00011999999696854502, 0.00011999999696854502]	Loss 4.96009 (5.37394)	
[1,3]<stdout>:Epoch: [4][400/593]	Rate:[0.00011999999696854502, 0.00011999999696854502]	Loss 4.66031 (5.21730)	
[1,1]<stdout>:Epoch: [4][400/593]	Rate:[0.00011999999696854502, 0.00011999999696854502]	Loss 7.13478 (5.23260)	
[1,2]<stdout>:Epoch: [4][400/593]	Rate:[0.00011999999696854502, 0.00011999999696854502]	Loss 5.50953 (5.32011)	
[1,0]<stdout>:Epoch: [4][400/593]	Rate:[0.00011999999696854502, 0.00011999999696854502]	Loss 5.15089 (5.17606)	
[1,1]<stdout>:Epoch: [4][500/593]	Rate:[0.00011999999696854502, 0.00011999999696854502]	Loss 6.57185 (5.19766)	
[1,3]<stdout>:Epoch: [4][500/593]	Rate:[0.00011999999696854502, 0.00011999999696854502]	Loss 5.53409 (5.17705)	
[1,0]<stdout>:Epoch: [4][500/593]	Rate:[0.00011999999696854502, 0.00011999999696854502]	Loss 7.17901 (5.18004)	
[1,2]<stdout>:Epoch: [4][500/593]	Rate:[0.00011999999696854502, 0.00011999999696854502]	Loss 5.40224 (5.23210)	
[1,1]<stdout>:Epoch: [4][592/593]	Rate:[0.00011999999696854502, 0.00011999999696854502]	Loss 9.31059 (5.20151)	
[1,0]<stdout>:Epoch: [4][592/593]	Rate:[0.00011999999696854502, 0.00011999999696854502]	Loss 8.80396 (5.16876)	
[1,3]<stdout>:Epoch: [4][592/593]	Rate:[0.00011999999696854502, 0.00011999999696854502]	Loss 2.78490 (5.15430)	
[1,2]<stdout>:Epoch: [4][592/593]	Rate:[0.00011999999696854502, 0.00011999999696854502]	Loss 8.38017 (5.21512)	
[1,2]<stdout>:[TEST]: 0/149	Loss 6.37216 (6.37216)
[1,1]<stdout>:[TEST]: 0/149	Loss 4.12117 (4.12117)
[1,0]<stdout>:[TEST]: 0/149	Loss 4.49274 (4.49274)
[1,3]<stdout>:[TEST]: 0/149	Loss 5.74615 (5.74615)
[1,0]<stdout>:[TEST]: 100/149	Loss 5.62487 (4.95454)
[1,2]<stdout>:[TEST]: 100/149	Loss 4.62854 (4.98600)
[1,1]<stdout>:[TEST]: 100/149	Loss 3.91338 (4.85052)
[1,3]<stdout>:[TEST]: 100/149	Loss 5.02836 (4.88831)
[1,0]<stdout>:[TEST]: 148/149	Loss 2.00592 (4.93762)
[1,1]<stdout>:[TEST]: 148/149	Loss 11.22924 (4.80677)
[1,2]<stdout>:[TEST]: 148/149	Loss 5.76810 (4.95896)
[1,3]<stdout>:[TEST]: 148/149	Loss 1.91152 (4.79115)
[1,0]<stdout>:[Test] number: 7107 threshold: 0.05 score: 0.48945672222652853
[1,0]<stdout>:[Test] number: 7107 threshold: 0.06 score: 0.49189290897659893
[1,0]<stdout>:[Test] number: 7107 threshold: 0.07 score: 0.49379037075158455
[1,0]<stdout>:[Test] number: 7107 threshold: 0.08 score: 0.4947189739083539
[1,0]<stdout>:[Test] number: 7107 threshold: 0.09 score: 0.49414819659174325
[1,0]<stdout>:[Test] number: 7107 threshold: 0.1 score: 0.49313603026138275
[1,0]<stdout>:[Test] number: 7107 threshold: 0.11 score: 0.49091186601780956
[1,0]<stdout>:[Test] number: 7107 threshold: 0.12 score: 0.48777350810769793
[1,0]<stdout>:[Test] number: 7107 threshold: 0.13 score: 0.4847079837169964
[1,0]<stdout>:[Test] number: 7107 threshold: 0.14 score: 0.4803671417511161
[1,0]<stdout>:[Test] number: 7107 threshold: 0.15 score: 0.4760201973938505
[1,0]<stdout>:Epoch[4] LR: [0.00011999999696854502, 0.00011999999696854502] Time:1413.061385 TrainLoss 5.168757 ValLoss 4.937621  Train_th 0.000000 Val_th 0.085000  Train_Score 0.000000 Val_Score 0.497693
[1,0]<stdout>:--------current best-------:0.497693
[1,0]<stdout>:Epoch: [5][0/593]	Rate:[0.00011999999696854502, 0.00011999999696854502]	Loss 3.47180 (3.47180)	
[1,3]<stdout>:Epoch: [5][0/593]	Rate:[0.00011999999696854502, 0.00011999999696854502]	Loss 4.34289 (4.34289)	
[1,1]<stdout>:Epoch: [5][0/593]	Rate:[0.00011999999696854502, 0.00011999999696854502]	Loss 3.80010 (3.80010)	
[1,2]<stdout>:Epoch: [5][0/593]	Rate:[0.00011999999696854502, 0.00011999999696854502]	Loss 4.26359 (4.26359)	
[1,1]<stdout>:Epoch: [5][100/593]	Rate:[0.00011999999696854502, 0.00011999999696854502]	Loss 3.75264 (4.86581)	
[1,0]<stdout>:Epoch: [5][100/593]	Rate:[0.00011999999696854502, 0.00011999999696854502]	Loss 5.80476 (4.57739)	
[1,2]<stdout>:Epoch: [5][100/593]	Rate:[0.00011999999696854502, 0.00011999999696854502]	Loss 4.44534 (4.80466)	
[1,3]<stdout>:Epoch: [5][100/593]	Rate:[0.00011999999696854502, 0.00011999999696854502]	Loss 7.48326 (4.68676)	
[1,1]<stdout>:Epoch: [5][200/593]	Rate:[0.00011999999696854502, 0.00011999999696854502]	Loss 6.62481 (4.78082)	
[1,3]<stdout>:Epoch: [5][200/593]	Rate:[0.00011999999696854502, 0.00011999999696854502]	Loss 5.84449 (4.79060)	
[1,2]<stdout>:Epoch: [5][200/593]	Rate:[0.00011999999696854502, 0.00011999999696854502]	Loss 5.06422 (4.82224)	
[1,0]<stdout>:Epoch: [5][200/593]	Rate:[0.00011999999696854502, 0.00011999999696854502]	Loss 4.18708 (4.67932)	
[1,3]<stdout>:Epoch: [5][300/593]	Rate:[0.00011999999696854502, 0.00011999999696854502]	Loss 5.02018 (4.80143)	
[1,1]<stdout>:Epoch: [5][300/593]	Rate:[0.00011999999696854502, 0.00011999999696854502]	Loss 5.54137 (4.81726)	
[1,0]<stdout>:Epoch: [5][300/593]	Rate:[0.00011999999696854502, 0.00011999999696854502]	Loss 5.78512 (4.69809)	
[1,2]<stdout>:Epoch: [5][300/593]	Rate:[0.00011999999696854502, 0.00011999999696854502]	Loss 5.66436 (4.76461)	
[1,1]<stdout>:Epoch: [5][400/593]	Rate:[0.00011999999696854502, 0.00011999999696854502]	Loss 5.40695 (4.81535)	
[1,3]<stdout>:Epoch: [5][400/593]	Rate:[0.00011999999696854502, 0.00011999999696854502]	Loss 3.70404 (4.77001)	
[1,2]<stdout>:Epoch: [5][400/593]	Rate:[0.00011999999696854502, 0.00011999999696854502]	Loss 2.99698 (4.76648)	
[1,0]<stdout>:Epoch: [5][400/593]	Rate:[0.00011999999696854502, 0.00011999999696854502]	Loss 5.75293 (4.69196)	
[1,0]<stdout>:Epoch: [5][500/593]	Rate:[0.00011999999696854502, 0.00011999999696854502]	Loss 4.19511 (4.70238)	
[1,3]<stdout>:Epoch: [5][500/593]	Rate:[0.00011999999696854502, 0.00011999999696854502]	Loss 3.94752 (4.72993)	
[1,2]<stdout>:Epoch: [5][500/593]	Rate:[0.00011999999696854502, 0.00011999999696854502]	Loss 7.98134 (4.72659)	
[1,1]<stdout>:Epoch: [5][500/593]	Rate:[0.00011999999696854502, 0.00011999999696854502]	Loss 4.93423 (4.78841)	
[1,1]<stdout>:Epoch: [5][592/593]	Rate:[0.00011999999696854502, 0.00011999999696854502]	Loss 1.54707 (4.77263)	
[1,3]<stdout>:Epoch: [5][592/593]	Rate:[0.00011999999696854502, 0.00011999999696854502]	Loss 7.71653 (4.67066)	
[1,0]<stdout>:Epoch: [5][592/593]	Rate:[0.00011999999696854502, 0.00011999999696854502]	Loss 5.29005 (4.70445)	
[1,2]<stdout>:Epoch: [5][592/593]	Rate:[0.00011999999696854502, 0.00011999999696854502]	Loss 9.96353 (4.72568)	
[1,3]<stdout>:[TEST]: 0/149	Loss 5.23333 (5.23333)
[1,0]<stdout>:[TEST]: 0/149	Loss 4.02911 (4.02911)
[1,2]<stdout>:[TEST]: 0/149	Loss 5.83302 (5.83302)
[1,1]<stdout>:[TEST]: 0/149	Loss 3.88843 (3.88843)
[1,3]<stdout>:[TEST]: 100/149	Loss 4.65710 (4.60455)
[1,1]<stdout>:[TEST]: 100/149	Loss 3.73511 (4.57828)
[1,2]<stdout>:[TEST]: 100/149	Loss 4.40829 (4.69504)
[1,0]<stdout>:[TEST]: 100/149	Loss 4.77781 (4.70734)
[1,1]<stdout>:[TEST]: 148/149	Loss 9.66346 (4.54950)
[1,3]<stdout>:[TEST]: 148/149	Loss 1.95159 (4.51578)
[1,0]<stdout>:[TEST]: 148/149	Loss 1.53587 (4.68375)
[1,2]<stdout>:[TEST]: 148/149	Loss 5.36600 (4.67604)
[1,0]<stdout>:[Test] number: 7107 threshold: 0.05 score: 0.5126332693974125
[1,0]<stdout>:[Test] number: 7107 threshold: 0.06 score: 0.5148193826051425
[1,0]<stdout>:[Test] number: 7107 threshold: 0.07 score: 0.5172773795348881
[1,0]<stdout>:[Test] number: 7107 threshold: 0.08 score: 0.5178959924689155
[1,0]<stdout>:[Test] number: 7107 threshold: 0.09 score: 0.5173432395385557
[1,0]<stdout>:[Test] number: 7107 threshold: 0.1 score: 0.5162753364782404
[1,0]<stdout>:[Test] number: 7107 threshold: 0.11 score: 0.5148570970061126
[1,0]<stdout>:[Test] number: 7107 threshold: 0.12 score: 0.5119058116419561
[1,0]<stdout>:[Test] number: 7107 threshold: 0.13 score: 0.5079591195578123
[1,0]<stdout>:[Test] number: 7107 threshold: 0.14 score: 0.5038544830611028
[1,0]<stdout>:[Test] number: 7107 threshold: 0.15 score: 0.49866089239182804
[1,0]<stdout>:Epoch[5] LR: [0.00011999999696854502, 0.00011999999696854502] Time:1413.300082 TrainLoss 4.704449 ValLoss 4.683752  Train_th 0.000000 Val_th 0.087500  Train_Score 0.000000 Val_Score 0.520015
[1,0]<stdout>:--------current best-------:0.520015
[1,3]<stdout>:Epoch: [6][0/593]	Rate:[0.00011999999696854502, 0.00011999999696854502]	Loss 3.61155 (3.61155)	
[1,0]<stdout>:Epoch: [6][0/593]	Rate:[0.00011999999696854502, 0.00011999999696854502]	Loss 4.38345 (4.38345)	
[1,2]<stdout>:Epoch: [6][0/593]	Rate:[0.00011999999696854502, 0.00011999999696854502]	Loss 4.64520 (4.64520)	
[1,1]<stdout>:Epoch: [6][0/593]	Rate:[0.00011999999696854502, 0.00011999999696854502]	Loss 3.99089 (3.99089)	
[1,3]<stdout>:Epoch: [6][100/593]	Rate:[0.00011999999696854502, 0.00011999999696854502]	Loss 4.44661 (4.51375)	
[1,0]<stdout>:Epoch: [6][100/593]	Rate:[0.00011999999696854502, 0.00011999999696854502]	Loss 3.83513 (4.45128)	
[1,1]<stdout>:Epoch: [6][100/593]	Rate:[0.00011999999696854502, 0.00011999999696854502]	Loss 3.51908 (4.31623)	
[1,2]<stdout>:Epoch: [6][100/593]	Rate:[0.00011999999696854502, 0.00011999999696854502]	Loss 4.67843 (4.32282)	
[1,1]<stdout>:Epoch: [6][200/593]	Rate:[0.00011999999696854502, 0.00011999999696854502]	Loss 2.12321 (4.29383)	
[1,3]<stdout>:Epoch: [6][200/593]	Rate:[0.00011999999696854502, 0.00011999999696854502]	Loss 3.53215 (4.47193)	
[1,0]<stdout>:Epoch: [6][200/593]	Rate:[0.00011999999696854502, 0.00011999999696854502]	Loss 3.88260 (4.39825)	
[1,2]<stdout>:Epoch: [6][200/593]	Rate:[0.00011999999696854502, 0.00011999999696854502]	Loss 4.39594 (4.36122)	
[1,3]<stdout>:Epoch: [6][300/593]	Rate:[0.00011999999696854502, 0.00011999999696854502]	Loss 7.11230 (4.41623)	
[1,0]<stdout>:Epoch: [6][300/593]	Rate:[0.00011999999696854502, 0.00011999999696854502]	Loss 3.25374 (4.37434)	
[1,1]<stdout>:Epoch: [6][300/593]	Rate:[0.00011999999696854502, 0.00011999999696854502]	Loss 3.84863 (4.27500)	
[1,2]<stdout>:Epoch: [6][300/593]	Rate:[0.00011999999696854502, 0.00011999999696854502]	Loss 3.74070 (4.36915)	
[1,1]<stdout>:Epoch: [6][400/593]	Rate:[0.00011999999696854502, 0.00011999999696854502]	Loss 5.88017 (4.31816)	
[1,0]<stdout>:Epoch: [6][400/593]	Rate:[0.00011999999696854502, 0.00011999999696854502]	Loss 5.06508 (4.34570)	
[1,3]<stdout>:Epoch: [6][400/593]	Rate:[0.00011999999696854502, 0.00011999999696854502]	Loss 5.56365 (4.39522)	
[1,2]<stdout>:Epoch: [6][400/593]	Rate:[0.00011999999696854502, 0.00011999999696854502]	Loss 5.31746 (4.37053)	
[1,1]<stdout>:Epoch: [6][500/593]	Rate:[0.00011999999696854502, 0.00011999999696854502]	Loss 4.07882 (4.29146)	
[1,3]<stdout>:Epoch: [6][500/593]	Rate:[0.00011999999696854502, 0.00011999999696854502]	Loss 3.59499 (4.39444)	
[1,0]<stdout>:Epoch: [6][500/593]	Rate:[0.00011999999696854502, 0.00011999999696854502]	Loss 4.80231 (4.30925)	
[1,2]<stdout>:Epoch: [6][500/593]	Rate:[0.00011999999696854502, 0.00011999999696854502]	Loss 4.01896 (4.38419)	
[1,3]<stdout>:Epoch: [6][592/593]	Rate:[0.00011999999696854502, 0.00011999999696854502]	Loss 3.03157 (4.37379)	
[1,0]<stdout>:Epoch: [6][592/593]	Rate:[0.00011999999696854502, 0.00011999999696854502]	Loss 5.65016 (4.29800)	
[1,1]<stdout>:Epoch: [6][592/593]	Rate:[0.00011999999696854502, 0.00011999999696854502]	Loss 5.25126 (4.31688)	
[1,2]<stdout>:Epoch: [6][592/593]	Rate:[0.00011999999696854502, 0.00011999999696854502]	Loss 5.24658 (4.36419)	
[1,0]<stdout>:[TEST]: 0/149	Loss 4.04352 (4.04352)
[1,2]<stdout>:[TEST]: 0/149	Loss 5.64457 (5.64457)
[1,3]<stdout>:[TEST]: 0/149	Loss 4.62831 (4.62831)
[1,1]<stdout>:[TEST]: 0/149	Loss 3.76101 (3.76101)
[1,0]<stdout>:[TEST]: 100/149	Loss 4.92818 (4.51973)
[1,2]<stdout>:[TEST]: 100/149	Loss 4.17431 (4.49607)
[1,3]<stdout>:[TEST]: 100/149	Loss 4.34245 (4.39688)
[1,1]<stdout>:[TEST]: 100/149	Loss 3.60903 (4.38623)
[1,0]<stdout>:[TEST]: 148/149	Loss 1.99281 (4.47609)
[1,2]<stdout>:[TEST]: 148/149	Loss 5.33805 (4.48349)
[1,3]<stdout>:[TEST]: 148/149	Loss 1.66785 (4.31749)
[1,1]<stdout>:[TEST]: 148/149	Loss 10.10680 (4.35970)
[1,0]<stdout>:[Test] number: 7107 threshold: 0.05 score: 0.5264388839410957
[1,0]<stdout>:[Test] number: 7107 threshold: 0.06 score: 0.5292187027167359
[1,0]<stdout>:[Test] number: 7107 threshold: 0.07 score: 0.5322725253330626
[1,0]<stdout>:[Test] number: 7107 threshold: 0.08 score: 0.5342134493944867
[1,0]<stdout>:[Test] number: 7107 threshold: 0.09 score: 0.5345946529692612
[1,0]<stdout>:[Test] number: 7107 threshold: 0.1 score: 0.5340869314304533
[1,0]<stdout>:[Test] number: 7107 threshold: 0.11 score: 0.5325142042697741
[1,0]<stdout>:[Test] number: 7107 threshold: 0.12 score: 0.5312499704266652
[1,0]<stdout>:[Test] number: 7107 threshold: 0.13 score: 0.5279829725765424
[1,0]<stdout>:[Test] number: 7107 threshold: 0.14 score: 0.5251096632799458
[1,0]<stdout>:[Test] number: 7107 threshold: 0.15 score: 0.5212526444204368
[1,0]<stdout>:Epoch[6] LR: [0.00011999999696854502, 0.00011999999696854502] Time:1415.959126 TrainLoss 4.298003 ValLoss 4.476093  Train_th 0.000000 Val_th 0.097500  Train_Score 0.000000 Val_Score 0.536924
[1,0]<stdout>:--------current best-------:0.536924
[1,3]<stdout>:Epoch: [7][0/593]	Rate:[0.00011999999696854502, 0.00011999999696854502]	Loss 3.04011 (3.04011)	
[1,0]<stdout>:Epoch: [7][0/593]	Rate:[0.00011999999696854502, 0.00011999999696854502]	Loss 4.09406 (4.09406)	
[1,1]<stdout>:Epoch: [7][0/593]	Rate:[0.00011999999696854502, 0.00011999999696854502]	Loss 4.88388 (4.88388)	
[1,2]<stdout>:Epoch: [7][0/593]	Rate:[0.00011999999696854502, 0.00011999999696854502]	Loss 5.17942 (5.17942)	
[1,1]<stdout>:Epoch: [7][100/593]	Rate:[0.00011999999696854502, 0.00011999999696854502]	Loss 2.98807 (3.94380)	
[1,0]<stdout>:Epoch: [7][100/593]	Rate:[0.00011999999696854502, 0.00011999999696854502]	Loss 5.27646 (3.99019)	
[1,3]<stdout>:Epoch: [7][100/593]	Rate:[0.00011999999696854502, 0.00011999999696854502]	Loss 3.34713 (3.98885)	
[1,2]<stdout>:Epoch: [7][100/593]	Rate:[0.00011999999696854502, 0.00011999999696854502]	Loss 3.95476 (4.14117)	
[1,0]<stdout>:Epoch: [7][200/593]	Rate:[0.00011999999696854502, 0.00011999999696854502]	Loss 3.93521 (3.97810)	
[1,1]<stdout>:Epoch: [7][200/593]	Rate:[0.00011999999696854502, 0.00011999999696854502]	Loss 2.67704 (3.92070)	
[1,3]<stdout>:Epoch: [7][200/593]	Rate:[0.00011999999696854502, 0.00011999999696854502]	Loss 3.00316 (3.92668)	
[1,2]<stdout>:Epoch: [7][200/593]	Rate:[0.00011999999696854502, 0.00011999999696854502]	Loss 3.69278 (4.11078)	
[1,0]<stdout>:Epoch: [7][300/593]	Rate:[0.00011999999696854502, 0.00011999999696854502]	Loss 2.80146 (3.94263)	
[1,1]<stdout>:Epoch: [7][300/593]	Rate:[0.00011999999696854502, 0.00011999999696854502]	Loss 4.49935 (3.97868)	
[1,3]<stdout>:Epoch: [7][300/593]	Rate:[0.00011999999696854502, 0.00011999999696854502]	Loss 4.19459 (3.93589)	
[1,2]<stdout>:Epoch: [7][300/593]	Rate:[0.00011999999696854502, 0.00011999999696854502]	Loss 4.54896 (4.09963)	
[1,0]<stdout>:Epoch: [7][400/593]	Rate:[0.00011999999696854502, 0.00011999999696854502]	Loss 2.76266 (3.98070)	
[1,1]<stdout>:Epoch: [7][400/593]	Rate:[0.00011999999696854502, 0.00011999999696854502]	Loss 5.27410 (3.99972)	
[1,3]<stdout>:Epoch: [7][400/593]	Rate:[0.00011999999696854502, 0.00011999999696854502]	Loss 4.83079 (3.93435)	
[1,2]<stdout>:Epoch: [7][400/593]	Rate:[0.00011999999696854502, 0.00011999999696854502]	Loss 3.08525 (4.06165)	
[1,0]<stdout>:Epoch: [7][500/593]	Rate:[0.00011999999696854502, 0.00011999999696854502]	Loss 4.97972 (4.00353)	
[1,1]<stdout>:Epoch: [7][500/593]	Rate:[0.00011999999696854502, 0.00011999999696854502]	Loss 3.43070 (3.99727)	
[1,3]<stdout>:Epoch: [7][500/593]	Rate:[0.00011999999696854502, 0.00011999999696854502]	Loss 5.86459 (3.95556)	
[1,2]<stdout>:Epoch: [7][500/593]	Rate:[0.00011999999696854502, 0.00011999999696854502]	Loss 3.44924 (4.08117)	
[1,1]<stdout>:Epoch: [7][592/593]	Rate:[0.00011999999696854502, 0.00011999999696854502]	Loss 4.27535 (3.98131)	
[1,3]<stdout>:Epoch: [7][592/593]	Rate:[0.00011999999696854502, 0.00011999999696854502]	Loss 3.94339 (4.00178)	
[1,2]<stdout>:Epoch: [7][592/593]	Rate:[0.00011999999696854502, 0.00011999999696854502]	Loss 11.44379 (4.08279)	
[1,0]<stdout>:Epoch: [7][592/593]	Rate:[0.00011999999696854502, 0.00011999999696854502]	Loss 1.94923 (4.00502)	
[1,0]<stdout>:[TEST]: 0/149	Loss 4.22565 (4.22565)
[1,3]<stdout>:[TEST]: 0/149	Loss 4.30969 (4.30969)
[1,2]<stdout>:[TEST]: 0/149	Loss 5.21947 (5.21947)
[1,1]<stdout>:[TEST]: 0/149	Loss 3.54138 (3.54138)
[1,0]<stdout>:[TEST]: 100/149	Loss 4.52172 (4.37383)
[1,3]<stdout>:[TEST]: 100/149	Loss 4.36111 (4.27206)
[1,1]<stdout>:[TEST]: 100/149	Loss 3.42882 (4.28549)
[1,2]<stdout>:[TEST]: 100/149	Loss 4.21596 (4.42217)
[1,0]<stdout>:[TEST]: 148/149	Loss 1.49569 (4.33583)
[1,1]<stdout>:[TEST]: 148/149	Loss 11.69857 (4.25429)
[1,3]<stdout>:[TEST]: 148/149	Loss 1.57583 (4.19473)
[1,2]<stdout>:[TEST]: 148/149	Loss 6.24826 (4.38750)
[1,0]<stdout>:[Test] number: 7107 threshold: 0.05 score: 0.5403836863095995
[1,0]<stdout>:[Test] number: 7107 threshold: 0.06 score: 0.5426324838397812
[1,0]<stdout>:[Test] number: 7107 threshold: 0.07 score: 0.5446714307287958
[1,0]<stdout>:[Test] number: 7107 threshold: 0.08 score: 0.5459837028350725
[1,0]<stdout>:[Test] number: 7107 threshold: 0.09 score: 0.5463185775864405
[1,0]<stdout>:[Test] number: 7107 threshold: 0.1 score: 0.545753590094285
[1,0]<stdout>:[Test] number: 7107 threshold: 0.11 score: 0.5444593462583565
[1,0]<stdout>:[Test] number: 7107 threshold: 0.12 score: 0.5423042155139439
[1,0]<stdout>:[Test] number: 7107 threshold: 0.13 score: 0.5399383040907936
[1,0]<stdout>:[Test] number: 7107 threshold: 0.14 score: 0.5371862354659411
[1,0]<stdout>:[Test] number: 7107 threshold: 0.15 score: 0.5333994064101633
[1,0]<stdout>:Epoch[7] LR: [0.00011999999696854502, 0.00011999999696854502] Time:1413.151622 TrainLoss 4.005018 ValLoss 4.335830  Train_th 0.000000 Val_th 0.090000  Train_Score 0.000000 Val_Score 0.549296
[1,0]<stdout>:--------current best-------:0.549296
[1,1]<stdout>:Epoch: [8][0/593]	Rate:[0.00011999999696854502, 0.00011999999696854502]	Loss 3.42477 (3.42477)	
[1,3]<stdout>:Epoch: [8][0/593]	Rate:[0.00011999999696854502, 0.00011999999696854502]	Loss 4.00647 (4.00647)	
[1,0]<stdout>:Epoch: [8][0/593]	Rate:[0.00011999999696854502, 0.00011999999696854502]	Loss 3.96226 (3.96226)	
[1,2]<stdout>:Epoch: [8][0/593]	Rate:[0.00011999999696854502, 0.00011999999696854502]	Loss 4.03555 (4.03555)	
[1,0]<stdout>:Epoch: [8][100/593]	Rate:[0.00011999999696854502, 0.00011999999696854502]	Loss 3.74552 (3.59746)	
[1,3]<stdout>:Epoch: [8][100/593]	Rate:[0.00011999999696854502, 0.00011999999696854502]	Loss 4.20686 (3.59342)	
[1,1]<stdout>:Epoch: [8][100/593]	Rate:[0.00011999999696854502, 0.00011999999696854502]	Loss 3.94554 (3.71017)	
[1,2]<stdout>:Epoch: [8][100/593]	Rate:[0.00011999999696854502, 0.00011999999696854502]	Loss 4.88429 (3.69123)	
[1,3]<stdout>:Epoch: [8][200/593]	Rate:[0.00011999999696854502, 0.00011999999696854502]	Loss 4.46442 (3.67998)	
[1,0]<stdout>:Epoch: [8][200/593]	Rate:[0.00011999999696854502, 0.00011999999696854502]	Loss 3.66047 (3.69899)	
[1,1]<stdout>:Epoch: [8][200/593]	Rate:[0.00011999999696854502, 0.00011999999696854502]	Loss 3.61129 (3.64354)	
[1,2]<stdout>:Epoch: [8][200/593]	Rate:[0.00011999999696854502, 0.00011999999696854502]	Loss 5.68573 (3.69657)	
[1,0]<stdout>:Epoch: [8][300/593]	Rate:[0.00011999999696854502, 0.00011999999696854502]	Loss 3.62912 (3.69265)	
[1,1]<stdout>:Epoch: [8][300/593]	Rate:[0.00011999999696854502, 0.00011999999696854502]	Loss 3.17258 (3.68360)	
[1,2]<stdout>:Epoch: [8][300/593]	Rate:[0.00011999999696854502, 0.00011999999696854502]	Loss 3.14119 (3.65504)	
[1,3]<stdout>:Epoch: [8][300/593]	Rate:[0.00011999999696854502, 0.00011999999696854502]	Loss 2.46586 (3.67677)	
[1,3]<stdout>:Epoch: [8][400/593]	Rate:[0.00011999999696854502, 0.00011999999696854502]	Loss 3.30295 (3.68450)	
[1,1]<stdout>:Epoch: [8][400/593]	Rate:[0.00011999999696854502, 0.00011999999696854502]	Loss 3.60923 (3.70810)	
[1,0]<stdout>:Epoch: [8][400/593]	Rate:[0.00011999999696854502, 0.00011999999696854502]	Loss 2.79278 (3.71286)	
[1,2]<stdout>:Epoch: [8][400/593]	Rate:[0.00011999999696854502, 0.00011999999696854502]	Loss 2.97166 (3.69912)	
[1,1]<stdout>:Epoch: [8][500/593]	Rate:[0.00011999999696854502, 0.00011999999696854502]	Loss 2.92162 (3.69524)	
[1,0]<stdout>:Epoch: [8][500/593]	Rate:[0.00011999999696854502, 0.00011999999696854502]	Loss 2.86417 (3.71869)	
[1,3]<stdout>:Epoch: [8][500/593]	Rate:[0.00011999999696854502, 0.00011999999696854502]	Loss 4.28776 (3.71255)	
[1,2]<stdout>:Epoch: [8][500/593]	Rate:[0.00011999999696854502, 0.00011999999696854502]	Loss 2.41922 (3.70515)	
[1,3]<stdout>:Epoch: [8][592/593]	Rate:[0.00011999999696854502, 0.00011999999696854502]	Loss 3.85453 (3.71752)	
[1,1]<stdout>:Epoch: [8][592/593]	Rate:[0.00011999999696854502, 0.00011999999696854502]	Loss 1.59688 (3.70652)	
[1,0]<stdout>:Epoch: [8][592/593]	Rate:[0.00011999999696854502, 0.00011999999696854502]	Loss 0.62083 (3.73494)	
[1,2]<stdout>:Epoch: [8][592/593]	Rate:[0.00011999999696854502, 0.00011999999696854502]	Loss 1.47312 (3.69693)	
[1,1]<stdout>:[TEST]: 0/149	Loss 3.79907 (3.79907)
[1,0]<stdout>:[TEST]: 0/149	Loss 4.00330 (4.00330)
[1,3]<stdout>:[TEST]: 0/149	Loss 4.05540 (4.05540)
[1,2]<stdout>:[TEST]: 0/149	Loss 5.18464 (5.18464)
[1,1]<stdout>:[TEST]: 100/149	Loss 3.37142 (4.24575)
[1,0]<stdout>:[TEST]: 100/149	Loss 4.21882 (4.33814)
[1,3]<stdout>:[TEST]: 100/149	Loss 3.53141 (4.23559)
[1,2]<stdout>:[TEST]: 100/149	Loss 3.90048 (4.34737)
[1,1]<stdout>:[TEST]: 148/149	Loss 8.90622 (4.18751)
[1,0]<stdout>:[TEST]: 148/149	Loss 1.47378 (4.28653)
[1,3]<stdout>:[TEST]: 148/149	Loss 1.71658 (4.14648)
[1,2]<stdout>:[TEST]: 148/149	Loss 5.44801 (4.31217)
[1,0]<stdout>:[Test] number: 7107 threshold: 0.05 score: 0.5463926450235966
[1,0]<stdout>:[Test] number: 7107 threshold: 0.06 score: 0.5491591059233032
[1,0]<stdout>:[Test] number: 7107 threshold: 0.07 score: 0.5520385551609924
[1,0]<stdout>:[Test] number: 7107 threshold: 0.08 score: 0.5537597286344803
[1,0]<stdout>:[Test] number: 7107 threshold: 0.09 score: 0.5549866269251719
[1,0]<stdout>:[Test] number: 7107 threshold: 0.1 score: 0.5559490465432116
[1,0]<stdout>:[Test] number: 7107 threshold: 0.11 score: 0.5558454081832678
[1,0]<stdout>:[Test] number: 7107 threshold: 0.12 score: 0.5549272624894812
[1,0]<stdout>:[Test] number: 7107 threshold: 0.13 score: 0.5525283913239633
[1,0]<stdout>:[Test] number: 7107 threshold: 0.14 score: 0.5502873269007238
[1,0]<stdout>:[Test] number: 7107 threshold: 0.15 score: 0.5470845227648872
[1,0]<stdout>:Epoch[8] LR: [0.00011999999696854502, 0.00011999999696854502] Time:1411.628965 TrainLoss 3.734937 ValLoss 4.286528  Train_th 0.000000 Val_th 0.100000  Train_Score 0.000000 Val_Score 0.558641
[1,0]<stdout>:--------current best-------:0.558641
[1,3]<stdout>:Epoch: [9][0/593]	Rate:[0.00011999999696854502, 0.00011999999696854502]	Loss 3.54820 (3.54820)	
[1,0]<stdout>:Epoch: [9][0/593]	Rate:[0.00011999999696854502, 0.00011999999696854502]	Loss 3.67041 (3.67041)	
[1,1]<stdout>:Epoch: [9][0/593]	Rate:[0.00011999999696854502, 0.00011999999696854502]	Loss 2.56406 (2.56406)	
[1,2]<stdout>:Epoch: [9][0/593]	Rate:[0.00011999999696854502, 0.00011999999696854502]	Loss 2.68016 (2.68016)	
[1,0]<stdout>:Epoch: [9][100/593]	Rate:[0.00011999999696854502, 0.00011999999696854502]	Loss 5.26903 (3.28496)	
[1,1]<stdout>:Epoch: [9][100/593]	Rate:[0.00011999999696854502, 0.00011999999696854502]	Loss 3.32755 (3.31126)	
[1,3]<stdout>:Epoch: [9][100/593]	Rate:[0.00011999999696854502, 0.00011999999696854502]	Loss 5.35671 (3.36282)	
[1,2]<stdout>:Epoch: [9][100/593]	Rate:[0.00011999999696854502, 0.00011999999696854502]	Loss 4.83633 (3.28645)	
[1,3]<stdout>:Epoch: [9][200/593]	Rate:[0.00011999999696854502, 0.00011999999696854502]	Loss 2.48129 (3.34522)	
[1,1]<stdout>:Epoch: [9][200/593]	Rate:[0.00011999999696854502, 0.00011999999696854502]	Loss 2.21696 (3.31044)	
[1,0]<stdout>:Epoch: [9][200/593]	Rate:[0.00011999999696854502, 0.00011999999696854502]	Loss 4.04458 (3.30799)	
[1,2]<stdout>:Epoch: [9][200/593]	Rate:[0.00011999999696854502, 0.00011999999696854502]	Loss 3.85895 (3.37562)	
[1,3]<stdout>:Epoch: [9][300/593]	Rate:[0.00011999999696854502, 0.00011999999696854502]	Loss 2.54013 (3.38216)	
[1,0]<stdout>:Epoch: [9][300/593]	Rate:[0.00011999999696854502, 0.00011999999696854502]	Loss 2.76611 (3.33659)	
[1,1]<stdout>:Epoch: [9][300/593]	Rate:[0.00011999999696854502, 0.00011999999696854502]	Loss 3.55930 (3.35826)	
[1,2]<stdout>:Epoch: [9][300/593]	Rate:[0.00011999999696854502, 0.00011999999696854502]	Loss 2.38544 (3.43103)	
[1,3]<stdout>:Epoch: [9][400/593]	Rate:[0.00011999999696854502, 0.00011999999696854502]	Loss 3.40636 (3.39609)	
[1,0]<stdout>:Epoch: [9][400/593]	Rate:[0.00011999999696854502, 0.00011999999696854502]	Loss 5.09329 (3.36183)	
[1,1]<stdout>:Epoch: [9][400/593]	Rate:[0.00011999999696854502, 0.00011999999696854502]	Loss 2.62648 (3.39047)	
[1,2]<stdout>:Epoch: [9][400/593]	Rate:[0.00011999999696854502, 0.00011999999696854502]	Loss 3.91909 (3.44210)	
[1,1]<stdout>:Epoch: [9][500/593]	Rate:[0.00011999999696854502, 0.00011999999696854502]	Loss 3.39586 (3.43023)	
[1,0]<stdout>:Epoch: [9][500/593]	Rate:[0.00011999999696854502, 0.00011999999696854502]	Loss 1.81173 (3.39278)	
[1,3]<stdout>:Epoch: [9][500/593]	Rate:[0.00011999999696854502, 0.00011999999696854502]	Loss 3.25409 (3.42545)	
[1,2]<stdout>:Epoch: [9][500/593]	Rate:[0.00011999999696854502, 0.00011999999696854502]	Loss 2.84164 (3.46409)	
[1,3]<stdout>:Epoch: [9][592/593]	Rate:[0.00011999999696854502, 0.00011999999696854502]	Loss 1.34182 (3.43820)	
[1,1]<stdout>:Epoch: [9][592/593]	Rate:[0.00011999999696854502, 0.00011999999696854502]	Loss 3.58805 (3.44586)	
[1,0]<stdout>:Epoch: [9][592/593]	Rate:[0.00011999999696854502, 0.00011999999696854502]	Loss 11.95293 (3.41634)	
[1,2]<stdout>:Epoch: [9][592/593]	Rate:[0.00011999999696854502, 0.00011999999696854502]	Loss 1.70015 (3.48871)	
[1,3]<stdout>:[TEST]: 0/149	Loss 4.29133 (4.29133)
[1,0]<stdout>:[TEST]: 0/149	Loss 3.66802 (3.66802)
[1,2]<stdout>:[TEST]: 0/149	Loss 5.49733 (5.49733)
[1,1]<stdout>:[TEST]: 0/149	Loss 3.62757 (3.62757)
[1,3]<stdout>:[TEST]: 100/149	Loss 3.47076 (4.22309)
[1,0]<stdout>:[TEST]: 100/149	Loss 4.64415 (4.29848)
[1,1]<stdout>:[TEST]: 100/149	Loss 3.12121 (4.15297)
[1,2]<stdout>:[TEST]: 100/149	Loss 3.69984 (4.32117)
[1,3]<stdout>:[TEST]: 148/149	Loss 1.12618 (4.10414)
[1,0]<stdout>:[TEST]: 148/149	Loss 1.20452 (4.24019)
[1,1]<stdout>:[TEST]: 148/149	Loss 6.72136 (4.10222)
[1,2]<stdout>:[TEST]: 148/149	Loss 4.61230 (4.27212)
[1,0]<stdout>:[Test] number: 7107 threshold: 0.05 score: 0.5526512455763838
[1,0]<stdout>:[Test] number: 7107 threshold: 0.06 score: 0.5562080675676724
[1,0]<stdout>:[Test] number: 7107 threshold: 0.07 score: 0.5586122438007489
[1,0]<stdout>:[Test] number: 7107 threshold: 0.08 score: 0.5606749661458379
[1,0]<stdout>:[Test] number: 7107 threshold: 0.09 score: 0.5615360593896388
[1,0]<stdout>:[Test] number: 7107 threshold: 0.1 score: 0.5614847970922099
[1,0]<stdout>:[Test] number: 7107 threshold: 0.11 score: 0.5606126828291343
[1,0]<stdout>:[Test] number: 7107 threshold: 0.12 score: 0.5595003910586043
[1,0]<stdout>:[Test] number: 7107 threshold: 0.13 score: 0.5567633572060571
[1,0]<stdout>:[Test] number: 7107 threshold: 0.14 score: 0.5548082038028213
[1,0]<stdout>:[Test] number: 7107 threshold: 0.15 score: 0.5513688881135715
[1,0]<stdout>:Epoch[9] LR: [0.00011999999696854502, 0.00011999999696854502] Time:1412.734487 TrainLoss 3.416344 ValLoss 4.240193  Train_th 0.000000 Val_th 0.102500  Train_Score 0.000000 Val_Score 0.564492
